Running kernel-trace-stats: rocprofv3 --kernel-trace --stats -d my_code/.get_isa_runner_att_gemm1opt_e96_t16384_quadrant.d01-3.att_4486/kernel_trace -- env -u FLYDSL_DUMP_DIR PYTORCH_ALLOC_CONF=expandable_segments:True GPU_ARCHS=gfx1250 ENABLE_CK=0 AITER_FORCE_GFX1250=1 FLYDSL_DUMP_IR=0 python3 -u op_tests/test_flydsl_grouped_gemm_gfx1250.py --scenario bench --data-format a4w4 --experts 96 --tokens 16384 --topk 6 --iters 4 --warmup 1 --model-dim 7168 --inter-dim 3072 --act silu --no-bias --no-check-aot-cache --const-init 0
W20260907 11:00:46.347018 132415894167104 simple_timer.cpp:55] [rocprofv3] tool initialization ::     0.000525 sec
W20260907 11:00:46.347080 132415894167104 simple_timer.cpp:55] [rocprofv3] 'env -u FLYDSL_DUMP_DIR PYTORCH_ALLOC_CONF=expandable_segments:True GPU_ARCHS=gfx1250 ENABLE_CK=0 AITER_FORCE_GFX1250=1 FLYDSL_DUMP_IR=0 python3 -u op_tests/test_flydsl_grouped_gemm_gfx1250.py --scenario bench --data-format a4w4 --experts 96 --tokens 16384 --topk 6 --iters 4 --warmup 1 --model-dim 7168 --inter-dim 3072 --act silu --no-bias --no-check-aot-cache --const-init 0' ::     0.000000 sec
W20260907 11:00:46.376775 130942386052672 simple_timer.cpp:55] [rocprofv3] tool initialization ::     0.000664 sec
W20260907 11:00:46.376835 130942386052672 simple_timer.cpp:55] [rocprofv3] 'python3 -u op_tests/test_flydsl_grouped_gemm_gfx1250.py --scenario bench --data-format a4w4 --experts 96 --tokens 16384 --topk 6 --iters 4 --warmup 1 --model-dim 7168 --inter-dim 3072 --act silu --no-bias --no-check-aot-cache --const-init 0' ::     0.000000 sec
W20260907 11:00:46.486679 129187412799040 simple_timer.cpp:55] [rocprofv3] tool initialization ::     0.000599 sec
W20260907 11:00:46.486727 129187412799040 simple_timer.cpp:55] [rocprofv3] '/opt/venv/bin/python /opt/venv/bin/offload-arch' ::     0.000000 sec
W20260907 11:00:46.536426 139915798089344 simple_timer.cpp:55] [rocprofv3] tool initialization ::     0.000390 sec
W20260907 11:00:46.536480 139915798089344 simple_timer.cpp:55] [rocprofv3] '/opt/venv/lib/python3.12/site-packages/_rocm_sdk_core/lib/llvm/bin/offload-arch' ::     0.000000 sec
W20260907 11:00:46.536686 139915798089344 simple_timer.cpp:55] [rocprofv3] '/opt/venv/lib/python3.12/site-packages/_rocm_sdk_core/lib/llvm/bin/offload-arch' ::     0.000206 sec
W20260907 11:00:46.537116 139915798089344 simple_timer.cpp:55] [rocprofv3] output generation ::     0.000337 sec
W20260907 11:00:46.537199 139915798089344 simple_timer.cpp:55] [rocprofv3] tool finalization ::     0.000484 sec
W20260907 11:00:47.845494 128282856050240 simple_timer.cpp:55] [rocprofv3] tool initialization ::     0.000628 sec
W20260907 11:00:47.845558 128282856050240 simple_timer.cpp:55] [rocprofv3] '/opt/venv/bin/python /opt/venv/bin/hipconfig --version' ::     0.000000 sec
W20260907 11:00:47.886970 140158127201856 simple_timer.cpp:55] [rocprofv3] tool initialization ::     0.000511 sec
W20260907 11:00:47.887025 140158127201856 simple_timer.cpp:55] [rocprofv3] '/opt/venv/lib/python3.12/site-packages/_rocm_sdk_core/bin/hipconfig --version' ::     0.000000 sec
W20260907 11:00:47.887083 140158127201856 simple_timer.cpp:55] [rocprofv3] '/opt/venv/lib/python3.12/site-packages/_rocm_sdk_core/bin/hipconfig --version' ::     0.000058 sec
W20260907 11:00:47.887525 140158127201856 simple_timer.cpp:55] [rocprofv3] output generation ::     0.000334 sec
W20260907 11:00:47.887612 140158127201856 simple_timer.cpp:55] [rocprofv3] tool finalization ::     0.000496 sec
W20260907 11:00:47.923829 127849256930880 simple_timer.cpp:55] [rocprofv3] tool initialization ::     0.000608 sec
W20260907 11:00:47.923905 127849256930880 simple_timer.cpp:55] [rocprofv3] '/bin/sh -c cat /proc/sys/kernel/numa_balancing' ::     0.000000 sec
W20260907 11:00:47.949389 136260500426304 simple_timer.cpp:55] [rocprofv3] tool initialization ::     0.000574 sec
W20260907 11:00:47.949438 136260500426304 simple_timer.cpp:55] [rocprofv3] 'cat /proc/sys/kernel/numa_balancing' ::     0.000000 sec
W20260907 11:00:47.949567 136260500426304 simple_timer.cpp:55] [rocprofv3] 'cat /proc/sys/kernel/numa_balancing' ::     0.000129 sec
W20260907 11:00:47.950113 136260500426304 simple_timer.cpp:55] [rocprofv3] output generation ::     0.000427 sec
W20260907 11:00:47.950174 136260500426304 simple_timer.cpp:55] [rocprofv3] tool finalization ::     0.000585 sec
[aiter WARNING] 2026-09-07 11:00:47.952 - MainProcess:4513 - /data/yanguahe/code/wk_sp1/aiter/aiter/jit/core.py:615 - check_numa_custom_op
WARNING: NUMA balancing is enabled, which may cause errors. It is recommended to disable NUMA balancing by running "sudo sh -c 'echo 0 > /proc/sys/kernel/numa_balancing'" for more details: https://rocm.docs.amd.com/en/latest/how-to/system-optimization/mi300x.html#disable-numa-auto-balancing
[aiter INFO] 2026-09-07 11:00:48.065 - MainProcess:4513 - /data/yanguahe/code/wk_sp1/aiter/aiter/jit/core.py:637 - get_module_custom_op
import [module_aiter_core] under /data/yanguahe/code/wk_sp1/aiter/aiter/jit/module_aiter_core.so
W20260907 11:00:48.239371 130942386052672 tool.cpp:2476] HSA version 1.18.0 initialized (instance=0)
W20260907 11:00:48.288636 123549366218304 simple_timer.cpp:55] [rocprofv3] tool initialization ::     0.000616 sec
W20260907 11:00:48.288690 123549366218304 simple_timer.cpp:55] [rocprofv3] '/bin/sh /sbin/ldconfig -p' ::     0.000000 sec
[aiter INFO] 2026-09-07 11:00:50.848 - MainProcess:4513 - /data/yanguahe/code/wk_sp1/aiter/op_tests/test_flydsl_grouped_gemm_gfx1250.py:1699 - set_data_format
grouped GEMM data format: a4w4
/opt/venv/lib/python3.12/site-packages/torch/utils/_device.py:109: UserWarning: expandable_segments not supported on this platform (Triggered internally at /__w/rocm-npi-dev/rocm-npi-dev/_therock/external-builds/pytorch/pytorch/c10/hip/HIPAllocatorConfig.h:40.)
  return func(*args, **kwargs)
[aiter INFO] 2026-09-07 11:00:50.992 - MainProcess:4513 - /data/yanguahe/code/wk_sp1/aiter/aiter/jit/core.py:637 - get_module_custom_op
import [module_moe_asm] under /data/yanguahe/code/wk_sp1/aiter/aiter/jit/module_moe_asm.so
[aiter INFO] 2026-09-07 11:01:04.152 - MainProcess:4513 - /data/yanguahe/code/wk_sp1/aiter/aiter/test_common.py:93 - wrapper
avg: 2184.595227241516 us/iter from cuda.Event
/opt/venv/lib/python3.12/site-packages/torch/profiler/profiler.py:217: UserWarning: Warning: Profiler clears events at the end of each cycle.Only events from the current cycle will be reported.To keep events across cycles, set acc_events=True.
  _warn_once(
[W907 11:01:04.196523477 collection.cpp:1148] Warning: ROCTracer produced duplicate flow start: 1 (function operator())
[aiter INFO] 2026-09-07 11:01:04.175 - MainProcess:4513 - /data/yanguahe/code/wk_sp1/aiter/aiter/test_common.py:335 - post_process_data
abnormal data indices: {100, 38, 11, 139, 14, 48, 147, 88}
[aiter INFO] 2026-09-07 11:01:04.175 - MainProcess:4513 - /data/yanguahe/code/wk_sp1/aiter/aiter/test_common.py:337 - post_process_data
abnormal data: 3.203999999999951
[aiter INFO] 2026-09-07 11:01:04.175 - MainProcess:4513 - /data/yanguahe/code/wk_sp1/aiter/aiter/test_common.py:337 - post_process_data
abnormal data: 1.8819999999999482
[aiter INFO] 2026-09-07 11:01:04.175 - MainProcess:4513 - /data/yanguahe/code/wk_sp1/aiter/aiter/test_common.py:337 - post_process_data
abnormal data: 1.440999999999974
[aiter INFO] 2026-09-07 11:01:04.175 - MainProcess:4513 - /data/yanguahe/code/wk_sp1/aiter/aiter/test_common.py:337 - post_process_data
abnormal data: 3.0830000000000837
[aiter INFO] 2026-09-07 11:01:04.175 - MainProcess:4513 - /data/yanguahe/code/wk_sp1/aiter/aiter/test_common.py:337 - post_process_data
abnormal data: 1.0009999999999764
[aiter INFO] 2026-09-07 11:01:04.175 - MainProcess:4513 - /data/yanguahe/code/wk_sp1/aiter/aiter/test_common.py:337 - post_process_data
abnormal data: 1.802000000000021
[aiter INFO] 2026-09-07 11:01:04.175 - MainProcess:4513 - /data/yanguahe/code/wk_sp1/aiter/aiter/test_common.py:337 - post_process_data
abnormal data: 2.48299999999972
[aiter INFO] 2026-09-07 11:01:04.176 - MainProcess:4513 - /data/yanguahe/code/wk_sp1/aiter/aiter/test_common.py:337 - post_process_data
abnormal data: 1.8020000000001346
[aiter INFO] 2026-09-07 11:01:04.216 - MainProcess:4513 - /data/yanguahe/code/wk_sp1/aiter/aiter/test_common.py:420 - get_trace_perf
                                                                                                    name  cnt  host_time_sum  device_time_sum  device_time_avg device_type device_index
0                                                          moe_gather_reduce_bf16_d7168_tk6_sk1_v4_wbf16  3.0            0.0              4.1              1.4        CUDA            2
1                                       moe_fused_quant_preshuffle_routeks_fd3072_r8_fp4_pk8_srcrow_noKS  3.0            0.0              5.8              1.9        CUDA            2
2                                          a8w4_tdm_fp4_t256x256x256_w2x2_b4_K3072_e96_cn4_prefetch_wpt1  3.0            0.0              5.9              2.0        CUDA            2
3                                       moe_fused_quant_preshuffle_routeks_fd7168_r8_fp4_pk8_srctk6_noKS  3.0            0.0              5.9              2.0        CUDA            2
4                                     a8w4_tdm_fp4_t256x256x256_w2x2_b4_K7168_e96_act1_cn4_prefetch_wpt1  3.0            0.0              6.5              2.2        CUDA            2
5              void at::native::vectorized_elementwise_kernel<4, at::native::FillFunctor<int>, std::a...  3.0            0.0              6.6              2.2        CUDA            2
6                                                                                              moe_route  3.0            0.0              6.7              2.2        CUDA            2
7                                                                              moe_contiguous_psum_remap  3.0            0.0              6.8              2.3        CUDA            2
8                                                                                            aten::fill_  3.0            6.6              0.0              0.0         CPU         4513
9                                                                                      aiter::fused_moe_  3.0           41.6              0.0              0.0         CPU         4513
[avg us/iter]                                                                                        NaN  NaN           16.1             16.1              NaN         NaN          NaN
[sanity a4w4 silu] eager-profile: logits_diff=0.0000e+00 rel_l2=0.0000e+00 (gate<0.01, ref_norm=0.0000e+00)
[sanity a4w4 silu] output_sha256=bc3404a6147c932d6ff7c322658fc3258b7a0ca1b81adf2a381f73ed1348020e
[bench a4w4 silu] fused_moe end-to-end us = 16.10 (testGraph=False)
[bench kernel timing] gemm1: device_time_avg=2.162 us count=3 symbol=a8w4_tdm_fp4_t256x256x256_w2x2_b4_K7168_e96_act1_cn4_prefetch_wpt1
[bench kernel timing] gemm2: device_time_avg=1.962 us count=3 symbol=a8w4_tdm_fp4_t256x256x256_w2x2_b4_K3072_e96_cn4_prefetch_wpt1

[precision summary]
| data_format   | act   | init   |   experts |   tokens |   topk |   model_dim |   inter_dim |   logits_diff |   rel_l2 | pass   |      us |   gemm1_us |   gemm2_us | gemm1 executed                               | gemm1 effective read            | gemm1 output write                  | gemm1 effective R+W             | gemm2 executed                               | gemm2 effective read           | gemm2 output write                    | gemm2 effective R+W             |
|:--------------|:------|:-------|----------:|---------:|-------:|------------:|------------:|--------------:|---------:|:-------|--------:|-----------:|-----------:|:---------------------------------------------|:--------------------------------|:------------------------------------|:--------------------------------|:---------------------------------------------|:-------------------------------|:--------------------------------------|:--------------------------------|
| a4w4          | silu  | const  |        96 |    16384 |      6 |        7168 |        3072 |             0 |        0 | True   | 16.0967 |    2.16233 |      1.962 | 8,658,654,068,736 FLOP → 4,004,310.5 TFLOP/s | 2,620,391,424 B → 1102.158 TB/s | 603,979,776 B (BF16) → 254.039 TB/s | 3,224,371,200 B → 1356.196 TB/s | 4,329,327,034,368 FLOP → 2,206,588.7 TFLOP/s | 1,283,457,024 B → 594.953 TB/s | 1,409,286,144 B (BF16) → 653.281 TB/s | 2,692,743,168 B → 1248.234 TB/s |
W20260907 11:01:05.825282 130942386052672 simple_timer.cpp:55] [rocprofv3] 'python3 -u op_tests/test_flydsl_grouped_gemm_gfx1250.py --scenario bench --data-format a4w4 --experts 96 --tokens 16384 --topk 6 --iters 4 --warmup 1 --model-dim 7168 --inter-dim 3072 --act silu --no-bias --no-check-aot-cache --const-init 0' ::    19.448446 sec
W20260907 11:01:05.861771 130942386052672 generateRocpd.cpp:583] writing SQL database for process 4513 on node 2161002656
E20260907 11:01:05.862279 130942386052672 generateRocpd.cpp:606] Opened result file: my_code/.get_isa_runner_att_gemm1opt_e96_t16384_quadrant.d01-3.att_4486/kernel_trace/heliosr-1b114-d01-3/4513_results.db (UUID=0000007f-302e-702e-b883-23a255485887)
W20260907 11:01:06.193281 130942386052672 simple_timer.cpp:55] SQLite3 generation :: rocpd_string             ::     0.287400 sec
W20260907 11:01:06.193739 130942386052672 simple_timer.cpp:55] SQLite3 generation :: rocpd_info_node          ::     0.000437 sec
W20260907 11:01:06.194533 130942386052672 simple_timer.cpp:55] SQLite3 generation :: rocpd_info_process       ::     0.000780 sec
W20260907 11:01:06.196539 130942386052672 simple_timer.cpp:55] SQLite3 generation :: rocpd_info_agent         ::     0.001573 sec
W20260907 11:01:06.196549 130942386052672 simple_timer.cpp:55] SQLite3 generation :: rocpd_info_pmc           ::     0.000003 sec
W20260907 11:01:06.525376 130942386052672 simple_timer.cpp:55] SQLite3 generation :: rocpd kernel info        ::     0.328823 sec
W20260907 11:01:06.525389 130942386052672 simple_timer.cpp:55] SQLite3 generation :: rocpd_region             ::     0.000001 sec
W20260907 11:01:06.819725 130942386052672 simple_timer.cpp:55] SQLite3 generation :: rocpd_kernel_dispatch    ::     0.294333 sec
W20260907 11:01:06.819733 130942386052672 simple_timer.cpp:55] SQLite3 generation :: rocpd_pmc_event          ::     0.000000 sec
W20260907 11:01:06.819735 130942386052672 simple_timer.cpp:55] SQLite3 generation :: rocpd_memory_copy        ::     0.000000 sec
W20260907 11:01:06.819736 130942386052672 simple_timer.cpp:55] SQLite3 generation :: rocpd_memory_allocate    ::     0.000001 sec
W20260907 11:01:06.819829 130942386052672 simple_timer.cpp:55] SQLite3 generation :: SQL indexing             ::     0.000092 sec
W20260907 11:01:06.829075 130942386052672 simple_timer.cpp:55] SQLite3 generation :: total                    ::     0.967305 sec
W20260907 11:01:06.830326 130942386052672 simple_timer.cpp:55] [rocprofv3] output generation ::     0.980158 sec
W20260907 11:01:06.832942 130942386052672 simple_timer.cpp:55] [rocprofv3] tool finalization ::     0.982811 sec
kernel-trace-stats exit status: 0
