Running advanced-thread-trace-a8w4_tdm_fp4_t256x256x256_w2x2_b4_K7168_e96_act1_cn4_prefetch_wpt1-simd3: rocprofv3 -i my_code/.get_isa_runner_att_gemm1opt_e96_t16384_quadrant.d01-3.att_4486/input_kernel.yaml -- env -u FLYDSL_DUMP_DIR PYTORCH_ALLOC_CONF=expandable_segments:True GPU_ARCHS=gfx1250 ENABLE_CK=0 AITER_FORCE_GFX1250=1 FLYDSL_DUMP_IR=0 python3 -u op_tests/test_flydsl_grouped_gemm_gfx1250.py --scenario bench --data-format a4w4 --experts 96 --tokens 16384 --topk 6 --iters 4 --warmup 1 --model-dim 7168 --inter-dim 3072 --act silu --no-bias --no-check-aot-cache --const-init 0
W20260907 11:01:07.145974 131528239259200 simple_timer.cpp:55] [rocprofv3] tool initialization ::     0.030607 sec
W20260907 11:01:07.146171 131528239259200 simple_timer.cpp:55] [rocprofv3] 'env -u FLYDSL_DUMP_DIR PYTORCH_ALLOC_CONF=expandable_segments:True GPU_ARCHS=gfx1250 ENABLE_CK=0 AITER_FORCE_GFX1250=1 FLYDSL_DUMP_IR=0 python3 -u op_tests/test_flydsl_grouped_gemm_gfx1250.py --scenario bench --data-format a4w4 --experts 96 --tokens 16384 --topk 6 --iters 4 --warmup 1 --model-dim 7168 --inter-dim 3072 --act silu --no-bias --no-check-aot-cache --const-init 0' ::     0.000000 sec
W20260907 11:01:07.205393 138386810232384 simple_timer.cpp:55] [rocprofv3] tool initialization ::     0.030110 sec
W20260907 11:01:07.205583 138386810232384 simple_timer.cpp:55] [rocprofv3] 'python3 -u op_tests/test_flydsl_grouped_gemm_gfx1250.py --scenario bench --data-format a4w4 --experts 96 --tokens 16384 --topk 6 --iters 4 --warmup 1 --model-dim 7168 --inter-dim 3072 --act silu --no-bias --no-check-aot-cache --const-init 0' ::     0.000000 sec
W20260907 11:01:07.347321 139275989896768 simple_timer.cpp:55] [rocprofv3] tool initialization ::     0.031048 sec
W20260907 11:01:07.347506 139275989896768 simple_timer.cpp:55] [rocprofv3] '/opt/venv/bin/python /opt/venv/bin/offload-arch' ::     0.000000 sec
W20260907 11:01:07.429260 129737099067008 simple_timer.cpp:55] [rocprofv3] tool initialization ::     0.031518 sec
W20260907 11:01:07.429438 129737099067008 simple_timer.cpp:55] [rocprofv3] '/opt/venv/lib/python3.12/site-packages/_rocm_sdk_core/lib/llvm/bin/offload-arch' ::     0.000000 sec
W20260907 11:01:07.429642 129737099067008 simple_timer.cpp:55] [rocprofv3] '/opt/venv/lib/python3.12/site-packages/_rocm_sdk_core/lib/llvm/bin/offload-arch' ::     0.000204 sec
W20260907 11:01:07.429673 129737099067008 tool.cpp:2850] [ATT-DEBUG] advanced_thread_trace block entered; att_library_path='/data/yanguahe/code/wk_sp1/decoder_new'
W20260907 11:01:07.429775 129737099067008 tool.cpp:2854] [ATT-DEBUG] ATTDecoder constructed; valid=1
W20260907 11:01:07.429831 129737099067008 tool.cpp:2859] [ATT-DEBUG] codeobj count=1 att_filenames count=0 output_path=my_code/.get_isa_runner_att_gemm1opt_e96_t16384_quadrant.d01-3.att_4486/thread_trace/kernel/rpf_v3
W20260907 11:01:07.429833 129737099067008 tool.cpp:2904] [ATT-DEBUG] advanced_thread_trace block complete
W20260907 11:01:07.429867 129737099067008 simple_timer.cpp:55] [rocprofv3] output generation ::     0.000199 sec
W20260907 11:01:07.429945 129737099067008 simple_timer.cpp:55] [rocprofv3] tool finalization ::     0.000280 sec
W20260907 11:01:08.778248 139787612356160 simple_timer.cpp:55] [rocprofv3] tool initialization ::     0.030502 sec
W20260907 11:01:08.778443 139787612356160 simple_timer.cpp:55] [rocprofv3] '/opt/venv/bin/python /opt/venv/bin/hipconfig --version' ::     0.000001 sec
W20260907 11:01:08.852504 131642457542208 simple_timer.cpp:55] [rocprofv3] tool initialization ::     0.032254 sec
W20260907 11:01:08.852700 131642457542208 simple_timer.cpp:55] [rocprofv3] '/opt/venv/lib/python3.12/site-packages/_rocm_sdk_core/bin/hipconfig --version' ::     0.000000 sec
W20260907 11:01:08.852764 131642457542208 simple_timer.cpp:55] [rocprofv3] '/opt/venv/lib/python3.12/site-packages/_rocm_sdk_core/bin/hipconfig --version' ::     0.000064 sec
W20260907 11:01:08.852794 131642457542208 tool.cpp:2850] [ATT-DEBUG] advanced_thread_trace block entered; att_library_path='/data/yanguahe/code/wk_sp1/decoder_new'
W20260907 11:01:08.852900 131642457542208 tool.cpp:2854] [ATT-DEBUG] ATTDecoder constructed; valid=1
W20260907 11:01:08.852951 131642457542208 tool.cpp:2859] [ATT-DEBUG] codeobj count=1 att_filenames count=0 output_path=my_code/.get_isa_runner_att_gemm1opt_e96_t16384_quadrant.d01-3.att_4486/thread_trace/kernel/rpf_v3
W20260907 11:01:08.852953 131642457542208 tool.cpp:2904] [ATT-DEBUG] advanced_thread_trace block complete
W20260907 11:01:08.852990 131642457542208 simple_timer.cpp:55] [rocprofv3] output generation ::     0.000202 sec
W20260907 11:01:08.853073 131642457542208 simple_timer.cpp:55] [rocprofv3] tool finalization ::     0.000288 sec
W20260907 11:01:08.920006 130530070335040 simple_timer.cpp:55] [rocprofv3] tool initialization ::     0.030530 sec
W20260907 11:01:08.920208 130530070335040 simple_timer.cpp:55] [rocprofv3] '/bin/sh -c cat /proc/sys/kernel/numa_balancing' ::     0.000000 sec
W20260907 11:01:08.977542 127702170988096 simple_timer.cpp:55] [rocprofv3] tool initialization ::     0.030225 sec
W20260907 11:01:08.977736 127702170988096 simple_timer.cpp:55] [rocprofv3] 'cat /proc/sys/kernel/numa_balancing' ::     0.000000 sec
W20260907 11:01:08.977883 127702170988096 simple_timer.cpp:55] [rocprofv3] 'cat /proc/sys/kernel/numa_balancing' ::     0.000148 sec
W20260907 11:01:08.977916 127702170988096 tool.cpp:2850] [ATT-DEBUG] advanced_thread_trace block entered; att_library_path='/data/yanguahe/code/wk_sp1/decoder_new'
W20260907 11:01:08.978024 127702170988096 tool.cpp:2854] [ATT-DEBUG] ATTDecoder constructed; valid=1
W20260907 11:01:08.978090 127702170988096 tool.cpp:2859] [ATT-DEBUG] codeobj count=1 att_filenames count=0 output_path=my_code/.get_isa_runner_att_gemm1opt_e96_t16384_quadrant.d01-3.att_4486/thread_trace/kernel/rpf_v3
W20260907 11:01:08.978092 127702170988096 tool.cpp:2904] [ATT-DEBUG] advanced_thread_trace block complete
W20260907 11:01:08.978122 127702170988096 simple_timer.cpp:55] [rocprofv3] output generation ::     0.000212 sec
W20260907 11:01:08.978236 127702170988096 simple_timer.cpp:55] [rocprofv3] tool finalization ::     0.000328 sec
[aiter WARNING] 2026-09-07 11:01:08.981 - MainProcess:4922 - /data/yanguahe/code/wk_sp1/aiter/aiter/jit/core.py:615 - check_numa_custom_op
WARNING: NUMA balancing is enabled, which may cause errors. It is recommended to disable NUMA balancing by running "sudo sh -c 'echo 0 > /proc/sys/kernel/numa_balancing'" for more details: https://rocm.docs.amd.com/en/latest/how-to/system-optimization/mi300x.html#disable-numa-auto-balancing
[aiter INFO] 2026-09-07 11:01:09.183 - MainProcess:4922 - /data/yanguahe/code/wk_sp1/aiter/aiter/jit/core.py:637 - get_module_custom_op
import [module_aiter_core] under /data/yanguahe/code/wk_sp1/aiter/aiter/jit/module_aiter_core.so
W20260907 11:01:09.471772 138386810232384 tool.cpp:2476] HSA version 1.18.0 initialized (instance=0)
W20260907 11:01:09.555706 130570468703808 simple_timer.cpp:55] [rocprofv3] tool initialization ::     0.033200 sec
W20260907 11:01:09.555924 130570468703808 simple_timer.cpp:55] [rocprofv3] '/bin/sh /sbin/ldconfig -p' ::     0.000000 sec
[aiter INFO] 2026-09-07 11:01:12.380 - MainProcess:4922 - /data/yanguahe/code/wk_sp1/aiter/op_tests/test_flydsl_grouped_gemm_gfx1250.py:1699 - set_data_format
grouped GEMM data format: a4w4
E20260907 11:01:12.387768 138386810232384 output_stream.cpp:111] Opened result file: my_code/.get_isa_runner_att_gemm1opt_e96_t16384_quadrant.d01-3.att_4486/thread_trace/kernel/rpf_v3/out_gfx1250_code_object_id_1.out
E20260907 11:01:12.417124 138386810232384 output_stream.cpp:111] Opened result file: my_code/.get_isa_runner_att_gemm1opt_e96_t16384_quadrant.d01-3.att_4486/thread_trace/kernel/rpf_v3/out_gfx1250_code_object_id_2.out
/opt/venv/lib/python3.12/site-packages/torch/utils/_device.py:109: UserWarning: expandable_segments not supported on this platform (Triggered internally at /__w/rocm-npi-dev/rocm-npi-dev/_therock/external-builds/pytorch/pytorch/c10/hip/HIPAllocatorConfig.h:40.)
  return func(*args, **kwargs)
[aiter INFO] 2026-09-07 11:01:12.583 - MainProcess:4922 - /data/yanguahe/code/wk_sp1/aiter/aiter/jit/core.py:637 - get_module_custom_op
import [module_moe_asm] under /data/yanguahe/code/wk_sp1/aiter/aiter/jit/module_moe_asm.so
E20260907 11:01:12.592574 138386810232384 output_stream.cpp:111] Opened result file: my_code/.get_isa_runner_att_gemm1opt_e96_t16384_quadrant.d01-3.att_4486/thread_trace/kernel/rpf_v3/out_gfx1250_code_object_id_3.out
E20260907 11:01:12.619813 138386810232384 output_stream.cpp:111] Opened result file: my_code/.get_isa_runner_att_gemm1opt_e96_t16384_quadrant.d01-3.att_4486/thread_trace/kernel/rpf_v3/out_gfx1250_code_object_id_4.out
E20260907 11:01:12.646658 138386810232384 output_stream.cpp:111] Opened result file: my_code/.get_isa_runner_att_gemm1opt_e96_t16384_quadrant.d01-3.att_4486/thread_trace/kernel/rpf_v3/out_gfx1250_code_object_id_5.out
E20260907 11:01:13.074368 138386810232384 output_stream.cpp:111] Opened result file: my_code/.get_isa_runner_att_gemm1opt_e96_t16384_quadrant.d01-3.att_4486/thread_trace/kernel/rpf_v3/out_gfx1250_code_object_id_6.out
E20260907 11:01:13.097626 138386810232384 output_stream.cpp:111] Opened result file: my_code/.get_isa_runner_att_gemm1opt_e96_t16384_quadrant.d01-3.att_4486/thread_trace/kernel/rpf_v3/out_gfx1250_code_object_id_7.out
E20260907 11:01:13.122202 138386810232384 output_stream.cpp:111] Opened result file: my_code/.get_isa_runner_att_gemm1opt_e96_t16384_quadrant.d01-3.att_4486/thread_trace/kernel/rpf_v3/out_gfx1250_code_object_id_8.out
E20260907 11:01:25.880168 138386810232384 output_stream.cpp:111] Opened result file: my_code/.get_isa_runner_att_gemm1opt_e96_t16384_quadrant.d01-3.att_4486/thread_trace/kernel/rpf_v3/out_gfx1250_code_object_id_9.out
E20260907 11:01:25.882878 138326516430528 output_stream.cpp:111] Opened result file: my_code/.get_isa_runner_att_gemm1opt_e96_t16384_quadrant.d01-3.att_4486/thread_trace/kernel/rpf_v3/out_19689_shader_engine_0_16407.att
E20260907 11:01:25.883500 138326516430528 output_stream.cpp:111] Opened result file: my_code/.get_isa_runner_att_gemm1opt_e96_t16384_quadrant.d01-3.att_4486/thread_trace/kernel/rpf_v3/out_19689_shader_engine_1_16407.att
E20260907 11:01:25.884052 138326516430528 output_stream.cpp:111] Opened result file: my_code/.get_isa_runner_att_gemm1opt_e96_t16384_quadrant.d01-3.att_4486/thread_trace/kernel/rpf_v3/out_19689_shader_engine_2_16407.att
E20260907 11:01:25.884600 138326516430528 output_stream.cpp:111] Opened result file: my_code/.get_isa_runner_att_gemm1opt_e96_t16384_quadrant.d01-3.att_4486/thread_trace/kernel/rpf_v3/out_19689_shader_engine_3_16407.att
E20260907 11:01:25.904602 138386810232384 output_stream.cpp:111] Opened result file: my_code/.get_isa_runner_att_gemm1opt_e96_t16384_quadrant.d01-3.att_4486/thread_trace/kernel/rpf_v3/out_gfx1250_code_object_id_10.out
E20260907 11:01:25.924063 138386810232384 output_stream.cpp:111] Opened result file: my_code/.get_isa_runner_att_gemm1opt_e96_t16384_quadrant.d01-3.att_4486/thread_trace/kernel/rpf_v3/out_gfx1250_code_object_id_11.out
E20260907 11:01:25.949646 138386810232384 output_stream.cpp:111] Opened result file: my_code/.get_isa_runner_att_gemm1opt_e96_t16384_quadrant.d01-3.att_4486/thread_trace/kernel/rpf_v3/out_gfx1250_code_object_id_12.out
[aiter INFO] 2026-09-07 11:01:25.962 - MainProcess:4922 - /data/yanguahe/code/wk_sp1/aiter/aiter/test_common.py:93 - wrapper
avg: 2172.1054911613464 us/iter from cuda.Event
/opt/venv/lib/python3.12/site-packages/torch/profiler/profiler.py:217: UserWarning: Warning: Profiler clears events at the end of each cycle.Only events from the current cycle will be reported.To keep events across cycles, set acc_events=True.
  _warn_once(
[W907 11:01:25.005805176 collection.cpp:1148] Warning: ROCTracer produced duplicate flow start: 1 (function operator())
[aiter INFO] 2026-09-07 11:01:25.983 - MainProcess:4922 - /data/yanguahe/code/wk_sp1/aiter/aiter/test_common.py:335 - post_process_data
abnormal data indices: {99, 38, 11, 139, 14, 48, 146, 87}
[aiter INFO] 2026-09-07 11:01:25.983 - MainProcess:4922 - /data/yanguahe/code/wk_sp1/aiter/aiter/test_common.py:337 - post_process_data
abnormal data: 0.5600000000001728
[aiter INFO] 2026-09-07 11:01:25.984 - MainProcess:4922 - /data/yanguahe/code/wk_sp1/aiter/aiter/test_common.py:337 - post_process_data
abnormal data: 1.600999999999999
[aiter INFO] 2026-09-07 11:01:25.984 - MainProcess:4922 - /data/yanguahe/code/wk_sp1/aiter/aiter/test_common.py:337 - post_process_data
abnormal data: 0.8799999999999955
[aiter INFO] 2026-09-07 11:01:25.984 - MainProcess:4922 - /data/yanguahe/code/wk_sp1/aiter/aiter/test_common.py:337 - post_process_data
abnormal data: 3.0830000000000837
[aiter INFO] 2026-09-07 11:01:25.984 - MainProcess:4922 - /data/yanguahe/code/wk_sp1/aiter/aiter/test_common.py:337 - post_process_data
abnormal data: 1.0
[aiter INFO] 2026-09-07 11:01:25.984 - MainProcess:4922 - /data/yanguahe/code/wk_sp1/aiter/aiter/test_common.py:337 - post_process_data
abnormal data: 1.7619999999999436
[aiter INFO] 2026-09-07 11:01:25.984 - MainProcess:4922 - /data/yanguahe/code/wk_sp1/aiter/aiter/test_common.py:337 - post_process_data
abnormal data: 2.161999999999807
[aiter INFO] 2026-09-07 11:01:25.984 - MainProcess:4922 - /data/yanguahe/code/wk_sp1/aiter/aiter/test_common.py:337 - post_process_data
abnormal data: 1.4010000000000673
[aiter INFO] 2026-09-07 11:01:26.025 - MainProcess:4922 - /data/yanguahe/code/wk_sp1/aiter/aiter/test_common.py:420 - get_trace_perf
                                                                                                    name  cnt  host_time_sum  device_time_sum  device_time_avg device_type device_index
0                                                          moe_gather_reduce_bf16_d7168_tk6_sk1_v4_wbf16  3.0            0.0              4.2              1.4        CUDA            2
1                                          a8w4_tdm_fp4_t256x256x256_w2x2_b4_K3072_e96_cn4_prefetch_wpt1  3.0            0.0              5.9              2.0        CUDA            2
2                                       moe_fused_quant_preshuffle_routeks_fd7168_r8_fp4_pk8_srctk6_noKS  3.0            0.0              6.0              2.0        CUDA            2
3                                       moe_fused_quant_preshuffle_routeks_fd3072_r8_fp4_pk8_srcrow_noKS  3.0            0.0              6.4              2.1        CUDA            2
4              void at::native::vectorized_elementwise_kernel<4, at::native::FillFunctor<int>, std::a...  3.0            0.0              6.7              2.2        CUDA            2
5                                                                              moe_contiguous_psum_remap  3.0            0.0              6.8              2.3        CUDA            2
6                                     a8w4_tdm_fp4_t256x256x256_w2x2_b4_K7168_e96_act1_cn4_prefetch_wpt1  3.0            0.0              6.8              2.3        CUDA            2
7                                                                                              moe_route  3.0            0.0              6.9              2.3        CUDA            2
8                                                                                            aten::fill_  3.0            6.7              0.0              0.0         CPU         4922
9                                                                                      aiter::fused_moe_  3.0           43.2              0.0              0.0         CPU         4922
[avg us/iter]                                                                                        NaN  NaN           16.6             16.6              NaN         NaN          NaN
E20260907 11:01:26.029844 138386810232384 output_stream.cpp:111] Opened result file: my_code/.get_isa_runner_att_gemm1opt_e96_t16384_quadrant.d01-3.att_4486/thread_trace/kernel/rpf_v3/out_gfx1250_code_object_id_13.out
E20260907 11:01:26.036818 138386810232384 output_stream.cpp:111] Opened result file: my_code/.get_isa_runner_att_gemm1opt_e96_t16384_quadrant.d01-3.att_4486/thread_trace/kernel/rpf_v3/out_gfx1250_code_object_id_14.out
E20260907 11:01:26.046925 138386810232384 output_stream.cpp:111] Opened result file: my_code/.get_isa_runner_att_gemm1opt_e96_t16384_quadrant.d01-3.att_4486/thread_trace/kernel/rpf_v3/out_gfx1250_code_object_id_15.out
E20260907 11:01:26.067358 138386810232384 output_stream.cpp:111] Opened result file: my_code/.get_isa_runner_att_gemm1opt_e96_t16384_quadrant.d01-3.att_4486/thread_trace/kernel/rpf_v3/out_gfx1250_code_object_id_16.out
E20260907 11:01:26.094789 138386810232384 output_stream.cpp:111] Opened result file: my_code/.get_isa_runner_att_gemm1opt_e96_t16384_quadrant.d01-3.att_4486/thread_trace/kernel/rpf_v3/out_gfx1250_code_object_id_17.out
E20260907 11:01:26.119911 138386810232384 output_stream.cpp:111] Opened result file: my_code/.get_isa_runner_att_gemm1opt_e96_t16384_quadrant.d01-3.att_4486/thread_trace/kernel/rpf_v3/out_gfx1250_code_object_id_18.out
E20260907 11:01:26.146573 138386810232384 output_stream.cpp:111] Opened result file: my_code/.get_isa_runner_att_gemm1opt_e96_t16384_quadrant.d01-3.att_4486/thread_trace/kernel/rpf_v3/out_gfx1250_code_object_id_19.out
E20260907 11:01:26.166552 138386810232384 output_stream.cpp:111] Opened result file: my_code/.get_isa_runner_att_gemm1opt_e96_t16384_quadrant.d01-3.att_4486/thread_trace/kernel/rpf_v3/out_gfx1250_code_object_id_20.out
E20260907 11:01:26.190801 138386810232384 output_stream.cpp:111] Opened result file: my_code/.get_isa_runner_att_gemm1opt_e96_t16384_quadrant.d01-3.att_4486/thread_trace/kernel/rpf_v3/out_gfx1250_code_object_id_21.out
E20260907 11:01:26.259902 138386810232384 output_stream.cpp:111] Opened result file: my_code/.get_isa_runner_att_gemm1opt_e96_t16384_quadrant.d01-3.att_4486/thread_trace/kernel/rpf_v3/out_gfx1250_code_object_id_22.out
E20260907 11:01:26.328382 138386810232384 output_stream.cpp:111] Opened result file: my_code/.get_isa_runner_att_gemm1opt_e96_t16384_quadrant.d01-3.att_4486/thread_trace/kernel/rpf_v3/out_gfx1250_code_object_id_23.out
E20260907 11:01:26.363718 138386810232384 output_stream.cpp:111] Opened result file: my_code/.get_isa_runner_att_gemm1opt_e96_t16384_quadrant.d01-3.att_4486/thread_trace/kernel/rpf_v3/out_gfx1250_code_object_id_24.out
E20260907 11:01:26.417203 138386810232384 output_stream.cpp:111] Opened result file: my_code/.get_isa_runner_att_gemm1opt_e96_t16384_quadrant.d01-3.att_4486/thread_trace/kernel/rpf_v3/out_gfx1250_code_object_id_25.out
E20260907 11:01:26.454176 138386810232384 output_stream.cpp:111] Opened result file: my_code/.get_isa_runner_att_gemm1opt_e96_t16384_quadrant.d01-3.att_4486/thread_trace/kernel/rpf_v3/out_gfx1250_code_object_id_26.out
E20260907 11:01:26.471579 138386810232384 output_stream.cpp:111] Opened result file: my_code/.get_isa_runner_att_gemm1opt_e96_t16384_quadrant.d01-3.att_4486/thread_trace/kernel/rpf_v3/out_gfx1250_code_object_id_27.out
E20260907 11:01:26.562380 138386810232384 output_stream.cpp:111] Opened result file: my_code/.get_isa_runner_att_gemm1opt_e96_t16384_quadrant.d01-3.att_4486/thread_trace/kernel/rpf_v3/out_gfx1250_code_object_id_28.out
E20260907 11:01:27.189122 138386810232384 output_stream.cpp:111] Opened result file: my_code/.get_isa_runner_att_gemm1opt_e96_t16384_quadrant.d01-3.att_4486/thread_trace/kernel/rpf_v3/out_gfx1250_code_object_id_29.out
E20260907 11:01:27.193239 138386810232384 output_stream.cpp:111] Opened result file: my_code/.get_isa_runner_att_gemm1opt_e96_t16384_quadrant.d01-3.att_4486/thread_trace/kernel/rpf_v3/out_gfx1250_code_object_id_30.out
E20260907 11:01:27.310452 138386810232384 output_stream.cpp:111] Opened result file: my_code/.get_isa_runner_att_gemm1opt_e96_t16384_quadrant.d01-3.att_4486/thread_trace/kernel/rpf_v3/out_gfx1250_code_object_id_31.out
E20260907 11:01:27.421701 138386810232384 output_stream.cpp:111] Opened result file: my_code/.get_isa_runner_att_gemm1opt_e96_t16384_quadrant.d01-3.att_4486/thread_trace/kernel/rpf_v3/out_gfx1250_code_object_id_32.out
E20260907 11:01:27.427923 138386810232384 output_stream.cpp:111] Opened result file: my_code/.get_isa_runner_att_gemm1opt_e96_t16384_quadrant.d01-3.att_4486/thread_trace/kernel/rpf_v3/out_gfx1250_code_object_id_33.out
E20260907 11:01:27.457829 138386810232384 output_stream.cpp:111] Opened result file: my_code/.get_isa_runner_att_gemm1opt_e96_t16384_quadrant.d01-3.att_4486/thread_trace/kernel/rpf_v3/out_gfx1250_code_object_id_34.out
E20260907 11:01:27.501268 138386810232384 output_stream.cpp:111] Opened result file: my_code/.get_isa_runner_att_gemm1opt_e96_t16384_quadrant.d01-3.att_4486/thread_trace/kernel/rpf_v3/out_gfx1250_code_object_id_35.out
[sanity a4w4 silu] eager-profile: logits_diff=0.0000e+00 rel_l2=0.0000e+00 (gate<0.01, ref_norm=0.0000e+00)
[sanity a4w4 silu] output_sha256=bc3404a6147c932d6ff7c322658fc3258b7a0ca1b81adf2a381f73ed1348020e
[bench a4w4 silu] fused_moe end-to-end us = 16.62 (testGraph=False)
[bench kernel timing] gemm1: device_time_avg=2.282 us count=3 symbol=a8w4_tdm_fp4_t256x256x256_w2x2_b4_K7168_e96_act1_cn4_prefetch_wpt1
[bench kernel timing] gemm2: device_time_avg=1.975 us count=3 symbol=a8w4_tdm_fp4_t256x256x256_w2x2_b4_K3072_e96_cn4_prefetch_wpt1

[precision summary]
| data_format   | act   | init   |   experts |   tokens |   topk |   model_dim |   inter_dim |   logits_diff |   rel_l2 | pass   |      us |   gemm1_us |   gemm2_us | gemm1 executed                               | gemm1 effective read            | gemm1 output write                  | gemm1 effective R+W             | gemm2 executed                               | gemm2 effective read           | gemm2 output write                    | gemm2 effective R+W             |
|:--------------|:------|:-------|----------:|---------:|-------:|------------:|------------:|--------------:|---------:|:-------|--------:|-----------:|-----------:|:---------------------------------------------|:--------------------------------|:------------------------------------|:--------------------------------|:---------------------------------------------|:-------------------------------|:--------------------------------------|:--------------------------------|
| a4w4          | silu  | const  |        96 |    16384 |      6 |        7168 |        3072 |             0 |        0 | True   | 16.6153 |    2.28233 |    1.97533 | 8,658,654,068,736 FLOP → 3,793,772.8 TFLOP/s | 2,620,391,424 B → 1044.209 TB/s | 603,979,776 B (BF16) → 240.682 TB/s | 3,224,371,200 B → 1284.891 TB/s | 4,329,327,034,368 FLOP → 2,191,694.4 TFLOP/s | 1,283,457,024 B → 590.937 TB/s | 1,409,286,144 B (BF16) → 648.872 TB/s | 2,692,743,168 B → 1239.809 TB/s |
W20260907 11:01:28.049712 138386810232384 simple_timer.cpp:55] [rocprofv3] 'python3 -u op_tests/test_flydsl_grouped_gemm_gfx1250.py --scenario bench --data-format a4w4 --experts 96 --tokens 16384 --topk 6 --iters 4 --warmup 1 --model-dim 7168 --inter-dim 3072 --act silu --no-bias --no-check-aot-cache --const-init 0' ::    20.844130 sec
E20260907 11:01:28.078418 138386810232384 output_stream.cpp:111] Opened result file: my_code/.get_isa_runner_att_gemm1opt_e96_t16384_quadrant.d01-3.att_4486/thread_trace/kernel/rpf_v3/out_agent_info.csv
W20260907 11:01:28.078472 138386810232384 tool.cpp:2850] [ATT-DEBUG] advanced_thread_trace block entered; att_library_path='/data/yanguahe/code/wk_sp1/decoder_new'
W20260907 11:01:28.078711 138386810232384 tool.cpp:2854] [ATT-DEBUG] ATTDecoder constructed; valid=1
W20260907 11:01:28.078763 138386810232384 tool.cpp:2859] [ATT-DEBUG] codeobj count=36 att_filenames count=1 output_path=my_code/.get_isa_runner_att_gemm1opt_e96_t16384_quadrant.d01-3.att_4486/thread_trace/kernel/rpf_v3
W20260907 11:01:28.078766 138386810232384 tool.cpp:2885] [ATT-DEBUG] parse() begin dispatch_id=16407 shader_files=4 out_path=my_code/.get_isa_runner_att_gemm1opt_e96_t16384_quadrant.d01-3.att_4486/thread_trace/kernel/rpf_v3/ui_output_agent_19689_dispatch_16407
W20260907 11:01:29.423632 138386810232384 tool.cpp:2892] [ATT-DEBUG] parse() OK dispatch_id=16407
W20260907 11:01:29.423648 138386810232384 tool.cpp:2904] [ATT-DEBUG] advanced_thread_trace block complete
W20260907 11:01:29.424554 138386810232384 simple_timer.cpp:55] [rocprofv3] output generation ::     1.346616 sec
W20260907 11:01:29.427204 138386810232384 simple_timer.cpp:55] [rocprofv3] tool finalization ::     1.349273 sec
advanced-thread-trace-a8w4_tdm_fp4_t256x256x256_w2x2_b4_K7168_e96_act1_cn4_prefetch_wpt1-simd3 exit status: 0
ATT artifact found: my_code/.get_isa_runner_att_gemm1opt_e96_t16384_quadrant.d01-3.att_4486/thread_trace/kernel/rpf_v3/out_19689_shader_engine_1_16407.att
