Running kernel-trace-stats: rocprofv3 --kernel-trace --stats -d my_code/.get_isa_runner_att_moe_gemm1_a4w4_v0_loadonly.e96_t512_topk6_m7168_n3072.d01-3.20260903T1159Z.att_5215/kernel_trace -- env -u FLYDSL_DUMP_DIR PYTORCH_ALLOC_CONF=expandable_segments:True GPU_ARCHS=gfx1250 ENABLE_CK=0 AITER_FORCE_GFX1250=1 FLYDSL_DUMP_IR=0 AITER_LOG_MORE=1 python my_code/isa_runner/gemm_batch_isa_runner.py --isa ./my_code/moe_gemm1_a4w4_v0_loadonly.s --experts 96 --tokens 512 --topk 6 --model-dim 7168 --inter-dim 3072 --iters 20 --clang /opt/rocm/llvm/bin/clang
W20260903 11:59:34.719672 123728942419520 simple_timer.cpp:55] [rocprofv3] tool initialization ::     0.000564 sec
W20260903 11:59:34.719742 123728942419520 simple_timer.cpp:55] [rocprofv3] 'env -u FLYDSL_DUMP_DIR PYTORCH_ALLOC_CONF=expandable_segments:True GPU_ARCHS=gfx1250 ENABLE_CK=0 AITER_FORCE_GFX1250=1 FLYDSL_DUMP_IR=0 AITER_LOG_MORE=1 python my_code/isa_runner/gemm_batch_isa_runner.py --isa ./my_code/moe_gemm1_a4w4_v0_loadonly.s --experts 96 --tokens 512 --topk 6 --model-dim 7168 --inter-dim 3072 --iters 20 --clang /opt/rocm/llvm/bin/clang' ::     0.000000 sec
W20260903 11:59:34.749167 128112929668672 simple_timer.cpp:55] [rocprofv3] tool initialization ::     0.000546 sec
W20260903 11:59:34.749225 128112929668672 simple_timer.cpp:55] [rocprofv3] 'python my_code/isa_runner/gemm_batch_isa_runner.py --isa ./my_code/moe_gemm1_a4w4_v0_loadonly.s --experts 96 --tokens 512 --topk 6 --model-dim 7168 --inter-dim 3072 --iters 20 --clang /opt/rocm/llvm/bin/clang' ::     0.000000 sec
W20260903 11:59:35.062988 136694943297088 simple_timer.cpp:55] [rocprofv3] tool initialization ::     0.000612 sec
W20260903 11:59:35.063046 136694943297088 simple_timer.cpp:55] [rocprofv3] '/opt/venv/bin/python /opt/venv/bin/offload-arch' ::     0.000000 sec
W20260903 11:59:35.114376 136540330180224 simple_timer.cpp:55] [rocprofv3] tool initialization ::     0.000384 sec
W20260903 11:59:35.114435 136540330180224 simple_timer.cpp:55] [rocprofv3] '/opt/venv/lib/python3.12/site-packages/_rocm_sdk_core/lib/llvm/bin/offload-arch' ::     0.000000 sec
W20260903 11:59:35.114640 136540330180224 simple_timer.cpp:55] [rocprofv3] '/opt/venv/lib/python3.12/site-packages/_rocm_sdk_core/lib/llvm/bin/offload-arch' ::     0.000205 sec
W20260903 11:59:35.115074 136540330180224 simple_timer.cpp:55] [rocprofv3] output generation ::     0.000343 sec
W20260903 11:59:35.115151 136540330180224 simple_timer.cpp:55] [rocprofv3] tool finalization ::     0.000482 sec
W20260903 11:59:35.910006 128112929668672 tool.cpp:2476] HSA version 1.18.0 initialized (instance=0)
W20260903 11:59:36.522777 126377201925696 simple_timer.cpp:55] [rocprofv3] tool initialization ::     0.000517 sec
W20260903 11:59:36.522842 126377201925696 simple_timer.cpp:55] [rocprofv3] '/opt/venv/bin/python /opt/venv/bin/hipconfig --version' ::     0.000000 sec
W20260903 11:59:36.564821 134619581189696 simple_timer.cpp:55] [rocprofv3] tool initialization ::     0.000490 sec
W20260903 11:59:36.564880 134619581189696 simple_timer.cpp:55] [rocprofv3] '/opt/venv/lib/python3.12/site-packages/_rocm_sdk_core/bin/hipconfig --version' ::     0.000000 sec
W20260903 11:59:36.564942 134619581189696 simple_timer.cpp:55] [rocprofv3] '/opt/venv/lib/python3.12/site-packages/_rocm_sdk_core/bin/hipconfig --version' ::     0.000062 sec
W20260903 11:59:36.565370 134619581189696 simple_timer.cpp:55] [rocprofv3] output generation ::     0.000332 sec
W20260903 11:59:36.565454 134619581189696 simple_timer.cpp:55] [rocprofv3] tool finalization ::     0.000485 sec
W20260903 11:59:36.600270 137373143354944 simple_timer.cpp:55] [rocprofv3] tool initialization ::     0.000591 sec
W20260903 11:59:36.600335 137373143354944 simple_timer.cpp:55] [rocprofv3] '/bin/sh -c cat /proc/sys/kernel/numa_balancing' ::     0.000000 sec
W20260903 11:59:36.628105 131758094962240 simple_timer.cpp:55] [rocprofv3] tool initialization ::     0.000576 sec
W20260903 11:59:36.628162 131758094962240 simple_timer.cpp:55] [rocprofv3] 'cat /proc/sys/kernel/numa_balancing' ::     0.000000 sec
W20260903 11:59:36.628309 131758094962240 simple_timer.cpp:55] [rocprofv3] 'cat /proc/sys/kernel/numa_balancing' ::     0.000147 sec
W20260903 11:59:36.628770 131758094962240 simple_timer.cpp:55] [rocprofv3] output generation ::     0.000365 sec
W20260903 11:59:36.628876 131758094962240 simple_timer.cpp:55] [rocprofv3] tool finalization ::     0.000535 sec
[aiter INFO] 2026-09-03 11:59:36.743 - MainProcess:5244 - /data/yanguahe/code/wk_sp1/aiter/aiter/jit/core.py:637 - get_module_custom_op
import [module_aiter_core] under /data/yanguahe/code/wk_sp1/aiter/aiter/jit/module_aiter_core.so
W20260903 11:59:36.894047 124510297308736 simple_timer.cpp:55] [rocprofv3] tool initialization ::     0.000500 sec
W20260903 11:59:36.894097 124510297308736 simple_timer.cpp:55] [rocprofv3] '/bin/sh /sbin/ldconfig -p' ::     0.000000 sec
/data/yanguahe/code/wk_sp1/aiter/my_code/isa_runner/gemm_batch_isa_runner.py:858: UserWarning: expandable_segments not supported on this platform (Triggered internally at /__w/rocm-npi-dev/rocm-npi-dev/_therock/external-builds/pytorch/pytorch/c10/hip/HIPAllocatorConfig.h:40.)
  hidden = (torch.randn((contiguous_m, k)) * 0.5).to(torch.bfloat16).to(device)
W20260903 11:59:48.345767 137584505090752 simple_timer.cpp:55] [rocprofv3] tool initialization ::     0.000638 sec
W20260903 11:59:48.347042 137584505090752 simple_timer.cpp:55] [rocprofv3] 'ld.lld -shared /tmp/kernel4d-504f81.o -o /tmp/kernel-ff18c6.hsaco' ::     0.000000 sec
/opt/venv/lib/python3.12/site-packages/torch/profiler/profiler.py:217: UserWarning: Warning: Profiler clears events at the end of each cycle.Only events from the current cycle will be reported.To keep events across cycles, set acc_events=True.
  _warn_once(
[W903 11:59:48.458446059 collection.cpp:1148] Warning: ROCTracer produced duplicate flow start: 1 (function operator())
[gemm_batch_isa_runner] MoE user parameters: experts=96; tokens=512; topk=6; model_dim=7168; inter_dim=3072
[gemm_batch_isa_runner] MoE derived contract: valid_routes=3072; valid_rows/expert=32; raw GEMM shape=(64, 6144, 7168); contiguous_m=9216; logical WG grid=(24,144,1); physical grid=(3456, 1, 1); working WGs=2304; tail WGs=1152; expert tile padding rows=3072; tail capacity rows=3072
[gemm_batch_isa_runner] selected profile: a8w4-moe-gemm1-tdm-loadonly; symbol=a8w4_tdm_fp4_t64x256x256_w1x4_b2_K7168_e96_act1_wpt4_loadonly; shape=(64, 6144, 7168); WG tile=(64, 256); wave tile=(64, 64); batch=96
[gemm_batch_isa_runner] logical WG grid=(24, 144, 1); WG tasks total=3456; logical cluster grid=(24, 144, 1); cluster tasks/plane=3456; cluster tasks total=3456
[gemm_batch_isa_runner] physical launch=(3456, 1, 1); block=(128, 1, 1); cluster=(1, 1, 1); physical cluster grid=(3456, 1, 1); clusters/plane=3456; clusters total=3456; physical WGs/plane=3456; physical WGs total=3456; encoded recurrence stride/plane=0; log2 X/Y grid=(0, 0)
[gemm_batch_isa_runner] ABI=a8w4-moe-tdm-v1; kernarg=184 bytes; static LDS=87 KB; dynamic LDS=0 KB; WGs/WGP by LDS=3 (LDS budget=320 KB); VGPR/SGPR metadata=239/88; stores to D=False
[gemm_batch_isa_runner] selected clang: /opt/venv/lib/python3.12/site-packages/_rocm_sdk_core/lib/llvm/bin/clang
[gemm_batch_isa_runner] /opt/venv/lib/python3.12/site-packages/_rocm_sdk_core/lib/llvm/bin/clang -x assembler -target amdgcn-amd-amdhsa -mcpu=gfx1250 -mcode-object-version=6 -c /data/yanguahe/code/wk_sp1/aiter/my_code/moe_gemm1_a4w4_v0_loadonly.s -o /tmp/gemm_batch_isa_runner_ys8jx36u/a8w4_tdm_fp4_t64x256x256_w1x4_b2_K7168_e96_act1_wpt4_loadonly.o
[gemm_batch_isa_runner] /opt/venv/lib/python3.12/site-packages/_rocm_sdk_core/lib/llvm/bin/clang -target amdgcn-amd-amdhsa -mcpu=gfx1250 -mcode-object-version=6 -nostdlib -Wl,--no-undefined -shared /tmp/gemm_batch_isa_runner_ys8jx36u/a8w4_tdm_fp4_t64x256x256_w1x4_b2_K7168_e96_act1_wpt4_loadonly.o -o /tmp/gemm_batch_isa_runner_ys8jx36u/a8w4_tdm_fp4_t64x256x256_w1x4_b2_K7168_e96_act1_wpt4_loadonly.co
[gemm_isa_runner] AITER_LOG_MORE trace remains explicit; temporarily setting it to 0 inside run_perftest to avoid its additional CUDA-event iteration pass

[gemm_isa_runner run_perftest trace_df]
                                                                        name   cnt  host_time_sum  device_time_sum  device_time_avg device_type device_index
0              a8w4_tdm_fp4_t64x256x256_w1x4_b2_K7168_e96_act1_wpt4_loadonly  19.0          0.000           40.242            2.118        CUDA            2
1                                  gemm_isa_runner_5244::launch_746650671080  19.0         40.242            0.000            0.000         CPU         5244
[avg us/iter]                                                            NaN   NaN          2.118            2.118              NaN         NaN          NaN
[gemm_isa_runner] captured kernel name=a8w4_tdm_fp4_t64x256x256_w1x4_b2_K7168_e96_act1_wpt4_loadonly
[gemm_isa_runner] profiler count=19; device_time_sum=40.2420 us; device_time_avg=2.1180 us; profiler device_index=2; requested torch device ordinal=0
[gemm_isa_runner] timing source=run_perftest testGraph=False torch-profiler; testGraph=False; run_perftest _us=2.1180
[gemm_batch_isa_runner] useful logical logical_read_bytes=2257747968; logical_write_bytes=0 (stores output=False; detected mnemonic=none); logical_bytes=read+write=2257747968
[gemm_batch_isa_runner] MoE stage-1 a4w4: experts=96 rows/expert=64 (32 valid) routed_m=6144 contiguous_m=9216 N=6144 K=7168; m_tiles=96 carry data x n_tiles=24 = 2304 working WGs of grid=(3456, 1, 1) (1152 exit at entry)
[gemm_batch_isa_runner] useful logical read components: A MXFP4=11010048; ScaleA E8M0=688128; B MXFP4=2113929216; ScaleB E8M0=132120576; read total=2257747968
[gemm_batch_isa_runner] useful logical output formula: 3072 valid routed rows x 3072 BF16 columns x 2 bytes = 18874368; output allocation footprint=56623104 (9216 capacity rows); logical_write_bytes=0
[gemm_batch_isa_runner] scheduled/padding context (excluded from useful bytes): rows/expert=64; valid/expert=32; active m_tiles=96; working WGs=2304; tail capacity rows=3072; tensor footprints A=33030144 B=2113929216 sA=2064384 sB=132120576
run_perftest kernel timing (microseconds; source=run_perftest testGraph=False torch-profiler; summary uses the captured target-row device_time_avg):
| name                                                          | cnt | warmup | device_time_sum | device_time_avg | device_type | device_index | source                                      |
| ------------------------------------------------------------- | --- | ------ | --------------- | --------------- | ----------- | ------------ | ------------------------------------------- |
| a8w4_tdm_fp4_t64x256x256_w1x4_b2_K7168_e96_act1_wpt4_loadonly | 19  | 101    | 40.2420         | 2.1180          | CUDA        | 2            | run_perftest testGraph=False torch-profiler |
GEMM ISA runner summary (markdown; profile=a8w4-moe-gemm1-tdm-loadonly; symbol=a8w4_tdm_fp4_t64x256x256_w1x4_b2_K7168_e96_act1_wpt4_loadonly):
| intype | batch | M  | N    | K    | apre | init   | seed | dtype | gfx     | logical cluster tasks/plane | physical clusters/plane | physical WGs/plane | encoded recurrence stride/plane | ref hash128         | gemm_a4w4 us | gemm_a4w4 TFLOPS | gemm_a4w4 bytes | gemm_a4w4 TB/s | gemm_a4w4 err       | gemm_a4w4 out hash128 | gemm_a4w4 max_err_info | gemm_a4w4 rel_l2    |
| ------ | ----- | -- | ---- | ---- | ---- | ------ | ---- | ----- | ------- | --------------------------- | ----------------------- | ------------------ | ------------------------------- | ------------------- | ------------ | ---------------- | --------------- | -------------- | ------------------- | --------------------- | ---------------------- | ------------------- |
| a4w4   | 96    | 64 | 6144 | 7168 | 1    | random | 0    | bf16  | gfx1250 | 3456                        | 3456                    | 3456               | 0                               | n/a (not validated) | 2.118        | n/a (no store)   | 2257747968      | 969.504        | n/a (not validated) | n/a (not validated)   | n/a (not validated)    | n/a (not validated) |
W20260903 11:59:49.099208 128112929668672 generateRocpd.cpp:583] writing SQL database for process 5244 on node 2161002656
E20260903 11:59:49.099737 128112929668672 generateRocpd.cpp:606] Opened result file: my_code/.get_isa_runner_att_moe_gemm1_a4w4_v0_loadonly.e96_t512_topk6_m7168_n3072.d01-3.20260903T1159Z.att_5215/kernel_trace/heliosr-1b114-d01-3/5244_results.db (UUID=000003e6-065e-765e-80d8-17e31c5aaf10)
W20260903 11:59:49.256018 128112929668672 simple_timer.cpp:55] SQLite3 generation :: rocpd_string             ::     0.127417 sec
W20260903 11:59:49.256269 128112929668672 simple_timer.cpp:55] SQLite3 generation :: rocpd_info_node          ::     0.000239 sec
W20260903 11:59:49.256841 128112929668672 simple_timer.cpp:55] SQLite3 generation :: rocpd_info_process       ::     0.000566 sec
W20260903 11:59:49.258460 128112929668672 simple_timer.cpp:55] SQLite3 generation :: rocpd_info_agent         ::     0.001265 sec
W20260903 11:59:49.258468 128112929668672 simple_timer.cpp:55] SQLite3 generation :: rocpd_info_pmc           ::     0.000003 sec
W20260903 11:59:49.403298 128112929668672 simple_timer.cpp:55] SQLite3 generation :: rocpd kernel info        ::     0.144827 sec
W20260903 11:59:49.403307 128112929668672 simple_timer.cpp:55] SQLite3 generation :: rocpd_region             ::     0.000002 sec
W20260903 11:59:49.449550 128112929668672 simple_timer.cpp:55] SQLite3 generation :: rocpd_kernel_dispatch    ::     0.046241 sec
W20260903 11:59:49.449557 128112929668672 simple_timer.cpp:55] SQLite3 generation :: rocpd_pmc_event          ::     0.000000 sec
W20260903 11:59:49.449559 128112929668672 simple_timer.cpp:55] SQLite3 generation :: rocpd_memory_copy        ::     0.000000 sec
W20260903 11:59:49.449561 128112929668672 simple_timer.cpp:55] SQLite3 generation :: rocpd_memory_allocate    ::     0.000001 sec
W20260903 11:59:49.449650 128112929668672 simple_timer.cpp:55] SQLite3 generation :: SQL indexing             ::     0.000088 sec
W20260903 11:59:49.455002 128112929668672 simple_timer.cpp:55] SQLite3 generation :: total                    ::     0.355794 sec
W20260903 11:59:49.456218 128112929668672 simple_timer.cpp:55] [rocprofv3] output generation ::     0.369847 sec
W20260903 11:59:49.457755 128112929668672 simple_timer.cpp:55] [rocprofv3] tool finalization ::     0.371434 sec
kernel-trace-stats exit status: 0
