Running advanced-thread-trace-a8w4_tdm_fp4_t64x256x256_w1x4_b2_K7168_e96_act1_wpt4_loadonly-simd3: rocprofv3 -i my_code/.get_isa_runner_att_moe_gemm1_a4w4_v0_loadonly.e96_t512_topk6_m7168_n3072.d01-3.20260903T1159Z.att_5215/input_kernel_simd3.yaml -- env -u FLYDSL_DUMP_DIR PYTORCH_ALLOC_CONF=expandable_segments:True GPU_ARCHS=gfx1250 ENABLE_CK=0 AITER_FORCE_GFX1250=1 FLYDSL_DUMP_IR=0 AITER_LOG_MORE=1 python my_code/isa_runner/gemm_batch_isa_runner.py --isa ./my_code/moe_gemm1_a4w4_v0_loadonly.s --experts 96 --tokens 512 --topk 6 --model-dim 7168 --inter-dim 3072 --iters 20 --clang /opt/rocm/llvm/bin/clang
W20260903 12:00:35.289433 133258912812608 simple_timer.cpp:55] [rocprofv3] tool initialization ::     0.030218 sec
W20260903 12:00:35.289643 133258912812608 simple_timer.cpp:55] [rocprofv3] 'env -u FLYDSL_DUMP_DIR PYTORCH_ALLOC_CONF=expandable_segments:True GPU_ARCHS=gfx1250 ENABLE_CK=0 AITER_FORCE_GFX1250=1 FLYDSL_DUMP_IR=0 AITER_LOG_MORE=1 python my_code/isa_runner/gemm_batch_isa_runner.py --isa ./my_code/moe_gemm1_a4w4_v0_loadonly.s --experts 96 --tokens 512 --topk 6 --model-dim 7168 --inter-dim 3072 --iters 20 --clang /opt/rocm/llvm/bin/clang' ::     0.000000 sec
W20260903 12:00:35.344862 133733423304256 simple_timer.cpp:55] [rocprofv3] tool initialization ::     0.030056 sec
W20260903 12:00:35.345039 133733423304256 simple_timer.cpp:55] [rocprofv3] 'python my_code/isa_runner/gemm_batch_isa_runner.py --isa ./my_code/moe_gemm1_a4w4_v0_loadonly.s --experts 96 --tokens 512 --topk 6 --model-dim 7168 --inter-dim 3072 --iters 20 --clang /opt/rocm/llvm/bin/clang' ::     0.000000 sec
W20260903 12:00:35.852521 129363077320256 simple_timer.cpp:55] [rocprofv3] tool initialization ::     0.031025 sec
W20260903 12:00:35.852708 129363077320256 simple_timer.cpp:55] [rocprofv3] '/opt/venv/bin/python /opt/venv/bin/offload-arch' ::     0.000000 sec
W20260903 12:00:35.932529 126021820059264 simple_timer.cpp:55] [rocprofv3] tool initialization ::     0.029733 sec
W20260903 12:00:35.932729 126021820059264 simple_timer.cpp:55] [rocprofv3] '/opt/venv/lib/python3.12/site-packages/_rocm_sdk_core/lib/llvm/bin/offload-arch' ::     0.000000 sec
W20260903 12:00:35.932931 126021820059264 simple_timer.cpp:55] [rocprofv3] '/opt/venv/lib/python3.12/site-packages/_rocm_sdk_core/lib/llvm/bin/offload-arch' ::     0.000203 sec
W20260903 12:00:35.932965 126021820059264 tool.cpp:2850] [ATT-DEBUG] advanced_thread_trace block entered; att_library_path='/data/yanguahe/code/wk_sp1/decoder_new'
W20260903 12:00:35.933079 126021820059264 tool.cpp:2854] [ATT-DEBUG] ATTDecoder constructed; valid=1
W20260903 12:00:35.933131 126021820059264 tool.cpp:2859] [ATT-DEBUG] codeobj count=1 att_filenames count=0 output_path=my_code/.get_isa_runner_att_moe_gemm1_a4w4_v0_loadonly.e96_t512_topk6_m7168_n3072.d01-3.20260903T1159Z.att_5215/thread_trace/simd3/kernel/rpf_v3
W20260903 12:00:35.933133 126021820059264 tool.cpp:2904] [ATT-DEBUG] advanced_thread_trace block complete
W20260903 12:00:35.933168 126021820059264 simple_timer.cpp:55] [rocprofv3] output generation ::     0.000210 sec
W20260903 12:00:35.933254 126021820059264 simple_timer.cpp:55] [rocprofv3] tool finalization ::     0.000299 sec
W20260903 12:00:36.762782 133733423304256 tool.cpp:2476] HSA version 1.18.0 initialized (instance=0)
W20260903 12:00:37.409745 124060403609152 simple_timer.cpp:55] [rocprofv3] tool initialization ::     0.030625 sec
W20260903 12:00:37.409950 124060403609152 simple_timer.cpp:55] [rocprofv3] '/opt/venv/bin/python /opt/venv/bin/hipconfig --version' ::     0.000000 sec
W20260903 12:00:37.483673 139890259545664 simple_timer.cpp:55] [rocprofv3] tool initialization ::     0.030629 sec
W20260903 12:00:37.483874 139890259545664 simple_timer.cpp:55] [rocprofv3] '/opt/venv/lib/python3.12/site-packages/_rocm_sdk_core/bin/hipconfig --version' ::     0.000000 sec
W20260903 12:00:37.483944 139890259545664 simple_timer.cpp:55] [rocprofv3] '/opt/venv/lib/python3.12/site-packages/_rocm_sdk_core/bin/hipconfig --version' ::     0.000070 sec
W20260903 12:00:37.483973 139890259545664 tool.cpp:2850] [ATT-DEBUG] advanced_thread_trace block entered; att_library_path='/data/yanguahe/code/wk_sp1/decoder_new'
W20260903 12:00:37.484081 139890259545664 tool.cpp:2854] [ATT-DEBUG] ATTDecoder constructed; valid=1
W20260903 12:00:37.484137 139890259545664 tool.cpp:2859] [ATT-DEBUG] codeobj count=1 att_filenames count=0 output_path=my_code/.get_isa_runner_att_moe_gemm1_a4w4_v0_loadonly.e96_t512_topk6_m7168_n3072.d01-3.20260903T1159Z.att_5215/thread_trace/simd3/kernel/rpf_v3
W20260903 12:00:37.484139 139890259545664 tool.cpp:2904] [ATT-DEBUG] advanced_thread_trace block complete
W20260903 12:00:37.484176 139890259545664 simple_timer.cpp:55] [rocprofv3] output generation ::     0.000209 sec
W20260903 12:00:37.484277 139890259545664 simple_timer.cpp:55] [rocprofv3] tool finalization ::     0.000313 sec
W20260903 12:00:37.552926 138102159527488 simple_timer.cpp:55] [rocprofv3] tool initialization ::     0.031469 sec
W20260903 12:00:37.553167 138102159527488 simple_timer.cpp:55] [rocprofv3] '/bin/sh -c cat /proc/sys/kernel/numa_balancing' ::     0.000000 sec
W20260903 12:00:37.611738 132213936324160 simple_timer.cpp:55] [rocprofv3] tool initialization ::     0.031244 sec
W20260903 12:00:37.611933 132213936324160 simple_timer.cpp:55] [rocprofv3] 'cat /proc/sys/kernel/numa_balancing' ::     0.000000 sec
W20260903 12:00:37.612109 132213936324160 simple_timer.cpp:55] [rocprofv3] 'cat /proc/sys/kernel/numa_balancing' ::     0.000176 sec
W20260903 12:00:37.612142 132213936324160 tool.cpp:2850] [ATT-DEBUG] advanced_thread_trace block entered; att_library_path='/data/yanguahe/code/wk_sp1/decoder_new'
W20260903 12:00:37.612259 132213936324160 tool.cpp:2854] [ATT-DEBUG] ATTDecoder constructed; valid=1
W20260903 12:00:37.612323 132213936324160 tool.cpp:2859] [ATT-DEBUG] codeobj count=1 att_filenames count=0 output_path=my_code/.get_isa_runner_att_moe_gemm1_a4w4_v0_loadonly.e96_t512_topk6_m7168_n3072.d01-3.20260903T1159Z.att_5215/thread_trace/simd3/kernel/rpf_v3
W20260903 12:00:37.612325 132213936324160 tool.cpp:2904] [ATT-DEBUG] advanced_thread_trace block complete
W20260903 12:00:37.612359 132213936324160 simple_timer.cpp:55] [rocprofv3] output generation ::     0.000223 sec
W20260903 12:00:37.612466 132213936324160 simple_timer.cpp:55] [rocprofv3] tool finalization ::     0.000333 sec
[aiter INFO] 2026-09-03 12:00:37.819 - MainProcess:7413 - /data/yanguahe/code/wk_sp1/aiter/aiter/jit/core.py:637 - get_module_custom_op
import [module_aiter_core] under /data/yanguahe/code/wk_sp1/aiter/aiter/jit/module_aiter_core.so
W20260903 12:00:38.099263 131857500335680 simple_timer.cpp:55] [rocprofv3] tool initialization ::     0.031725 sec
W20260903 12:00:38.099443 131857500335680 simple_timer.cpp:55] [rocprofv3] '/bin/sh /sbin/ldconfig -p' ::     0.000000 sec
E20260903 12:00:48.719331 133733423304256 output_stream.cpp:111] Opened result file: my_code/.get_isa_runner_att_moe_gemm1_a4w4_v0_loadonly.e96_t512_topk6_m7168_n3072.d01-3.20260903T1159Z.att_5215/thread_trace/simd3/kernel/rpf_v3/out_gfx1250_code_object_id_1.out
/data/yanguahe/code/wk_sp1/aiter/my_code/isa_runner/gemm_batch_isa_runner.py:858: UserWarning: expandable_segments not supported on this platform (Triggered internally at /__w/rocm-npi-dev/rocm-npi-dev/_therock/external-builds/pytorch/pytorch/c10/hip/HIPAllocatorConfig.h:40.)
  hidden = (torch.randn((contiguous_m, k)) * 0.5).to(torch.bfloat16).to(device)
E20260903 12:00:48.993885 133733423304256 output_stream.cpp:111] Opened result file: my_code/.get_isa_runner_att_moe_gemm1_a4w4_v0_loadonly.e96_t512_topk6_m7168_n3072.d01-3.20260903T1159Z.att_5215/thread_trace/simd3/kernel/rpf_v3/out_gfx1250_code_object_id_2.out
E20260903 12:00:49.017338 133733423304256 output_stream.cpp:111] Opened result file: my_code/.get_isa_runner_att_moe_gemm1_a4w4_v0_loadonly.e96_t512_topk6_m7168_n3072.d01-3.20260903T1159Z.att_5215/thread_trace/simd3/kernel/rpf_v3/out_gfx1250_code_object_id_3.out
E20260903 12:00:49.024524 133733423304256 output_stream.cpp:111] Opened result file: my_code/.get_isa_runner_att_moe_gemm1_a4w4_v0_loadonly.e96_t512_topk6_m7168_n3072.d01-3.20260903T1159Z.att_5215/thread_trace/simd3/kernel/rpf_v3/out_gfx1250_code_object_id_4.out
E20260903 12:00:49.036283 133733423304256 output_stream.cpp:111] Opened result file: my_code/.get_isa_runner_att_moe_gemm1_a4w4_v0_loadonly.e96_t512_topk6_m7168_n3072.d01-3.20260903T1159Z.att_5215/thread_trace/simd3/kernel/rpf_v3/out_gfx1250_code_object_id_5.out
E20260903 12:00:49.057791 133733423304256 output_stream.cpp:111] Opened result file: my_code/.get_isa_runner_att_moe_gemm1_a4w4_v0_loadonly.e96_t512_topk6_m7168_n3072.d01-3.20260903T1159Z.att_5215/thread_trace/simd3/kernel/rpf_v3/out_gfx1250_code_object_id_6.out
E20260903 12:00:49.088008 133733423304256 output_stream.cpp:111] Opened result file: my_code/.get_isa_runner_att_moe_gemm1_a4w4_v0_loadonly.e96_t512_topk6_m7168_n3072.d01-3.20260903T1159Z.att_5215/thread_trace/simd3/kernel/rpf_v3/out_gfx1250_code_object_id_7.out
E20260903 12:00:49.120602 133733423304256 output_stream.cpp:111] Opened result file: my_code/.get_isa_runner_att_moe_gemm1_a4w4_v0_loadonly.e96_t512_topk6_m7168_n3072.d01-3.20260903T1159Z.att_5215/thread_trace/simd3/kernel/rpf_v3/out_gfx1250_code_object_id_8.out
E20260903 12:00:49.148132 133733423304256 output_stream.cpp:111] Opened result file: my_code/.get_isa_runner_att_moe_gemm1_a4w4_v0_loadonly.e96_t512_topk6_m7168_n3072.d01-3.20260903T1159Z.att_5215/thread_trace/simd3/kernel/rpf_v3/out_gfx1250_code_object_id_9.out
E20260903 12:00:49.168786 133733423304256 output_stream.cpp:111] Opened result file: my_code/.get_isa_runner_att_moe_gemm1_a4w4_v0_loadonly.e96_t512_topk6_m7168_n3072.d01-3.20260903T1159Z.att_5215/thread_trace/simd3/kernel/rpf_v3/out_gfx1250_code_object_id_10.out
E20260903 12:00:49.198920 133733423304256 output_stream.cpp:111] Opened result file: my_code/.get_isa_runner_att_moe_gemm1_a4w4_v0_loadonly.e96_t512_topk6_m7168_n3072.d01-3.20260903T1159Z.att_5215/thread_trace/simd3/kernel/rpf_v3/out_gfx1250_code_object_id_11.out
E20260903 12:00:49.279912 133733423304256 output_stream.cpp:111] Opened result file: my_code/.get_isa_runner_att_moe_gemm1_a4w4_v0_loadonly.e96_t512_topk6_m7168_n3072.d01-3.20260903T1159Z.att_5215/thread_trace/simd3/kernel/rpf_v3/out_gfx1250_code_object_id_12.out
E20260903 12:00:49.352674 133733423304256 output_stream.cpp:111] Opened result file: my_code/.get_isa_runner_att_moe_gemm1_a4w4_v0_loadonly.e96_t512_topk6_m7168_n3072.d01-3.20260903T1159Z.att_5215/thread_trace/simd3/kernel/rpf_v3/out_gfx1250_code_object_id_13.out
E20260903 12:00:49.391050 133733423304256 output_stream.cpp:111] Opened result file: my_code/.get_isa_runner_att_moe_gemm1_a4w4_v0_loadonly.e96_t512_topk6_m7168_n3072.d01-3.20260903T1159Z.att_5215/thread_trace/simd3/kernel/rpf_v3/out_gfx1250_code_object_id_14.out
E20260903 12:00:49.434483 133733423304256 output_stream.cpp:111] Opened result file: my_code/.get_isa_runner_att_moe_gemm1_a4w4_v0_loadonly.e96_t512_topk6_m7168_n3072.d01-3.20260903T1159Z.att_5215/thread_trace/simd3/kernel/rpf_v3/out_gfx1250_code_object_id_15.out
E20260903 12:00:49.653865 133733423304256 output_stream.cpp:111] Opened result file: my_code/.get_isa_runner_att_moe_gemm1_a4w4_v0_loadonly.e96_t512_topk6_m7168_n3072.d01-3.20260903T1159Z.att_5215/thread_trace/simd3/kernel/rpf_v3/out_gfx1250_code_object_id_16.out
E20260903 12:00:49.659685 133733423304256 output_stream.cpp:111] Opened result file: my_code/.get_isa_runner_att_moe_gemm1_a4w4_v0_loadonly.e96_t512_topk6_m7168_n3072.d01-3.20260903T1159Z.att_5215/thread_trace/simd3/kernel/rpf_v3/out_gfx1250_code_object_id_17.out
E20260903 12:00:49.667155 133733423304256 output_stream.cpp:111] Opened result file: my_code/.get_isa_runner_att_moe_gemm1_a4w4_v0_loadonly.e96_t512_topk6_m7168_n3072.d01-3.20260903T1159Z.att_5215/thread_trace/simd3/kernel/rpf_v3/out_gfx1250_code_object_id_18.out
E20260903 12:00:49.685269 133733423304256 output_stream.cpp:111] Opened result file: my_code/.get_isa_runner_att_moe_gemm1_a4w4_v0_loadonly.e96_t512_topk6_m7168_n3072.d01-3.20260903T1159Z.att_5215/thread_trace/simd3/kernel/rpf_v3/out_gfx1250_code_object_id_19.out
E20260903 12:00:49.717155 133733423304256 output_stream.cpp:111] Opened result file: my_code/.get_isa_runner_att_moe_gemm1_a4w4_v0_loadonly.e96_t512_topk6_m7168_n3072.d01-3.20260903T1159Z.att_5215/thread_trace/simd3/kernel/rpf_v3/out_gfx1250_code_object_id_20.out
E20260903 12:00:49.774702 133733423304256 output_stream.cpp:111] Opened result file: my_code/.get_isa_runner_att_moe_gemm1_a4w4_v0_loadonly.e96_t512_topk6_m7168_n3072.d01-3.20260903T1159Z.att_5215/thread_trace/simd3/kernel/rpf_v3/out_gfx1250_code_object_id_21.out
E20260903 12:00:49.803920 133733423304256 output_stream.cpp:111] Opened result file: my_code/.get_isa_runner_att_moe_gemm1_a4w4_v0_loadonly.e96_t512_topk6_m7168_n3072.d01-3.20260903T1159Z.att_5215/thread_trace/simd3/kernel/rpf_v3/out_gfx1250_code_object_id_22.out
E20260903 12:00:49.807715 133733423304256 output_stream.cpp:111] Opened result file: my_code/.get_isa_runner_att_moe_gemm1_a4w4_v0_loadonly.e96_t512_topk6_m7168_n3072.d01-3.20260903T1159Z.att_5215/thread_trace/simd3/kernel/rpf_v3/out_gfx1250_code_object_id_23.out
E20260903 12:00:49.813203 133733423304256 output_stream.cpp:111] Opened result file: my_code/.get_isa_runner_att_moe_gemm1_a4w4_v0_loadonly.e96_t512_topk6_m7168_n3072.d01-3.20260903T1159Z.att_5215/thread_trace/simd3/kernel/rpf_v3/out_gfx1250_code_object_id_24.out
E20260903 12:00:49.956713 133733423304256 output_stream.cpp:111] Opened result file: my_code/.get_isa_runner_att_moe_gemm1_a4w4_v0_loadonly.e96_t512_topk6_m7168_n3072.d01-3.20260903T1159Z.att_5215/thread_trace/simd3/kernel/rpf_v3/out_gfx1250_code_object_id_25.out
E20260903 12:00:49.957976 133673571579584 output_stream.cpp:111] Opened result file: my_code/.get_isa_runner_att_moe_gemm1_a4w4_v0_loadonly.e96_t512_topk6_m7168_n3072.d01-3.20260903T1159Z.att_5215/thread_trace/simd3/kernel/rpf_v3/out_47956_shader_engine_0_3523.att
E20260903 12:00:49.958280 133673571579584 output_stream.cpp:111] Opened result file: my_code/.get_isa_runner_att_moe_gemm1_a4w4_v0_loadonly.e96_t512_topk6_m7168_n3072.d01-3.20260903T1159Z.att_5215/thread_trace/simd3/kernel/rpf_v3/out_47956_shader_engine_1_3523.att
E20260903 12:00:49.958570 133673571579584 output_stream.cpp:111] Opened result file: my_code/.get_isa_runner_att_moe_gemm1_a4w4_v0_loadonly.e96_t512_topk6_m7168_n3072.d01-3.20260903T1159Z.att_5215/thread_trace/simd3/kernel/rpf_v3/out_47956_shader_engine_2_3523.att
E20260903 12:00:49.958856 133673571579584 output_stream.cpp:111] Opened result file: my_code/.get_isa_runner_att_moe_gemm1_a4w4_v0_loadonly.e96_t512_topk6_m7168_n3072.d01-3.20260903T1159Z.att_5215/thread_trace/simd3/kernel/rpf_v3/out_47956_shader_engine_3_3523.att
/opt/venv/lib/python3.12/site-packages/torch/profiler/profiler.py:217: UserWarning: Warning: Profiler clears events at the end of each cycle.Only events from the current cycle will be reported.To keep events across cycles, set acc_events=True.
  _warn_once(
[W903 12:00:49.789417325 collection.cpp:1148] Warning: ROCTracer produced duplicate flow start: 1 (function operator())
[gemm_batch_isa_runner] MoE user parameters: experts=96; tokens=512; topk=6; model_dim=7168; inter_dim=3072
[gemm_batch_isa_runner] MoE derived contract: valid_routes=3072; valid_rows/expert=32; raw GEMM shape=(64, 6144, 7168); contiguous_m=9216; logical WG grid=(24,144,1); physical grid=(3456, 1, 1); working WGs=2304; tail WGs=1152; expert tile padding rows=3072; tail capacity rows=3072
[gemm_batch_isa_runner] selected profile: a8w4-moe-gemm1-tdm-loadonly; symbol=a8w4_tdm_fp4_t64x256x256_w1x4_b2_K7168_e96_act1_wpt4_loadonly; shape=(64, 6144, 7168); WG tile=(64, 256); wave tile=(64, 64); batch=96
[gemm_batch_isa_runner] logical WG grid=(24, 144, 1); WG tasks total=3456; logical cluster grid=(24, 144, 1); cluster tasks/plane=3456; cluster tasks total=3456
[gemm_batch_isa_runner] physical launch=(3456, 1, 1); block=(128, 1, 1); cluster=(1, 1, 1); physical cluster grid=(3456, 1, 1); clusters/plane=3456; clusters total=3456; physical WGs/plane=3456; physical WGs total=3456; encoded recurrence stride/plane=0; log2 X/Y grid=(0, 0)
[gemm_batch_isa_runner] ABI=a8w4-moe-tdm-v1; kernarg=184 bytes; static LDS=87 KB; dynamic LDS=0 KB; WGs/WGP by LDS=3 (LDS budget=320 KB); VGPR/SGPR metadata=239/88; stores to D=False
[gemm_batch_isa_runner] selected clang: /opt/venv/lib/python3.12/site-packages/_rocm_sdk_core/lib/llvm/bin/clang
[gemm_batch_isa_runner] /opt/venv/lib/python3.12/site-packages/_rocm_sdk_core/lib/llvm/bin/clang -x assembler -target amdgcn-amd-amdhsa -mcpu=gfx1250 -mcode-object-version=6 -c /data/yanguahe/code/wk_sp1/aiter/my_code/moe_gemm1_a4w4_v0_loadonly.s -o /tmp/gemm_batch_isa_runner_9x9mme91/a8w4_tdm_fp4_t64x256x256_w1x4_b2_K7168_e96_act1_wpt4_loadonly.o
[gemm_batch_isa_runner] /opt/venv/lib/python3.12/site-packages/_rocm_sdk_core/lib/llvm/bin/clang -target amdgcn-amd-amdhsa -mcpu=gfx1250 -mcode-object-version=6 -nostdlib -Wl,--no-undefined -shared /tmp/gemm_batch_isa_runner_9x9mme91/a8w4_tdm_fp4_t64x256x256_w1x4_b2_K7168_e96_act1_wpt4_loadonly.o -o /tmp/gemm_batch_isa_runner_9x9mme91/a8w4_tdm_fp4_t64x256x256_w1x4_b2_K7168_e96_act1_wpt4_loadonly.co
[gemm_isa_runner] AITER_LOG_MORE trace remains explicit; temporarily setting it to 0 inside run_perftest to avoid its additional CUDA-event iteration pass

[gemm_isa_runner run_perftest trace_df]
                                                                        name   cnt  host_time_sum  device_time_sum  device_time_avg device_type device_index
0              a8w4_tdm_fp4_t64x256x256_w1x4_b2_K7168_e96_act1_wpt4_loadonly  19.0          0.000           39.197            2.063        CUDA            2
1                                  gemm_isa_runner_7413::launch_7982d8090d60  19.0         39.197            0.000            0.000         CPU         7413
[avg us/iter]                                                            NaN   NaN          2.063            2.063              NaN         NaN          NaN
[gemm_isa_runner] captured kernel name=a8w4_tdm_fp4_t64x256x256_w1x4_b2_K7168_e96_act1_wpt4_loadonly
[gemm_isa_runner] profiler count=19; device_time_sum=39.1970 us; device_time_avg=2.0630 us; profiler device_index=2; requested torch device ordinal=0
[gemm_isa_runner] timing source=run_perftest testGraph=False torch-profiler; testGraph=False; run_perftest _us=2.0630
[gemm_batch_isa_runner] useful logical logical_read_bytes=2257747968; logical_write_bytes=0 (stores output=False; detected mnemonic=none); logical_bytes=read+write=2257747968
[gemm_batch_isa_runner] MoE stage-1 a4w4: experts=96 rows/expert=64 (32 valid) routed_m=6144 contiguous_m=9216 N=6144 K=7168; m_tiles=96 carry data x n_tiles=24 = 2304 working WGs of grid=(3456, 1, 1) (1152 exit at entry)
[gemm_batch_isa_runner] useful logical read components: A MXFP4=11010048; ScaleA E8M0=688128; B MXFP4=2113929216; ScaleB E8M0=132120576; read total=2257747968
[gemm_batch_isa_runner] useful logical output formula: 3072 valid routed rows x 3072 BF16 columns x 2 bytes = 18874368; output allocation footprint=56623104 (9216 capacity rows); logical_write_bytes=0
[gemm_batch_isa_runner] scheduled/padding context (excluded from useful bytes): rows/expert=64; valid/expert=32; active m_tiles=96; working WGs=2304; tail capacity rows=3072; tensor footprints A=33030144 B=2113929216 sA=2064384 sB=132120576
run_perftest kernel timing (microseconds; source=run_perftest testGraph=False torch-profiler; summary uses the captured target-row device_time_avg):
| name                                                          | cnt | warmup | device_time_sum | device_time_avg | device_type | device_index | source                                      |
| ------------------------------------------------------------- | --- | ------ | --------------- | --------------- | ----------- | ------------ | ------------------------------------------- |
| a8w4_tdm_fp4_t64x256x256_w1x4_b2_K7168_e96_act1_wpt4_loadonly | 19  | 101    | 39.1970         | 2.0630          | CUDA        | 2            | run_perftest testGraph=False torch-profiler |
GEMM ISA runner summary (markdown; profile=a8w4-moe-gemm1-tdm-loadonly; symbol=a8w4_tdm_fp4_t64x256x256_w1x4_b2_K7168_e96_act1_wpt4_loadonly):
| intype | batch | M  | N    | K    | apre | init   | seed | dtype | gfx     | logical cluster tasks/plane | physical clusters/plane | physical WGs/plane | encoded recurrence stride/plane | ref hash128         | gemm_a4w4 us | gemm_a4w4 TFLOPS | gemm_a4w4 bytes | gemm_a4w4 TB/s | gemm_a4w4 err       | gemm_a4w4 out hash128 | gemm_a4w4 max_err_info | gemm_a4w4 rel_l2    |
| ------ | ----- | -- | ---- | ---- | ---- | ------ | ---- | ----- | ------- | --------------------------- | ----------------------- | ------------------ | ------------------------------- | ------------------- | ------------ | ---------------- | --------------- | -------------- | ------------------- | --------------------- | ---------------------- | ------------------- |
| a4w4   | 96    | 64 | 6144 | 7168 | 1    | random | 0    | bf16  | gfx1250 | 3456                        | 3456                    | 3456               | 0                               | n/a (not validated) | 2.063        | n/a (no store)   | 2257747968      | 995.351        | n/a (not validated) | n/a (not validated)   | n/a (not validated)    | n/a (not validated) |
E20260903 12:00:50.435260 133733423304256 output_stream.cpp:111] Opened result file: my_code/.get_isa_runner_att_moe_gemm1_a4w4_v0_loadonly.e96_t512_topk6_m7168_n3072.d01-3.20260903T1159Z.att_5215/thread_trace/simd3/kernel/rpf_v3/out_agent_info.csv
W20260903 12:00:50.435321 133733423304256 tool.cpp:2850] [ATT-DEBUG] advanced_thread_trace block entered; att_library_path='/data/yanguahe/code/wk_sp1/decoder_new'
W20260903 12:00:50.435555 133733423304256 tool.cpp:2854] [ATT-DEBUG] ATTDecoder constructed; valid=1
W20260903 12:00:50.435608 133733423304256 tool.cpp:2859] [ATT-DEBUG] codeobj count=26 att_filenames count=1 output_path=my_code/.get_isa_runner_att_moe_gemm1_a4w4_v0_loadonly.e96_t512_topk6_m7168_n3072.d01-3.20260903T1159Z.att_5215/thread_trace/simd3/kernel/rpf_v3
W20260903 12:00:50.435611 133733423304256 tool.cpp:2885] [ATT-DEBUG] parse() begin dispatch_id=3523 shader_files=4 out_path=my_code/.get_isa_runner_att_moe_gemm1_a4w4_v0_loadonly.e96_t512_topk6_m7168_n3072.d01-3.20260903T1159Z.att_5215/thread_trace/simd3/kernel/rpf_v3/ui_output_agent_47956_dispatch_3523
W20260903 12:00:50.673992 133733423304256 tool.cpp:2892] [ATT-DEBUG] parse() OK dispatch_id=3523
W20260903 12:00:50.674005 133733423304256 tool.cpp:2904] [ATT-DEBUG] advanced_thread_trace block complete
W20260903 12:00:50.674263 133733423304256 simple_timer.cpp:55] [rocprofv3] output generation ::     0.240806 sec
W20260903 12:00:50.675997 133733423304256 simple_timer.cpp:55] [rocprofv3] tool finalization ::     0.242547 sec
advanced-thread-trace-a8w4_tdm_fp4_t64x256x256_w1x4_b2_K7168_e96_act1_wpt4_loadonly-simd3 exit status: 0
ATT artifact found: my_code/.get_isa_runner_att_moe_gemm1_a4w4_v0_loadonly.e96_t512_topk6_m7168_n3072.d01-3.20260903T1159Z.att_5215/thread_trace/simd3/kernel/rpf_v3/out_47956_shader_engine_2_3523.att
