Running kernel-trace-stats: rocprofv3 --kernel-trace --stats -d my_code/.get_isa_runner_att_gemm1opt_e96_t16384_baseline.d01-3.att_508/kernel_trace -- env -u FLYDSL_DUMP_DIR PYTORCH_ALLOC_CONF=expandable_segments:True GPU_ARCHS=gfx1250 ENABLE_CK=0 AITER_FORCE_GFX1250=1 FLYDSL_DUMP_IR=0 python3 -u op_tests/test_flydsl_grouped_gemm_gfx1250.py --scenario bench --data-format a4w4 --experts 96 --tokens 16384 --topk 6 --iters 4 --warmup 1 --model-dim 7168 --inter-dim 3072 --act silu --no-bias --no-check-aot-cache --const-init 0
W20260907 10:47:58.801367 139609942531648 simple_timer.cpp:55] [rocprofv3] tool initialization ::     0.000950 sec
W20260907 10:47:58.801669 139609942531648 simple_timer.cpp:55] [rocprofv3] 'env -u FLYDSL_DUMP_DIR PYTORCH_ALLOC_CONF=expandable_segments:True GPU_ARCHS=gfx1250 ENABLE_CK=0 AITER_FORCE_GFX1250=1 FLYDSL_DUMP_IR=0 python3 -u op_tests/test_flydsl_grouped_gemm_gfx1250.py --scenario bench --data-format a4w4 --experts 96 --tokens 16384 --topk 6 --iters 4 --warmup 1 --model-dim 7168 --inter-dim 3072 --act silu --no-bias --no-check-aot-cache --const-init 0' ::     0.000000 sec
W20260907 10:47:58.827187 130740866141760 simple_timer.cpp:55] [rocprofv3] tool initialization ::     0.000526 sec
W20260907 10:47:58.827236 130740866141760 simple_timer.cpp:55] [rocprofv3] 'python3 -u op_tests/test_flydsl_grouped_gemm_gfx1250.py --scenario bench --data-format a4w4 --experts 96 --tokens 16384 --topk 6 --iters 4 --warmup 1 --model-dim 7168 --inter-dim 3072 --act silu --no-bias --no-check-aot-cache --const-init 0' ::     0.000001 sec
W20260907 10:47:58.937843 133742326816320 simple_timer.cpp:55] [rocprofv3] tool initialization ::     0.000585 sec
W20260907 10:47:58.937894 133742326816320 simple_timer.cpp:55] [rocprofv3] '/opt/venv/bin/python /opt/venv/bin/offload-arch' ::     0.000001 sec
W20260907 10:47:58.992317 125799091723904 simple_timer.cpp:55] [rocprofv3] tool initialization ::     0.000394 sec
W20260907 10:47:58.992387 125799091723904 simple_timer.cpp:55] [rocprofv3] '/opt/venv/lib/python3.12/site-packages/_rocm_sdk_core/lib/llvm/bin/offload-arch' ::     0.000000 sec
W20260907 10:47:58.992630 125799091723904 simple_timer.cpp:55] [rocprofv3] '/opt/venv/lib/python3.12/site-packages/_rocm_sdk_core/lib/llvm/bin/offload-arch' ::     0.000243 sec
W20260907 10:47:58.993496 125799091723904 simple_timer.cpp:55] [rocprofv3] output generation ::     0.000357 sec
W20260907 10:47:58.993577 125799091723904 simple_timer.cpp:55] [rocprofv3] tool finalization ::     0.000505 sec
W20260907 10:48:00.320317 127312554716736 simple_timer.cpp:55] [rocprofv3] tool initialization ::     0.000621 sec
W20260907 10:48:00.320387 127312554716736 simple_timer.cpp:55] [rocprofv3] '/opt/venv/bin/python /opt/venv/bin/hipconfig --version' ::     0.000000 sec
W20260907 10:48:00.362437 124631077002816 simple_timer.cpp:55] [rocprofv3] tool initialization ::     0.000513 sec
W20260907 10:48:00.362493 124631077002816 simple_timer.cpp:55] [rocprofv3] '/opt/venv/lib/python3.12/site-packages/_rocm_sdk_core/bin/hipconfig --version' ::     0.000000 sec
W20260907 10:48:00.362554 124631077002816 simple_timer.cpp:55] [rocprofv3] '/opt/venv/lib/python3.12/site-packages/_rocm_sdk_core/bin/hipconfig --version' ::     0.000061 sec
W20260907 10:48:00.362969 124631077002816 simple_timer.cpp:55] [rocprofv3] output generation ::     0.000312 sec
W20260907 10:48:00.363055 124631077002816 simple_timer.cpp:55] [rocprofv3] tool finalization ::     0.000472 sec
W20260907 10:48:00.399624 126186452442688 simple_timer.cpp:55] [rocprofv3] tool initialization ::     0.000636 sec
W20260907 10:48:00.399685 126186452442688 simple_timer.cpp:55] [rocprofv3] '/bin/sh -c cat /proc/sys/kernel/numa_balancing' ::     0.000000 sec
W20260907 10:48:00.426998 129977118412352 simple_timer.cpp:55] [rocprofv3] tool initialization ::     0.000593 sec
W20260907 10:48:00.427057 129977118412352 simple_timer.cpp:55] [rocprofv3] 'cat /proc/sys/kernel/numa_balancing' ::     0.000000 sec
W20260907 10:48:00.427192 129977118412352 simple_timer.cpp:55] [rocprofv3] 'cat /proc/sys/kernel/numa_balancing' ::     0.000135 sec
W20260907 10:48:00.427638 129977118412352 simple_timer.cpp:55] [rocprofv3] output generation ::     0.000337 sec
W20260907 10:48:00.427752 129977118412352 simple_timer.cpp:55] [rocprofv3] tool finalization ::     0.000527 sec
[aiter WARNING] 2026-09-07 10:48:00.429 - MainProcess:535 - /data/yanguahe/code/wk_sp1/aiter/aiter/jit/core.py:615 - check_numa_custom_op
WARNING: NUMA balancing is enabled, which may cause errors. It is recommended to disable NUMA balancing by running "sudo sh -c 'echo 0 > /proc/sys/kernel/numa_balancing'" for more details: https://rocm.docs.amd.com/en/latest/how-to/system-optimization/mi300x.html#disable-numa-auto-balancing
[aiter INFO] 2026-09-07 10:48:00.540 - MainProcess:535 - /data/yanguahe/code/wk_sp1/aiter/aiter/jit/core.py:637 - get_module_custom_op
import [module_aiter_core] under /data/yanguahe/code/wk_sp1/aiter/aiter/jit/module_aiter_core.so
W20260907 10:48:00.719876 130740866141760 tool.cpp:2476] HSA version 1.18.0 initialized (instance=0)
W20260907 10:48:00.771060 131294117097024 simple_timer.cpp:55] [rocprofv3] tool initialization ::     0.000572 sec
W20260907 10:48:00.771110 131294117097024 simple_timer.cpp:55] [rocprofv3] '/bin/sh /sbin/ldconfig -p' ::     0.000000 sec
[aiter INFO] 2026-09-07 10:48:03.306 - MainProcess:535 - /data/yanguahe/code/wk_sp1/aiter/op_tests/test_flydsl_grouped_gemm_gfx1250.py:1699 - set_data_format
grouped GEMM data format: a4w4
/opt/venv/lib/python3.12/site-packages/torch/utils/_device.py:109: UserWarning: expandable_segments not supported on this platform (Triggered internally at /__w/rocm-npi-dev/rocm-npi-dev/_therock/external-builds/pytorch/pytorch/c10/hip/HIPAllocatorConfig.h:40.)
  return func(*args, **kwargs)
[aiter INFO] 2026-09-07 10:48:03.590 - MainProcess:535 - /data/yanguahe/code/wk_sp1/aiter/aiter/jit/core.py:637 - get_module_custom_op
import [module_moe_asm] under /data/yanguahe/code/wk_sp1/aiter/aiter/jit/module_moe_asm.so
[aiter INFO] 2026-09-07 10:48:04.185 - MainProcess:535 - /data/yanguahe/code/wk_sp1/aiter/aiter/test_common.py:93 - wrapper
avg: 2242.70099401474 us/iter from cuda.Event
/opt/venv/lib/python3.12/site-packages/torch/profiler/profiler.py:217: UserWarning: Warning: Profiler clears events at the end of each cycle.Only events from the current cycle will be reported.To keep events across cycles, set acc_events=True.
  _warn_once(
[W907 10:48:04.229111638 collection.cpp:1148] Warning: ROCTracer produced duplicate flow start: 1 (function operator())
[aiter INFO] 2026-09-07 10:48:04.206 - MainProcess:535 - /data/yanguahe/code/wk_sp1/aiter/aiter/test_common.py:335 - post_process_data
abnormal data indices: {98, 38, 103, 11, 139, 14, 48, 146}
[aiter INFO] 2026-09-07 10:48:04.206 - MainProcess:535 - /data/yanguahe/code/wk_sp1/aiter/aiter/test_common.py:337 - post_process_data
abnormal data: 1.8410000000001219
[aiter INFO] 2026-09-07 10:48:04.207 - MainProcess:535 - /data/yanguahe/code/wk_sp1/aiter/aiter/test_common.py:337 - post_process_data
abnormal data: 0.9610000000000127
[aiter INFO] 2026-09-07 10:48:04.207 - MainProcess:535 - /data/yanguahe/code/wk_sp1/aiter/aiter/test_common.py:337 - post_process_data
abnormal data: 3.3640000000000327
[aiter INFO] 2026-09-07 10:48:04.207 - MainProcess:535 - /data/yanguahe/code/wk_sp1/aiter/aiter/test_common.py:337 - post_process_data
abnormal data: 1.2799999999999727
[aiter INFO] 2026-09-07 10:48:04.207 - MainProcess:535 - /data/yanguahe/code/wk_sp1/aiter/aiter/test_common.py:337 - post_process_data
abnormal data: 3.32300000000032
[aiter INFO] 2026-09-07 10:48:04.207 - MainProcess:535 - /data/yanguahe/code/wk_sp1/aiter/aiter/test_common.py:337 - post_process_data
abnormal data: 0.7599999999999909
[aiter INFO] 2026-09-07 10:48:04.207 - MainProcess:535 - /data/yanguahe/code/wk_sp1/aiter/aiter/test_common.py:337 - post_process_data
abnormal data: 1.0009999999999764
[aiter INFO] 2026-09-07 10:48:04.207 - MainProcess:535 - /data/yanguahe/code/wk_sp1/aiter/aiter/test_common.py:337 - post_process_data
abnormal data: 2.08199999999988
[aiter INFO] 2026-09-07 10:48:04.248 - MainProcess:535 - /data/yanguahe/code/wk_sp1/aiter/aiter/test_common.py:420 - get_trace_perf
                                                                                                    name  cnt  host_time_sum  device_time_sum  device_time_avg device_type device_index
0                                                          moe_gather_reduce_bf16_d7168_tk6_sk1_v4_wbf16  3.0            0.0              4.3              1.4        CUDA            2
1                                       moe_fused_quant_preshuffle_routeks_fd3072_r8_fp4_pk8_srcrow_noKS  3.0            0.0              5.8              1.9        CUDA            2
2                                          a8w4_tdm_fp4_t256x256x256_w2x2_b4_K3072_e96_cn4_prefetch_wpt1  3.0            0.0              6.0              2.0        CUDA            2
3                                       moe_fused_quant_preshuffle_routeks_fd7168_r8_fp4_pk8_srctk6_noKS  3.0            0.0              6.2              2.1        CUDA            2
4                                     a8w4_tdm_fp4_t256x256x256_w2x2_b4_K7168_e96_act1_cn4_prefetch_wpt1  3.0            0.0              6.6              2.2        CUDA            2
5              void at::native::vectorized_elementwise_kernel<4, at::native::FillFunctor<int>, std::a...  3.0            0.0              7.0              2.3        CUDA            2
6                                                                                              moe_route  3.0            0.0              7.1              2.4        CUDA            2
7                                                                              moe_contiguous_psum_remap  3.0            0.0              8.0              2.7        CUDA            2
8                                                                                            aten::fill_  3.0            7.0              0.0              0.0         CPU          535
9                                                                                      aiter::fused_moe_  3.0           44.1              0.0              0.0         CPU          535
[avg us/iter]                                                                                        NaN  NaN           17.0             17.0              NaN         NaN          NaN
[sanity a4w4 silu] eager-profile: logits_diff=0.0000e+00 rel_l2=0.0000e+00 (gate<0.01, ref_norm=0.0000e+00)
[sanity a4w4 silu] output_sha256=bc3404a6147c932d6ff7c322658fc3258b7a0ca1b81adf2a381f73ed1348020e
[bench a4w4 silu] fused_moe end-to-end us = 17.04 (testGraph=False)
[bench kernel timing] gemm1: device_time_avg=2.215 us count=3 symbol=a8w4_tdm_fp4_t256x256x256_w2x2_b4_K7168_e96_act1_cn4_prefetch_wpt1
[bench kernel timing] gemm2: device_time_avg=2.016 us count=3 symbol=a8w4_tdm_fp4_t256x256x256_w2x2_b4_K3072_e96_cn4_prefetch_wpt1

[precision summary]
| data_format   | act   | init   |   experts |   tokens |   topk |   model_dim |   inter_dim |   logits_diff |   rel_l2 | pass   |      us |   gemm1_us |   gemm2_us | gemm1 executed                               | gemm1 effective read            | gemm1 output write                  | gemm1 effective R+W             | gemm2 executed                               | gemm2 effective read           | gemm2 output write                    | gemm2 effective R+W             |
|:--------------|:------|:-------|----------:|---------:|-------:|------------:|------------:|--------------:|---------:|:-------|--------:|-----------:|-----------:|:---------------------------------------------|:--------------------------------|:------------------------------------|:--------------------------------|:---------------------------------------------|:-------------------------------|:--------------------------------------|:--------------------------------|
| a4w4          | silu  | const  |        96 |    16384 |      6 |        7168 |        3072 |             0 |        0 | True   | 17.0443 |    2.21533 |    2.01567 | 8,658,654,068,736 FLOP → 3,908,510.7 TFLOP/s | 2,620,391,424 B → 1075.789 TB/s | 603,979,776 B (BF16) → 247.961 TB/s | 3,224,371,200 B → 1323.750 TB/s | 4,329,327,034,368 FLOP → 2,147,838.8 TFLOP/s | 1,283,457,024 B → 579.112 TB/s | 1,409,286,144 B (BF16) → 635.888 TB/s | 2,692,743,168 B → 1215.000 TB/s |
W20260907 10:48:05.870247 130740866141760 simple_timer.cpp:55] [rocprofv3] 'python3 -u op_tests/test_flydsl_grouped_gemm_gfx1250.py --scenario bench --data-format a4w4 --experts 96 --tokens 16384 --topk 6 --iters 4 --warmup 1 --model-dim 7168 --inter-dim 3072 --act silu --no-bias --no-check-aot-cache --const-init 0' ::     7.043012 sec
W20260907 10:48:05.906653 130740866141760 generateRocpd.cpp:583] writing SQL database for process 535 on node 2161002656
E20260907 10:48:05.908454 130740866141760 generateRocpd.cpp:606] Opened result file: my_code/.get_isa_runner_att_gemm1opt_e96_t16384_baseline.d01-3.att_508/kernel_trace/heliosr-1b114-d01-3/535_results.db (UUID=00000073-79f1-79f1-a93a-bb39a10c4e86)
W20260907 10:48:06.238866 130740866141760 simple_timer.cpp:55] SQLite3 generation :: rocpd_string             ::     0.285541 sec
W20260907 10:48:06.239178 130740866141760 simple_timer.cpp:55] SQLite3 generation :: rocpd_info_node          ::     0.000286 sec
W20260907 10:48:06.239797 130740866141760 simple_timer.cpp:55] SQLite3 generation :: rocpd_info_process       ::     0.000609 sec
W20260907 10:48:06.241557 130740866141760 simple_timer.cpp:55] SQLite3 generation :: rocpd_info_agent         ::     0.001313 sec
W20260907 10:48:06.241567 130740866141760 simple_timer.cpp:55] SQLite3 generation :: rocpd_info_pmc           ::     0.000003 sec
W20260907 10:48:06.565438 130740866141760 simple_timer.cpp:55] SQLite3 generation :: rocpd kernel info        ::     0.323867 sec
W20260907 10:48:06.565454 130740866141760 simple_timer.cpp:55] SQLite3 generation :: rocpd_region             ::     0.000002 sec
W20260907 10:48:06.854581 130740866141760 simple_timer.cpp:55] SQLite3 generation :: rocpd_kernel_dispatch    ::     0.289124 sec
W20260907 10:48:06.854589 130740866141760 simple_timer.cpp:55] SQLite3 generation :: rocpd_pmc_event          ::     0.000000 sec
W20260907 10:48:06.854591 130740866141760 simple_timer.cpp:55] SQLite3 generation :: rocpd_memory_copy        ::     0.000000 sec
W20260907 10:48:06.854598 130740866141760 simple_timer.cpp:55] SQLite3 generation :: rocpd_memory_allocate    ::     0.000006 sec
W20260907 10:48:06.854778 130740866141760 simple_timer.cpp:55] SQLite3 generation :: SQL indexing             ::     0.000179 sec
W20260907 10:48:06.864338 130740866141760 simple_timer.cpp:55] SQLite3 generation :: total                    ::     0.957685 sec
W20260907 10:48:06.865632 130740866141760 simple_timer.cpp:55] [rocprofv3] output generation ::     0.970330 sec
W20260907 10:48:06.868302 130740866141760 simple_timer.cpp:55] [rocprofv3] tool finalization ::     0.973054 sec
kernel-trace-stats exit status: 0
