Running advanced-thread-trace-a8w4_tdm_fp4_t256x256x256_w2x2_b4_K7168_e96_act1_cn4_prefetch_wpt1-simd3: rocprofv3 -i my_code/.get_isa_runner_att_gemm1opt_e96_t16384_baseline.d01-3.att_508/input_kernel.yaml -- env -u FLYDSL_DUMP_DIR PYTORCH_ALLOC_CONF=expandable_segments:True GPU_ARCHS=gfx1250 ENABLE_CK=0 AITER_FORCE_GFX1250=1 FLYDSL_DUMP_IR=0 python3 -u op_tests/test_flydsl_grouped_gemm_gfx1250.py --scenario bench --data-format a4w4 --experts 96 --tokens 16384 --topk 6 --iters 4 --warmup 1 --model-dim 7168 --inter-dim 3072 --act silu --no-bias --no-check-aot-cache --const-init 0
W20260907 10:48:07.187169 133423466741312 simple_timer.cpp:55] [rocprofv3] tool initialization ::     0.031472 sec
W20260907 10:48:07.187379 133423466741312 simple_timer.cpp:55] [rocprofv3] 'env -u FLYDSL_DUMP_DIR PYTORCH_ALLOC_CONF=expandable_segments:True GPU_ARCHS=gfx1250 ENABLE_CK=0 AITER_FORCE_GFX1250=1 FLYDSL_DUMP_IR=0 python3 -u op_tests/test_flydsl_grouped_gemm_gfx1250.py --scenario bench --data-format a4w4 --experts 96 --tokens 16384 --topk 6 --iters 4 --warmup 1 --model-dim 7168 --inter-dim 3072 --act silu --no-bias --no-check-aot-cache --const-init 0' ::     0.000000 sec
W20260907 10:48:07.244234 129642740858432 simple_timer.cpp:55] [rocprofv3] tool initialization ::     0.031583 sec
W20260907 10:48:07.244425 129642740858432 simple_timer.cpp:55] [rocprofv3] 'python3 -u op_tests/test_flydsl_grouped_gemm_gfx1250.py --scenario bench --data-format a4w4 --experts 96 --tokens 16384 --topk 6 --iters 4 --warmup 1 --model-dim 7168 --inter-dim 3072 --act silu --no-bias --no-check-aot-cache --const-init 0' ::     0.000000 sec
W20260907 10:48:07.387258 131813798370880 simple_timer.cpp:55] [rocprofv3] tool initialization ::     0.030573 sec
W20260907 10:48:07.387527 131813798370880 simple_timer.cpp:55] [rocprofv3] '/opt/venv/bin/python /opt/venv/bin/offload-arch' ::     0.000000 sec
W20260907 10:48:07.471237 140382705483392 simple_timer.cpp:55] [rocprofv3] tool initialization ::     0.031762 sec
W20260907 10:48:07.471436 140382705483392 simple_timer.cpp:55] [rocprofv3] '/opt/venv/lib/python3.12/site-packages/_rocm_sdk_core/lib/llvm/bin/offload-arch' ::     0.000000 sec
W20260907 10:48:07.471644 140382705483392 simple_timer.cpp:55] [rocprofv3] '/opt/venv/lib/python3.12/site-packages/_rocm_sdk_core/lib/llvm/bin/offload-arch' ::     0.000208 sec
W20260907 10:48:07.471677 140382705483392 tool.cpp:2850] [ATT-DEBUG] advanced_thread_trace block entered; att_library_path='/data/yanguahe/code/wk_sp1/decoder_new'
W20260907 10:48:07.472160 140382705483392 tool.cpp:2854] [ATT-DEBUG] ATTDecoder constructed; valid=1
W20260907 10:48:07.472218 140382705483392 tool.cpp:2859] [ATT-DEBUG] codeobj count=1 att_filenames count=0 output_path=my_code/.get_isa_runner_att_gemm1opt_e96_t16384_baseline.d01-3.att_508/thread_trace/kernel/rpf_v3
W20260907 10:48:07.472221 140382705483392 tool.cpp:2904] [ATT-DEBUG] advanced_thread_trace block complete
W20260907 10:48:07.472265 140382705483392 simple_timer.cpp:55] [rocprofv3] output generation ::     0.000594 sec
W20260907 10:48:07.472356 140382705483392 simple_timer.cpp:55] [rocprofv3] tool finalization ::     0.000689 sec
W20260907 10:48:08.824916 135680645422656 simple_timer.cpp:55] [rocprofv3] tool initialization ::     0.030865 sec
W20260907 10:48:08.825118 135680645422656 simple_timer.cpp:55] [rocprofv3] '/opt/venv/bin/python /opt/venv/bin/hipconfig --version' ::     0.000000 sec
W20260907 10:48:08.897323 128844408106560 simple_timer.cpp:55] [rocprofv3] tool initialization ::     0.029977 sec
W20260907 10:48:08.897528 128844408106560 simple_timer.cpp:55] [rocprofv3] '/opt/venv/lib/python3.12/site-packages/_rocm_sdk_core/bin/hipconfig --version' ::     0.000000 sec
W20260907 10:48:08.897596 128844408106560 simple_timer.cpp:55] [rocprofv3] '/opt/venv/lib/python3.12/site-packages/_rocm_sdk_core/bin/hipconfig --version' ::     0.000068 sec
W20260907 10:48:08.897627 128844408106560 tool.cpp:2850] [ATT-DEBUG] advanced_thread_trace block entered; att_library_path='/data/yanguahe/code/wk_sp1/decoder_new'
W20260907 10:48:08.897726 128844408106560 tool.cpp:2854] [ATT-DEBUG] ATTDecoder constructed; valid=1
W20260907 10:48:08.897776 128844408106560 tool.cpp:2859] [ATT-DEBUG] codeobj count=1 att_filenames count=0 output_path=my_code/.get_isa_runner_att_gemm1opt_e96_t16384_baseline.d01-3.att_508/thread_trace/kernel/rpf_v3
W20260907 10:48:08.897778 128844408106560 tool.cpp:2904] [ATT-DEBUG] advanced_thread_trace block complete
W20260907 10:48:08.897808 128844408106560 simple_timer.cpp:55] [rocprofv3] output generation ::     0.000187 sec
W20260907 10:48:08.897892 128844408106560 simple_timer.cpp:55] [rocprofv3] tool finalization ::     0.000274 sec
W20260907 10:48:08.965567 125538939592256 simple_timer.cpp:55] [rocprofv3] tool initialization ::     0.031088 sec
W20260907 10:48:08.965775 125538939592256 simple_timer.cpp:55] [rocprofv3] '/bin/sh -c cat /proc/sys/kernel/numa_balancing' ::     0.000000 sec
W20260907 10:48:09.023452 130568008941120 simple_timer.cpp:55] [rocprofv3] tool initialization ::     0.032085 sec
W20260907 10:48:09.023643 130568008941120 simple_timer.cpp:55] [rocprofv3] 'cat /proc/sys/kernel/numa_balancing' ::     0.000000 sec
W20260907 10:48:09.023786 130568008941120 simple_timer.cpp:55] [rocprofv3] 'cat /proc/sys/kernel/numa_balancing' ::     0.000143 sec
W20260907 10:48:09.023809 130568008941120 tool.cpp:2850] [ATT-DEBUG] advanced_thread_trace block entered; att_library_path='/data/yanguahe/code/wk_sp1/decoder_new'
W20260907 10:48:09.023911 130568008941120 tool.cpp:2854] [ATT-DEBUG] ATTDecoder constructed; valid=1
W20260907 10:48:09.023962 130568008941120 tool.cpp:2859] [ATT-DEBUG] codeobj count=1 att_filenames count=0 output_path=my_code/.get_isa_runner_att_gemm1opt_e96_t16384_baseline.d01-3.att_508/thread_trace/kernel/rpf_v3
W20260907 10:48:09.023963 130568008941120 tool.cpp:2904] [ATT-DEBUG] advanced_thread_trace block complete
W20260907 10:48:09.023997 130568008941120 simple_timer.cpp:55] [rocprofv3] output generation ::     0.000190 sec
W20260907 10:48:09.024052 130568008941120 simple_timer.cpp:55] [rocprofv3] tool finalization ::     0.000248 sec
[aiter WARNING] 2026-09-07 10:48:09.027 - MainProcess:944 - /data/yanguahe/code/wk_sp1/aiter/aiter/jit/core.py:615 - check_numa_custom_op
WARNING: NUMA balancing is enabled, which may cause errors. It is recommended to disable NUMA balancing by running "sudo sh -c 'echo 0 > /proc/sys/kernel/numa_balancing'" for more details: https://rocm.docs.amd.com/en/latest/how-to/system-optimization/mi300x.html#disable-numa-auto-balancing
[aiter INFO] 2026-09-07 10:48:09.230 - MainProcess:944 - /data/yanguahe/code/wk_sp1/aiter/aiter/jit/core.py:637 - get_module_custom_op
import [module_aiter_core] under /data/yanguahe/code/wk_sp1/aiter/aiter/jit/module_aiter_core.so
W20260907 10:48:09.517538 129642740858432 tool.cpp:2476] HSA version 1.18.0 initialized (instance=0)
W20260907 10:48:09.599432 136575150583360 simple_timer.cpp:55] [rocprofv3] tool initialization ::     0.030487 sec
W20260907 10:48:09.599618 136575150583360 simple_timer.cpp:55] [rocprofv3] '/bin/sh /sbin/ldconfig -p' ::     0.000000 sec
[aiter INFO] 2026-09-07 10:48:12.420 - MainProcess:944 - /data/yanguahe/code/wk_sp1/aiter/op_tests/test_flydsl_grouped_gemm_gfx1250.py:1699 - set_data_format
grouped GEMM data format: a4w4
E20260907 10:48:12.428302 129642740858432 output_stream.cpp:111] Opened result file: my_code/.get_isa_runner_att_gemm1opt_e96_t16384_baseline.d01-3.att_508/thread_trace/kernel/rpf_v3/out_gfx1250_code_object_id_1.out
E20260907 10:48:12.457722 129642740858432 output_stream.cpp:111] Opened result file: my_code/.get_isa_runner_att_gemm1opt_e96_t16384_baseline.d01-3.att_508/thread_trace/kernel/rpf_v3/out_gfx1250_code_object_id_2.out
/opt/venv/lib/python3.12/site-packages/torch/utils/_device.py:109: UserWarning: expandable_segments not supported on this platform (Triggered internally at /__w/rocm-npi-dev/rocm-npi-dev/_therock/external-builds/pytorch/pytorch/c10/hip/HIPAllocatorConfig.h:40.)
  return func(*args, **kwargs)
[aiter INFO] 2026-09-07 10:48:12.656 - MainProcess:944 - /data/yanguahe/code/wk_sp1/aiter/aiter/jit/core.py:637 - get_module_custom_op
import [module_moe_asm] under /data/yanguahe/code/wk_sp1/aiter/aiter/jit/module_moe_asm.so
E20260907 10:48:12.665607 129642740858432 output_stream.cpp:111] Opened result file: my_code/.get_isa_runner_att_gemm1opt_e96_t16384_baseline.d01-3.att_508/thread_trace/kernel/rpf_v3/out_gfx1250_code_object_id_3.out
E20260907 10:48:12.692393 129642740858432 output_stream.cpp:111] Opened result file: my_code/.get_isa_runner_att_gemm1opt_e96_t16384_baseline.d01-3.att_508/thread_trace/kernel/rpf_v3/out_gfx1250_code_object_id_4.out
E20260907 10:48:12.719242 129642740858432 output_stream.cpp:111] Opened result file: my_code/.get_isa_runner_att_gemm1opt_e96_t16384_baseline.d01-3.att_508/thread_trace/kernel/rpf_v3/out_gfx1250_code_object_id_5.out
E20260907 10:48:13.147347 129642740858432 output_stream.cpp:111] Opened result file: my_code/.get_isa_runner_att_gemm1opt_e96_t16384_baseline.d01-3.att_508/thread_trace/kernel/rpf_v3/out_gfx1250_code_object_id_6.out
E20260907 10:48:13.170435 129642740858432 output_stream.cpp:111] Opened result file: my_code/.get_isa_runner_att_gemm1opt_e96_t16384_baseline.d01-3.att_508/thread_trace/kernel/rpf_v3/out_gfx1250_code_object_id_7.out
E20260907 10:48:13.194949 129642740858432 output_stream.cpp:111] Opened result file: my_code/.get_isa_runner_att_gemm1opt_e96_t16384_baseline.d01-3.att_508/thread_trace/kernel/rpf_v3/out_gfx1250_code_object_id_8.out
E20260907 10:48:13.282758 129642740858432 output_stream.cpp:111] Opened result file: my_code/.get_isa_runner_att_gemm1opt_e96_t16384_baseline.d01-3.att_508/thread_trace/kernel/rpf_v3/out_gfx1250_code_object_id_9.out
E20260907 10:48:13.285273 129582650881728 output_stream.cpp:111] Opened result file: my_code/.get_isa_runner_att_gemm1opt_e96_t16384_baseline.d01-3.att_508/thread_trace/kernel/rpf_v3/out_44924_shader_engine_0_16407.att
E20260907 10:48:13.285920 129582650881728 output_stream.cpp:111] Opened result file: my_code/.get_isa_runner_att_gemm1opt_e96_t16384_baseline.d01-3.att_508/thread_trace/kernel/rpf_v3/out_44924_shader_engine_1_16407.att
E20260907 10:48:13.286465 129582650881728 output_stream.cpp:111] Opened result file: my_code/.get_isa_runner_att_gemm1opt_e96_t16384_baseline.d01-3.att_508/thread_trace/kernel/rpf_v3/out_44924_shader_engine_2_16407.att
E20260907 10:48:13.287010 129582650881728 output_stream.cpp:111] Opened result file: my_code/.get_isa_runner_att_gemm1opt_e96_t16384_baseline.d01-3.att_508/thread_trace/kernel/rpf_v3/out_44924_shader_engine_3_16407.att
E20260907 10:48:13.306618 129642740858432 output_stream.cpp:111] Opened result file: my_code/.get_isa_runner_att_gemm1opt_e96_t16384_baseline.d01-3.att_508/thread_trace/kernel/rpf_v3/out_gfx1250_code_object_id_10.out
E20260907 10:48:13.326984 129642740858432 output_stream.cpp:111] Opened result file: my_code/.get_isa_runner_att_gemm1opt_e96_t16384_baseline.d01-3.att_508/thread_trace/kernel/rpf_v3/out_gfx1250_code_object_id_11.out
E20260907 10:48:13.352922 129642740858432 output_stream.cpp:111] Opened result file: my_code/.get_isa_runner_att_gemm1opt_e96_t16384_baseline.d01-3.att_508/thread_trace/kernel/rpf_v3/out_gfx1250_code_object_id_12.out
[aiter INFO] 2026-09-07 10:48:13.365 - MainProcess:944 - /data/yanguahe/code/wk_sp1/aiter/aiter/test_common.py:93 - wrapper
avg: 2197.893977165222 us/iter from cuda.Event
/opt/venv/lib/python3.12/site-packages/torch/profiler/profiler.py:217: UserWarning: Warning: Profiler clears events at the end of each cycle.Only events from the current cycle will be reported.To keep events across cycles, set acc_events=True.
  _warn_once(
[W907 10:48:13.409175345 collection.cpp:1148] Warning: ROCTracer produced duplicate flow start: 1 (function operator())
[aiter INFO] 2026-09-07 10:48:13.386 - MainProcess:944 - /data/yanguahe/code/wk_sp1/aiter/aiter/test_common.py:335 - post_process_data
abnormal data indices: {98, 38, 11, 140, 14, 48, 113, 147}
[aiter INFO] 2026-09-07 10:48:13.386 - MainProcess:944 - /data/yanguahe/code/wk_sp1/aiter/aiter/test_common.py:337 - post_process_data
abnormal data: 1.4020000000000437
[aiter INFO] 2026-09-07 10:48:13.387 - MainProcess:944 - /data/yanguahe/code/wk_sp1/aiter/aiter/test_common.py:337 - post_process_data
abnormal data: 0.8410000000000082
[aiter INFO] 2026-09-07 10:48:13.387 - MainProcess:944 - /data/yanguahe/code/wk_sp1/aiter/aiter/test_common.py:337 - post_process_data
abnormal data: 0.8799999999999955
[aiter INFO] 2026-09-07 10:48:13.387 - MainProcess:944 - /data/yanguahe/code/wk_sp1/aiter/aiter/test_common.py:337 - post_process_data
abnormal data: 3.1230000000000473
[aiter INFO] 2026-09-07 10:48:13.387 - MainProcess:944 - /data/yanguahe/code/wk_sp1/aiter/aiter/test_common.py:337 - post_process_data
abnormal data: 0.8799999999999955
[aiter INFO] 2026-09-07 10:48:13.387 - MainProcess:944 - /data/yanguahe/code/wk_sp1/aiter/aiter/test_common.py:337 - post_process_data
abnormal data: 1.4009999999999536
[aiter INFO] 2026-09-07 10:48:13.387 - MainProcess:944 - /data/yanguahe/code/wk_sp1/aiter/aiter/test_common.py:337 - post_process_data
abnormal data: 0.5599999999999454
[aiter INFO] 2026-09-07 10:48:13.387 - MainProcess:944 - /data/yanguahe/code/wk_sp1/aiter/aiter/test_common.py:337 - post_process_data
abnormal data: 2.563000000000102
[aiter INFO] 2026-09-07 10:48:13.427 - MainProcess:944 - /data/yanguahe/code/wk_sp1/aiter/aiter/test_common.py:420 - get_trace_perf
                                                                                                    name  cnt  host_time_sum  device_time_sum  device_time_avg device_type device_index
0                                                          moe_gather_reduce_bf16_d7168_tk6_sk1_v4_wbf16  3.0            0.0              4.4              1.5        CUDA            2
1                                       moe_fused_quant_preshuffle_routeks_fd7168_r8_fp4_pk8_srctk6_noKS  3.0            0.0              6.2              2.1        CUDA            2
2                                          a8w4_tdm_fp4_t256x256x256_w2x2_b4_K3072_e96_cn4_prefetch_wpt1  3.0            0.0              6.5              2.2        CUDA            2
3                                     a8w4_tdm_fp4_t256x256x256_w2x2_b4_K7168_e96_act1_cn4_prefetch_wpt1  3.0            0.0              6.8              2.3        CUDA            2
4                                                                                              moe_route  3.0            0.0              6.8              2.3        CUDA            2
5              void at::native::vectorized_elementwise_kernel<4, at::native::FillFunctor<int>, std::a...  3.0            0.0              6.8              2.3        CUDA            2
6                                       moe_fused_quant_preshuffle_routeks_fd3072_r8_fp4_pk8_srcrow_noKS  3.0            0.0              6.9              2.3        CUDA            2
7                                                                              moe_contiguous_psum_remap  3.0            0.0              7.2              2.4        CUDA            2
8                                                                                            aten::fill_  3.0            6.8              0.0              0.0         CPU          944
9                                                                                      aiter::fused_moe_  3.0           44.8              0.0              0.0         CPU          944
[avg us/iter]                                                                                        NaN  NaN           17.2             17.2              NaN         NaN          NaN
E20260907 10:48:13.431778 129642740858432 output_stream.cpp:111] Opened result file: my_code/.get_isa_runner_att_gemm1opt_e96_t16384_baseline.d01-3.att_508/thread_trace/kernel/rpf_v3/out_gfx1250_code_object_id_13.out
E20260907 10:48:13.439156 129642740858432 output_stream.cpp:111] Opened result file: my_code/.get_isa_runner_att_gemm1opt_e96_t16384_baseline.d01-3.att_508/thread_trace/kernel/rpf_v3/out_gfx1250_code_object_id_14.out
E20260907 10:48:13.450272 129642740858432 output_stream.cpp:111] Opened result file: my_code/.get_isa_runner_att_gemm1opt_e96_t16384_baseline.d01-3.att_508/thread_trace/kernel/rpf_v3/out_gfx1250_code_object_id_15.out
E20260907 10:48:13.471661 129642740858432 output_stream.cpp:111] Opened result file: my_code/.get_isa_runner_att_gemm1opt_e96_t16384_baseline.d01-3.att_508/thread_trace/kernel/rpf_v3/out_gfx1250_code_object_id_16.out
E20260907 10:48:13.501013 129642740858432 output_stream.cpp:111] Opened result file: my_code/.get_isa_runner_att_gemm1opt_e96_t16384_baseline.d01-3.att_508/thread_trace/kernel/rpf_v3/out_gfx1250_code_object_id_17.out
E20260907 10:48:13.531440 129642740858432 output_stream.cpp:111] Opened result file: my_code/.get_isa_runner_att_gemm1opt_e96_t16384_baseline.d01-3.att_508/thread_trace/kernel/rpf_v3/out_gfx1250_code_object_id_18.out
E20260907 10:48:13.557995 129642740858432 output_stream.cpp:111] Opened result file: my_code/.get_isa_runner_att_gemm1opt_e96_t16384_baseline.d01-3.att_508/thread_trace/kernel/rpf_v3/out_gfx1250_code_object_id_19.out
E20260907 10:48:13.577457 129642740858432 output_stream.cpp:111] Opened result file: my_code/.get_isa_runner_att_gemm1opt_e96_t16384_baseline.d01-3.att_508/thread_trace/kernel/rpf_v3/out_gfx1250_code_object_id_20.out
E20260907 10:48:13.606197 129642740858432 output_stream.cpp:111] Opened result file: my_code/.get_isa_runner_att_gemm1opt_e96_t16384_baseline.d01-3.att_508/thread_trace/kernel/rpf_v3/out_gfx1250_code_object_id_21.out
E20260907 10:48:13.686778 129642740858432 output_stream.cpp:111] Opened result file: my_code/.get_isa_runner_att_gemm1opt_e96_t16384_baseline.d01-3.att_508/thread_trace/kernel/rpf_v3/out_gfx1250_code_object_id_22.out
E20260907 10:48:13.758621 129642740858432 output_stream.cpp:111] Opened result file: my_code/.get_isa_runner_att_gemm1opt_e96_t16384_baseline.d01-3.att_508/thread_trace/kernel/rpf_v3/out_gfx1250_code_object_id_23.out
E20260907 10:48:13.795248 129642740858432 output_stream.cpp:111] Opened result file: my_code/.get_isa_runner_att_gemm1opt_e96_t16384_baseline.d01-3.att_508/thread_trace/kernel/rpf_v3/out_gfx1250_code_object_id_24.out
E20260907 10:48:13.849694 129642740858432 output_stream.cpp:111] Opened result file: my_code/.get_isa_runner_att_gemm1opt_e96_t16384_baseline.d01-3.att_508/thread_trace/kernel/rpf_v3/out_gfx1250_code_object_id_25.out
E20260907 10:48:13.887087 129642740858432 output_stream.cpp:111] Opened result file: my_code/.get_isa_runner_att_gemm1opt_e96_t16384_baseline.d01-3.att_508/thread_trace/kernel/rpf_v3/out_gfx1250_code_object_id_26.out
E20260907 10:48:13.905360 129642740858432 output_stream.cpp:111] Opened result file: my_code/.get_isa_runner_att_gemm1opt_e96_t16384_baseline.d01-3.att_508/thread_trace/kernel/rpf_v3/out_gfx1250_code_object_id_27.out
E20260907 10:48:13.997815 129642740858432 output_stream.cpp:111] Opened result file: my_code/.get_isa_runner_att_gemm1opt_e96_t16384_baseline.d01-3.att_508/thread_trace/kernel/rpf_v3/out_gfx1250_code_object_id_28.out
E20260907 10:48:14.629639 129642740858432 output_stream.cpp:111] Opened result file: my_code/.get_isa_runner_att_gemm1opt_e96_t16384_baseline.d01-3.att_508/thread_trace/kernel/rpf_v3/out_gfx1250_code_object_id_29.out
E20260907 10:48:14.633528 129642740858432 output_stream.cpp:111] Opened result file: my_code/.get_isa_runner_att_gemm1opt_e96_t16384_baseline.d01-3.att_508/thread_trace/kernel/rpf_v3/out_gfx1250_code_object_id_30.out
E20260907 10:48:14.753895 129642740858432 output_stream.cpp:111] Opened result file: my_code/.get_isa_runner_att_gemm1opt_e96_t16384_baseline.d01-3.att_508/thread_trace/kernel/rpf_v3/out_gfx1250_code_object_id_31.out
E20260907 10:48:14.868630 129642740858432 output_stream.cpp:111] Opened result file: my_code/.get_isa_runner_att_gemm1opt_e96_t16384_baseline.d01-3.att_508/thread_trace/kernel/rpf_v3/out_gfx1250_code_object_id_32.out
E20260907 10:48:14.874841 129642740858432 output_stream.cpp:111] Opened result file: my_code/.get_isa_runner_att_gemm1opt_e96_t16384_baseline.d01-3.att_508/thread_trace/kernel/rpf_v3/out_gfx1250_code_object_id_33.out
E20260907 10:48:14.905167 129642740858432 output_stream.cpp:111] Opened result file: my_code/.get_isa_runner_att_gemm1opt_e96_t16384_baseline.d01-3.att_508/thread_trace/kernel/rpf_v3/out_gfx1250_code_object_id_34.out
E20260907 10:48:14.949078 129642740858432 output_stream.cpp:111] Opened result file: my_code/.get_isa_runner_att_gemm1opt_e96_t16384_baseline.d01-3.att_508/thread_trace/kernel/rpf_v3/out_gfx1250_code_object_id_35.out
[sanity a4w4 silu] eager-profile: logits_diff=0.0000e+00 rel_l2=0.0000e+00 (gate<0.01, ref_norm=0.0000e+00)
[sanity a4w4 silu] output_sha256=bc3404a6147c932d6ff7c322658fc3258b7a0ca1b81adf2a381f73ed1348020e
[bench a4w4 silu] fused_moe end-to-end us = 17.22 (testGraph=False)
[bench kernel timing] gemm1: device_time_avg=2.255 us count=3 symbol=a8w4_tdm_fp4_t256x256x256_w2x2_b4_K7168_e96_act1_cn4_prefetch_wpt1
[bench kernel timing] gemm2: device_time_avg=2.176 us count=3 symbol=a8w4_tdm_fp4_t256x256x256_w2x2_b4_K3072_e96_cn4_prefetch_wpt1

[precision summary]
| data_format   | act   | init   |   experts |   tokens |   topk |   model_dim |   inter_dim |   logits_diff |   rel_l2 | pass   |      us |   gemm1_us |   gemm2_us | gemm1 executed                               | gemm1 effective read            | gemm1 output write                  | gemm1 effective R+W             | gemm2 executed                               | gemm2 effective read           | gemm2 output write                    | gemm2 effective R+W             |
|:--------------|:------|:-------|----------:|---------:|-------:|------------:|------------:|--------------:|---------:|:-------|--------:|-----------:|-----------:|:---------------------------------------------|:--------------------------------|:------------------------------------|:--------------------------------|:---------------------------------------------|:-------------------------------|:--------------------------------------|:--------------------------------|
| a4w4          | silu  | const  |        96 |    16384 |      6 |        7168 |        3072 |             0 |        0 | True   | 17.2177 |    2.25533 |    2.17567 | 8,658,654,068,736 FLOP → 3,839,190.4 TFLOP/s | 2,620,391,424 B → 1056.709 TB/s | 603,979,776 B (BF16) → 243.563 TB/s | 3,224,371,200 B → 1300.273 TB/s | 4,329,327,034,368 FLOP → 1,989,885.3 TFLOP/s | 1,283,457,024 B → 536.524 TB/s | 1,409,286,144 B (BF16) → 589.124 TB/s | 2,692,743,168 B → 1125.648 TB/s |
W20260907 10:48:15.491336 129642740858432 simple_timer.cpp:55] [rocprofv3] 'python3 -u op_tests/test_flydsl_grouped_gemm_gfx1250.py --scenario bench --data-format a4w4 --experts 96 --tokens 16384 --topk 6 --iters 4 --warmup 1 --model-dim 7168 --inter-dim 3072 --act silu --no-bias --no-check-aot-cache --const-init 0' ::     8.246911 sec
E20260907 10:48:15.520247 129642740858432 output_stream.cpp:111] Opened result file: my_code/.get_isa_runner_att_gemm1opt_e96_t16384_baseline.d01-3.att_508/thread_trace/kernel/rpf_v3/out_agent_info.csv
W20260907 10:48:15.520297 129642740858432 tool.cpp:2850] [ATT-DEBUG] advanced_thread_trace block entered; att_library_path='/data/yanguahe/code/wk_sp1/decoder_new'
W20260907 10:48:15.520505 129642740858432 tool.cpp:2854] [ATT-DEBUG] ATTDecoder constructed; valid=1
W20260907 10:48:15.520551 129642740858432 tool.cpp:2859] [ATT-DEBUG] codeobj count=36 att_filenames count=1 output_path=my_code/.get_isa_runner_att_gemm1opt_e96_t16384_baseline.d01-3.att_508/thread_trace/kernel/rpf_v3
W20260907 10:48:15.520554 129642740858432 tool.cpp:2885] [ATT-DEBUG] parse() begin dispatch_id=16407 shader_files=4 out_path=my_code/.get_isa_runner_att_gemm1opt_e96_t16384_baseline.d01-3.att_508/thread_trace/kernel/rpf_v3/ui_output_agent_44924_dispatch_16407
W20260907 10:48:16.806952 129642740858432 tool.cpp:2892] [ATT-DEBUG] parse() OK dispatch_id=16407
W20260907 10:48:16.806968 129642740858432 tool.cpp:2904] [ATT-DEBUG] advanced_thread_trace block complete
W20260907 10:48:16.807753 129642740858432 simple_timer.cpp:55] [rocprofv3] output generation ::     1.287978 sec
W20260907 10:48:16.810456 129642740858432 simple_timer.cpp:55] [rocprofv3] tool finalization ::     1.290688 sec
advanced-thread-trace-a8w4_tdm_fp4_t256x256x256_w2x2_b4_K7168_e96_act1_cn4_prefetch_wpt1-simd3 exit status: 0
ATT artifact found: my_code/.get_isa_runner_att_gemm1opt_e96_t16384_baseline.d01-3.att_508/thread_trace/kernel/rpf_v3/out_44924_shader_engine_1_16407.att
