Collected single-kernel trace files:
my_code/moe_gemm1_act1_optimized/history_runs/heliosr-1b114-d01-3_20260912T154121Z_att/att/candidate/input_kernel.yaml
my_code/moe_gemm1_act1_optimized/history_runs/heliosr-1b114-d01-3_20260912T154121Z_att/att/candidate/kernel_trace/heliosr-1b114-d01-3/40726_results.db
my_code/moe_gemm1_act1_optimized/history_runs/heliosr-1b114-d01-3_20260912T154121Z_att/att/candidate/logs/01_kernel_trace_stats.log
my_code/moe_gemm1_act1_optimized/history_runs/heliosr-1b114-d01-3_20260912T154121Z_att/att/candidate/logs/02_thread_trace_kernel.log
my_code/moe_gemm1_act1_optimized/history_runs/heliosr-1b114-d01-3_20260912T154121Z_att/att/candidate/logs/att_simd_status.log
my_code/moe_gemm1_act1_optimized/history_runs/heliosr-1b114-d01-3_20260912T154121Z_att/att/candidate/logs/environment.log
my_code/moe_gemm1_act1_optimized/history_runs/heliosr-1b114-d01-3_20260912T154121Z_att/att/candidate/logs/trace_decoder.log
my_code/moe_gemm1_act1_optimized/history_runs/heliosr-1b114-d01-3_20260912T154121Z_att/att/candidate/summary.log
my_code/moe_gemm1_act1_optimized/history_runs/heliosr-1b114-d01-3_20260912T154121Z_att/att/candidate/thread_trace/kernel/rpf_v3/out_63085_shader_engine_0_3541.att
my_code/moe_gemm1_act1_optimized/history_runs/heliosr-1b114-d01-3_20260912T154121Z_att/att/candidate/thread_trace/kernel/rpf_v3/out_63085_shader_engine_1_3541.att
my_code/moe_gemm1_act1_optimized/history_runs/heliosr-1b114-d01-3_20260912T154121Z_att/att/candidate/thread_trace/kernel/rpf_v3/out_63085_shader_engine_2_3541.att
my_code/moe_gemm1_act1_optimized/history_runs/heliosr-1b114-d01-3_20260912T154121Z_att/att/candidate/thread_trace/kernel/rpf_v3/out_63085_shader_engine_3_3541.att
my_code/moe_gemm1_act1_optimized/history_runs/heliosr-1b114-d01-3_20260912T154121Z_att/att/candidate/thread_trace/kernel/rpf_v3/out_agent_info.csv
my_code/moe_gemm1_act1_optimized/history_runs/heliosr-1b114-d01-3_20260912T154121Z_att/att/candidate/thread_trace/kernel/rpf_v3/out_gfx1250_code_object_id_1.out
my_code/moe_gemm1_act1_optimized/history_runs/heliosr-1b114-d01-3_20260912T154121Z_att/att/candidate/thread_trace/kernel/rpf_v3/out_gfx1250_code_object_id_10.out
my_code/moe_gemm1_act1_optimized/history_runs/heliosr-1b114-d01-3_20260912T154121Z_att/att/candidate/thread_trace/kernel/rpf_v3/out_gfx1250_code_object_id_11.out
my_code/moe_gemm1_act1_optimized/history_runs/heliosr-1b114-d01-3_20260912T154121Z_att/att/candidate/thread_trace/kernel/rpf_v3/out_gfx1250_code_object_id_12.out
my_code/moe_gemm1_act1_optimized/history_runs/heliosr-1b114-d01-3_20260912T154121Z_att/att/candidate/thread_trace/kernel/rpf_v3/out_gfx1250_code_object_id_13.out
my_code/moe_gemm1_act1_optimized/history_runs/heliosr-1b114-d01-3_20260912T154121Z_att/att/candidate/thread_trace/kernel/rpf_v3/out_gfx1250_code_object_id_14.out
my_code/moe_gemm1_act1_optimized/history_runs/heliosr-1b114-d01-3_20260912T154121Z_att/att/candidate/thread_trace/kernel/rpf_v3/out_gfx1250_code_object_id_15.out
my_code/moe_gemm1_act1_optimized/history_runs/heliosr-1b114-d01-3_20260912T154121Z_att/att/candidate/thread_trace/kernel/rpf_v3/out_gfx1250_code_object_id_16.out
my_code/moe_gemm1_act1_optimized/history_runs/heliosr-1b114-d01-3_20260912T154121Z_att/att/candidate/thread_trace/kernel/rpf_v3/out_gfx1250_code_object_id_17.out
my_code/moe_gemm1_act1_optimized/history_runs/heliosr-1b114-d01-3_20260912T154121Z_att/att/candidate/thread_trace/kernel/rpf_v3/out_gfx1250_code_object_id_18.out
my_code/moe_gemm1_act1_optimized/history_runs/heliosr-1b114-d01-3_20260912T154121Z_att/att/candidate/thread_trace/kernel/rpf_v3/out_gfx1250_code_object_id_19.out
my_code/moe_gemm1_act1_optimized/history_runs/heliosr-1b114-d01-3_20260912T154121Z_att/att/candidate/thread_trace/kernel/rpf_v3/out_gfx1250_code_object_id_2.out
my_code/moe_gemm1_act1_optimized/history_runs/heliosr-1b114-d01-3_20260912T154121Z_att/att/candidate/thread_trace/kernel/rpf_v3/out_gfx1250_code_object_id_20.out
my_code/moe_gemm1_act1_optimized/history_runs/heliosr-1b114-d01-3_20260912T154121Z_att/att/candidate/thread_trace/kernel/rpf_v3/out_gfx1250_code_object_id_21.out
my_code/moe_gemm1_act1_optimized/history_runs/heliosr-1b114-d01-3_20260912T154121Z_att/att/candidate/thread_trace/kernel/rpf_v3/out_gfx1250_code_object_id_22.out
my_code/moe_gemm1_act1_optimized/history_runs/heliosr-1b114-d01-3_20260912T154121Z_att/att/candidate/thread_trace/kernel/rpf_v3/out_gfx1250_code_object_id_23.out
my_code/moe_gemm1_act1_optimized/history_runs/heliosr-1b114-d01-3_20260912T154121Z_att/att/candidate/thread_trace/kernel/rpf_v3/out_gfx1250_code_object_id_3.out
my_code/moe_gemm1_act1_optimized/history_runs/heliosr-1b114-d01-3_20260912T154121Z_att/att/candidate/thread_trace/kernel/rpf_v3/out_gfx1250_code_object_id_4.out
my_code/moe_gemm1_act1_optimized/history_runs/heliosr-1b114-d01-3_20260912T154121Z_att/att/candidate/thread_trace/kernel/rpf_v3/out_gfx1250_code_object_id_5.out
my_code/moe_gemm1_act1_optimized/history_runs/heliosr-1b114-d01-3_20260912T154121Z_att/att/candidate/thread_trace/kernel/rpf_v3/out_gfx1250_code_object_id_6.out
my_code/moe_gemm1_act1_optimized/history_runs/heliosr-1b114-d01-3_20260912T154121Z_att/att/candidate/thread_trace/kernel/rpf_v3/out_gfx1250_code_object_id_7.out
my_code/moe_gemm1_act1_optimized/history_runs/heliosr-1b114-d01-3_20260912T154121Z_att/att/candidate/thread_trace/kernel/rpf_v3/out_gfx1250_code_object_id_8.out
my_code/moe_gemm1_act1_optimized/history_runs/heliosr-1b114-d01-3_20260912T154121Z_att/att/candidate/thread_trace/kernel/rpf_v3/out_gfx1250_code_object_id_9.out
my_code/moe_gemm1_act1_optimized/history_runs/heliosr-1b114-d01-3_20260912T154121Z_att/att/candidate/thread_trace/kernel/rpf_v3/stats_ui_output_agent_63085_dispatch_3541.csv
my_code/moe_gemm1_act1_optimized/history_runs/heliosr-1b114-d01-3_20260912T154121Z_att/att/candidate/thread_trace/kernel/rpf_v3/ui_output_agent_63085_dispatch_3541/code.json
my_code/moe_gemm1_act1_optimized/history_runs/heliosr-1b114-d01-3_20260912T154121Z_att/att/candidate/thread_trace/kernel/rpf_v3/ui_output_agent_63085_dispatch_3541/filenames.json
my_code/moe_gemm1_act1_optimized/history_runs/heliosr-1b114-d01-3_20260912T154121Z_att/att/candidate/thread_trace/kernel/rpf_v3/ui_output_agent_63085_dispatch_3541/occupancy.json
my_code/moe_gemm1_act1_optimized/history_runs/heliosr-1b114-d01-3_20260912T154121Z_att/att/candidate/thread_trace/kernel/rpf_v3/ui_output_agent_63085_dispatch_3541/realtime.json
my_code/moe_gemm1_act1_optimized/history_runs/heliosr-1b114-d01-3_20260912T154121Z_att/att/candidate/thread_trace/kernel/rpf_v3/ui_output_agent_63085_dispatch_3541/se0_sm3_sl0_wv0.json
my_code/moe_gemm1_act1_optimized/history_runs/heliosr-1b114-d01-3_20260912T154121Z_att/att/candidate/thread_trace/kernel/rpf_v3/ui_output_agent_63085_dispatch_3541/se1_sm3_sl0_wv0.json
my_code/moe_gemm1_act1_optimized/history_runs/heliosr-1b114-d01-3_20260912T154121Z_att/att/candidate/thread_trace/kernel/rpf_v3/ui_output_agent_63085_dispatch_3541/se2_sm3_sl0_wv0.json
my_code/moe_gemm1_act1_optimized/history_runs/heliosr-1b114-d01-3_20260912T154121Z_att/att/candidate/thread_trace/kernel/rpf_v3/ui_output_agent_63085_dispatch_3541/se3_sm3_sl0_wv0.json
my_code/moe_gemm1_act1_optimized/history_runs/heliosr-1b114-d01-3_20260912T154121Z_att/att/candidate/thread_trace/kernel/rpf_v3/ui_output_agent_63085_dispatch_3541/wstates1.json
my_code/moe_gemm1_act1_optimized/history_runs/heliosr-1b114-d01-3_20260912T154121Z_att/att/candidate/thread_trace/kernel/rpf_v3/ui_output_agent_63085_dispatch_3541/wstates2.json
my_code/moe_gemm1_act1_optimized/history_runs/heliosr-1b114-d01-3_20260912T154121Z_att/att/candidate/thread_trace/kernel/rpf_v3/ui_output_agent_63085_dispatch_3541/wstates3.json
my_code/moe_gemm1_act1_optimized/history_runs/heliosr-1b114-d01-3_20260912T154121Z_att/att/candidate/thread_trace/kernel/rpf_v3/ui_output_agent_63085_dispatch_3541/wstates4.json
