Running kernel-trace-stats: rocprofv3 --kernel-trace --stats -d my_code/.get_isa_runner_att_gemm1opt_e96_t16384_ref_v2.d01-3.att_3540/kernel_trace -- env -u FLYDSL_DUMP_DIR PYTORCH_ALLOC_CONF=expandable_segments:True GPU_ARCHS=gfx1250 ENABLE_CK=0 AITER_FORCE_GFX1250=1 FLYDSL_DUMP_IR=0 python my_code/isa_runner/gemm_batch_isa_runner.py --isa ./my_code/f4gemm_bf16_mxfp4_ABpreShuffle_256x256_4x4_batch_ps.s --shape 1024,6144,7168 --batch 96 --iters 4 --const-init 0 --clang ./my_code/gemm1_opt_e96_t16384_20260907/clang_unprofiled.sh
W20260907 10:58:21.539135 135502528654912 simple_timer.cpp:55] [rocprofv3] tool initialization ::     0.000526 sec
W20260907 10:58:21.539194 135502528654912 simple_timer.cpp:55] [rocprofv3] 'env -u FLYDSL_DUMP_DIR PYTORCH_ALLOC_CONF=expandable_segments:True GPU_ARCHS=gfx1250 ENABLE_CK=0 AITER_FORCE_GFX1250=1 FLYDSL_DUMP_IR=0 python my_code/isa_runner/gemm_batch_isa_runner.py --isa ./my_code/f4gemm_bf16_mxfp4_ABpreShuffle_256x256_4x4_batch_ps.s --shape 1024,6144,7168 --batch 96 --iters 4 --const-init 0 --clang ./my_code/gemm1_opt_e96_t16384_20260907/clang_unprofiled.sh' ::     0.000000 sec
W20260907 10:58:21.569106 137207866711616 simple_timer.cpp:55] [rocprofv3] tool initialization ::     0.000590 sec
W20260907 10:58:21.569165 137207866711616 simple_timer.cpp:55] [rocprofv3] 'python my_code/isa_runner/gemm_batch_isa_runner.py --isa ./my_code/f4gemm_bf16_mxfp4_ABpreShuffle_256x256_4x4_batch_ps.s --shape 1024,6144,7168 --batch 96 --iters 4 --const-init 0 --clang ./my_code/gemm1_opt_e96_t16384_20260907/clang_unprofiled.sh' ::     0.000000 sec
W20260907 10:58:21.957809 131476109778496 simple_timer.cpp:55] [rocprofv3] tool initialization ::     0.000580 sec
W20260907 10:58:21.957854 131476109778496 simple_timer.cpp:55] [rocprofv3] '/opt/venv/bin/python /opt/venv/bin/offload-arch' ::     0.000000 sec
W20260907 10:58:22.007464 126528198381184 simple_timer.cpp:55] [rocprofv3] tool initialization ::     0.000381 sec
W20260907 10:58:22.007521 126528198381184 simple_timer.cpp:55] [rocprofv3] '/opt/venv/lib/python3.12/site-packages/_rocm_sdk_core/lib/llvm/bin/offload-arch' ::     0.000000 sec
W20260907 10:58:22.007722 126528198381184 simple_timer.cpp:55] [rocprofv3] '/opt/venv/lib/python3.12/site-packages/_rocm_sdk_core/lib/llvm/bin/offload-arch' ::     0.000201 sec
W20260907 10:58:22.008145 126528198381184 simple_timer.cpp:55] [rocprofv3] output generation ::     0.000327 sec
W20260907 10:58:22.008197 126528198381184 simple_timer.cpp:55] [rocprofv3] tool finalization ::     0.000446 sec
W20260907 10:58:22.781178 137207866711616 tool.cpp:2476] HSA version 1.18.0 initialized (instance=0)
W20260907 10:58:23.478145 132652603661888 simple_timer.cpp:55] [rocprofv3] tool initialization ::     0.000552 sec
W20260907 10:58:23.478202 132652603661888 simple_timer.cpp:55] [rocprofv3] '/opt/venv/bin/python /opt/venv/bin/hipconfig --version' ::     0.000000 sec
W20260907 10:58:23.521201 137789482683968 simple_timer.cpp:55] [rocprofv3] tool initialization ::     0.000532 sec
W20260907 10:58:23.521263 137789482683968 simple_timer.cpp:55] [rocprofv3] '/opt/venv/lib/python3.12/site-packages/_rocm_sdk_core/bin/hipconfig --version' ::     0.000000 sec
W20260907 10:58:23.521325 137789482683968 simple_timer.cpp:55] [rocprofv3] '/opt/venv/lib/python3.12/site-packages/_rocm_sdk_core/bin/hipconfig --version' ::     0.000063 sec
W20260907 10:58:23.521778 137789482683968 simple_timer.cpp:55] [rocprofv3] output generation ::     0.000337 sec
W20260907 10:58:23.521881 137789482683968 simple_timer.cpp:55] [rocprofv3] tool finalization ::     0.000518 sec
W20260907 10:58:23.559572 135578662858304 simple_timer.cpp:55] [rocprofv3] tool initialization ::     0.000605 sec
W20260907 10:58:23.559634 135578662858304 simple_timer.cpp:55] [rocprofv3] '/bin/sh -c cat /proc/sys/kernel/numa_balancing' ::     0.000000 sec
W20260907 10:58:23.585784 125696008662592 simple_timer.cpp:55] [rocprofv3] tool initialization ::     0.000577 sec
W20260907 10:58:23.585839 125696008662592 simple_timer.cpp:55] [rocprofv3] 'cat /proc/sys/kernel/numa_balancing' ::     0.000000 sec
W20260907 10:58:23.585967 125696008662592 simple_timer.cpp:55] [rocprofv3] 'cat /proc/sys/kernel/numa_balancing' ::     0.000129 sec
W20260907 10:58:23.586398 125696008662592 simple_timer.cpp:55] [rocprofv3] output generation ::     0.000335 sec
W20260907 10:58:23.586455 125696008662592 simple_timer.cpp:55] [rocprofv3] tool finalization ::     0.000460 sec
[aiter WARNING] 2026-09-07 10:58:23.588 - MainProcess:3567 - /data/yanguahe/code/wk_sp1/aiter/aiter/jit/core.py:615 - check_numa_custom_op
WARNING: NUMA balancing is enabled, which may cause errors. It is recommended to disable NUMA balancing by running "sudo sh -c 'echo 0 > /proc/sys/kernel/numa_balancing'" for more details: https://rocm.docs.amd.com/en/latest/how-to/system-optimization/mi300x.html#disable-numa-auto-balancing
[aiter INFO] 2026-09-07 10:58:23.698 - MainProcess:3567 - /data/yanguahe/code/wk_sp1/aiter/aiter/jit/core.py:637 - get_module_custom_op
import [module_aiter_core] under /data/yanguahe/code/wk_sp1/aiter/aiter/jit/module_aiter_core.so
W20260907 10:58:23.847245 134934572834368 simple_timer.cpp:55] [rocprofv3] tool initialization ::     0.000509 sec
W20260907 10:58:23.847293 134934572834368 simple_timer.cpp:55] [rocprofv3] '/bin/sh /sbin/ldconfig -p' ::     0.000000 sec
/data/yanguahe/code/wk_sp1/aiter/my_code/isa_runner/gemm_isa_runner.py:684: UserWarning: expandable_segments not supported on this platform (Triggered internally at /__w/rocm-npi-dev/rocm-npi-dev/_therock/external-builds/pytorch/pytorch/c10/hip/HIPAllocatorConfig.h:40.)
  x = torch.full(
/opt/venv/lib/python3.12/site-packages/torch/profiler/profiler.py:217: UserWarning: Warning: Profiler clears events at the end of each cycle.Only events from the current cycle will be reported.To keep events across cycles, set acc_events=True.
  _warn_once(
[W907 10:58:28.480439863 collection.cpp:1148] Warning: ROCTracer produced duplicate flow start: 6 (function operator())
[aiter INFO] 2026-09-07 10:58:28.509 - MainProcess:3567 - /data/yanguahe/code/wk_sp1/aiter/aiter/test_common.py:512 - checkAllclose
mxfp4 batched GEMM ISA runner[checkAllclose atol=1.0 rtol=0.1 [32mpassed~[0m]
[gemm_batch_isa_runner] selected profile: bf16-mxfp4-wg256-wave128-4x4-persistent-batch-z; symbol=f4gemm_bf16_mxfp4_ABpreShuffle_256x256_4x4_batch_ps; shape=(1024, 6144, 7168); WG tile=(256, 256); wave tile=(128, 128); batch=96
[gemm_batch_isa_runner] logical WG grid=(24, 4, 96); WG tasks total=9216; logical cluster grid=(6, 1, 96); cluster tasks/plane=6; cluster tasks total=576
[gemm_batch_isa_runner] physical launch=(24, 4, 96); block=(128, 1, 1); cluster=(4, 4, 1); physical cluster grid=(6, 1, 96); clusters/plane=6; clusters total=576; physical WGs/plane=96; physical WGs total=9216; encoded recurrence stride/plane=8; log2 X/Y grid=(3, 0)
[gemm_batch_isa_runner] ABI=bf16-mxfp4-preload-batch-z-v1; kernarg=120 bytes; static LDS=320 KB; dynamic LDS=0 KB; WGs/WGP by LDS=1 (LDS budget=320 KB); VGPR/SGPR metadata=1024/106; stores to D=True
[gemm_batch_isa_runner] selected clang: /data/yanguahe/code/wk_sp1/aiter/my_code/gemm1_opt_e96_t16384_20260907/clang_unprofiled.sh
[gemm_batch_isa_runner] /data/yanguahe/code/wk_sp1/aiter/my_code/gemm1_opt_e96_t16384_20260907/clang_unprofiled.sh -x assembler -target amdgcn-amd-amdhsa -mcpu=gfx1250 -mcode-object-version=6 -c /data/yanguahe/code/wk_sp1/aiter/my_code/f4gemm_bf16_mxfp4_ABpreShuffle_256x256_4x4_batch_ps.s -o /tmp/gemm_batch_isa_runner_i9ur6b4h/f4gemm_bf16_mxfp4_ABpreShuffle_256x256_4x4_batch_ps.o
[gemm_batch_isa_runner] /data/yanguahe/code/wk_sp1/aiter/my_code/gemm1_opt_e96_t16384_20260907/clang_unprofiled.sh -target amdgcn-amd-amdhsa -mcpu=gfx1250 -mcode-object-version=6 -nostdlib -Wl,--no-undefined -shared /tmp/gemm_batch_isa_runner_i9ur6b4h/f4gemm_bf16_mxfp4_ABpreShuffle_256x256_4x4_batch_ps.o -o /tmp/gemm_batch_isa_runner_i9ur6b4h/f4gemm_bf16_mxfp4_ABpreShuffle_256x256_4x4_batch_ps.co
[gemm_isa_runner] AITER_LOG_MORE trace remains explicit; temporarily setting it to 0 inside run_perftest to avoid its additional CUDA-event iteration pass

[gemm_isa_runner run_perftest trace_df]
                                                              name  cnt  host_time_sum  device_time_sum  device_time_avg device_type device_index
0              f4gemm_bf16_mxfp4_ABpreShuffle_256x256_4x4_batch_ps  3.0          0.000            4.485            1.495        CUDA            2
1                        gemm_isa_runner_3567::launch_7cabf11136a0  3.0          4.485            0.000            0.000         CPU         3567
[avg us/iter]                                                  NaN  NaN          1.495            1.495              NaN         NaN          NaN
[gemm_isa_runner] captured kernel name=f4gemm_bf16_mxfp4_ABpreShuffle_256x256_4x4_batch_ps
[gemm_isa_runner] profiler count=3; device_time_sum=4.4850 us; device_time_avg=1.4950 us; profiler device_index=2; requested torch device ordinal=0
[gemm_isa_runner] timing source=run_perftest testGraph=False torch-profiler; testGraph=False; run_perftest _us=1.4950
[gemm_batch_isa_runner] logical_read_bytes=2620391424; logical_write_bytes=1207959552 (stores output=True; detected mnemonic=tensor_store_from_lds); logical_bytes=read+write=3828350976
[gemm_batch_isa_runner] logical_bytes=3828350976 = A+B+sA+sB (2620391424) + D (1207959552)
run_perftest kernel timing (microseconds; source=run_perftest testGraph=False torch-profiler; summary uses the captured target-row device_time_avg):
| name                                                | cnt | warmup | device_time_sum | device_time_avg | device_type | device_index | source                                      |
| --------------------------------------------------- | --- | ------ | --------------- | --------------- | ----------- | ------------ | ------------------------------------------- |
| f4gemm_bf16_mxfp4_ABpreShuffle_256x256_4x4_batch_ps | 3   | 5      | 4.4850          | 1.4950          | CUDA        | 2            | run_perftest testGraph=False torch-profiler |
GEMM ISA runner summary (markdown; profile=bf16-mxfp4-wg256-wave128-4x4-persistent-batch-z; symbol=f4gemm_bf16_mxfp4_ABpreShuffle_256x256_4x4_batch_ps):
| intype | batch | M    | N    | K    | apre | init     | seed | dtype | gfx     | logical cluster tasks/plane | physical clusters/plane | physical WGs/plane | encoded recurrence stride/plane | ref hash128                      | gemm_a4w4 us | gemm_a4w4 TFLOPS | gemm_a4w4 bytes | gemm_a4w4 TB/s | gemm_a4w4 err | gemm_a4w4 out hash128            | gemm_a4w4 max_err_info | gemm_a4w4 rel_l2 |
| ------ | ----- | ---- | ---- | ---- | ---- | -------- | ---- | ----- | ------- | --------------------------- | ----------------------- | ------------------ | ------------------------------- | -------------------------------- | ------------ | ---------------- | --------------- | -------------- | ------------- | -------------------------------- | ---------------------- | ---------------- |
| mxfp4  | 96    | 1024 | 6144 | 7168 | 1    | const(0) | 0    | bf16  | gfx1250 | 6                           | 6                       | 96                 | 8                               | 3d98ed518d3823956230736f6e7e50cd | 1.49         | 5791741.9        | 3828350976      | 2329.01        | 0.0           | 3d98ed518d3823956230736f6e7e50cd | (0.0, 0.0, 0.0)        | 0.0              |
W20260907 10:58:30.220558 137207866711616 generateRocpd.cpp:583] writing SQL database for process 3567 on node 2161002656
E20260907 10:58:30.221062 137207866711616 generateRocpd.cpp:606] Opened result file: my_code/.get_isa_runner_att_gemm1opt_e96_t16384_ref_v2.d01-3.att_3540/kernel_trace/heliosr-1b114-d01-3/3567_results.db (UUID=0000007c-fa87-7a87-a92a-52dad6f3807d)
W20260907 10:58:30.325520 137207866711616 simple_timer.cpp:55] SQLite3 generation :: rocpd_string             ::     0.080313 sec
W20260907 10:58:30.325784 137207866711616 simple_timer.cpp:55] SQLite3 generation :: rocpd_info_node          ::     0.000253 sec
W20260907 10:58:30.326317 137207866711616 simple_timer.cpp:55] SQLite3 generation :: rocpd_info_process       ::     0.000529 sec
W20260907 10:58:30.327923 137207866711616 simple_timer.cpp:55] SQLite3 generation :: rocpd_info_agent         ::     0.001258 sec
W20260907 10:58:30.327932 137207866711616 simple_timer.cpp:55] SQLite3 generation :: rocpd_info_pmc           ::     0.000003 sec
W20260907 10:58:30.420688 137207866711616 simple_timer.cpp:55] SQLite3 generation :: rocpd kernel info        ::     0.092754 sec
W20260907 10:58:30.420697 137207866711616 simple_timer.cpp:55] SQLite3 generation :: rocpd_region             ::     0.000002 sec
W20260907 10:58:30.430828 137207866711616 simple_timer.cpp:55] SQLite3 generation :: rocpd_kernel_dispatch    ::     0.010129 sec
W20260907 10:58:30.430834 137207866711616 simple_timer.cpp:55] SQLite3 generation :: rocpd_pmc_event          ::     0.000000 sec
W20260907 10:58:30.430836 137207866711616 simple_timer.cpp:55] SQLite3 generation :: rocpd_memory_copy        ::     0.000000 sec
W20260907 10:58:30.430837 137207866711616 simple_timer.cpp:55] SQLite3 generation :: rocpd_memory_allocate    ::     0.000001 sec
W20260907 10:58:30.430916 137207866711616 simple_timer.cpp:55] SQLite3 generation :: SQL indexing             ::     0.000078 sec
W20260907 10:58:30.433797 137207866711616 simple_timer.cpp:55] SQLite3 generation :: total                    ::     0.213239 sec
W20260907 10:58:30.435872 137207866711616 simple_timer.cpp:55] [rocprofv3] output generation ::     0.227977 sec
W20260907 10:58:30.436773 137207866711616 simple_timer.cpp:55] [rocprofv3] tool finalization ::     0.228936 sec
kernel-trace-stats exit status: 0
