date: 2026-09-07T10:58:21+00:00
host: heliosr-1b114-d01-3
pwd: /data/yanguahe/code/wk_sp1/aiter
HIP_VISIBLE_DEVICES: 0
requested kernel: f4gemm_bf16_mxfp4_ABpreShuffle_256x256_4x4_batch_ps
capture all SIMDs: 0
output directory name: gemm1opt_e96_t16384_ref_v2.d01-3.att
output directory: my_code/gemm1opt_e96_t16384_ref_v2.d01-3.att
output archive: my_code/gemm1opt_e96_t16384_ref_v2.d01-3.att.tar.gz
python: /opt/venv/bin/python
Python 3.12.3
rocprofv3: /data/yanguahe/code/wk_sp1/rocprof-install/bin/rocprofv3
             version: 1.1.0
        git_revision: 3f3cbc315f8764cde8565a1cb29cf9673426d93c
        library_arch: x86_64-linux-gnu
         system_name: Linux
    system_processor: x86_64
      system_version: 6.14.0-37-generic
         compiler_id: GNU
    compiler_version: 13.3.0
        rocm_version: 7.12.0

test command: python my_code/isa_runner/gemm_batch_isa_runner.py --isa ./my_code/f4gemm_bf16_mxfp4_ABpreShuffle_256x256_4x4_batch_ps.s --shape 1024,6144,7168 --batch 96 --iters 4 --const-init 0 --clang ./my_code/gemm1_opt_e96_t16384_20260907/clang_unprofiled.sh
