Running advanced-thread-trace-moe_gemm1_mxfp4_ABpreShuffle_256x256_4x4_batch_ps_act1-simd3: rocprofv3 -i my_code/moe_gemm1_act1_optimized/history_runs/heliosr-1b114-d01-3_20260913T091935Z_att/att/.get_isa_runner_att_persistent_overlap_pad8_prefetch_stage0_121670/input_kernel.yaml -- env -u FLYDSL_DUMP_DIR PYTORCH_ALLOC_CONF=expandable_segments:True GPU_ARCHS=gfx1250 ENABLE_CK=0 AITER_FORCE_GFX1250=1 FLYDSL_DUMP_IR=0 python3 /data/yanguahe/code/wk_sp1/aiter/my_code/moe_gemm1_act1_optimized/att_launch_opt.py
W20260913 09:19:42.020836 123706930712128 simple_timer.cpp:55] [rocprofv3] tool initialization ::     0.030219 sec
W20260913 09:19:42.021033 123706930712128 simple_timer.cpp:55] [rocprofv3] 'env -u FLYDSL_DUMP_DIR PYTORCH_ALLOC_CONF=expandable_segments:True GPU_ARCHS=gfx1250 ENABLE_CK=0 AITER_FORCE_GFX1250=1 FLYDSL_DUMP_IR=0 python3 /data/yanguahe/code/wk_sp1/aiter/my_code/moe_gemm1_act1_optimized/att_launch_opt.py' ::     0.000000 sec
W20260913 09:19:42.080914 124081171418688 simple_timer.cpp:55] [rocprofv3] tool initialization ::     0.031283 sec
W20260913 09:19:42.081095 124081171418688 simple_timer.cpp:55] [rocprofv3] 'python3 /data/yanguahe/code/wk_sp1/aiter/my_code/moe_gemm1_act1_optimized/att_launch_opt.py' ::     0.000000 sec
W20260913 09:19:42.173091 134144917274176 simple_timer.cpp:55] [rocprofv3] tool initialization ::     0.030948 sec
W20260913 09:19:42.173323 134144917274176 simple_timer.cpp:55] [rocprofv3] '/opt/venv/bin/python /opt/venv/bin/offload-arch' ::     0.000000 sec
W20260913 09:19:42.253686 139170432626304 simple_timer.cpp:55] [rocprofv3] tool initialization ::     0.030087 sec
W20260913 09:19:42.253856 139170432626304 simple_timer.cpp:55] [rocprofv3] '/opt/venv/lib/python3.12/site-packages/_rocm_sdk_core/lib/llvm/bin/offload-arch' ::     0.000000 sec
W20260913 09:19:42.254069 139170432626304 simple_timer.cpp:55] [rocprofv3] '/opt/venv/lib/python3.12/site-packages/_rocm_sdk_core/lib/llvm/bin/offload-arch' ::     0.000213 sec
W20260913 09:19:42.254100 139170432626304 tool.cpp:2850] [ATT-DEBUG] advanced_thread_trace block entered; att_library_path='/data/yanguahe/code/wk_sp1/decoder_new'
W20260913 09:19:42.254201 139170432626304 tool.cpp:2854] [ATT-DEBUG] ATTDecoder constructed; valid=1
W20260913 09:19:42.254254 139170432626304 tool.cpp:2859] [ATT-DEBUG] codeobj count=1 att_filenames count=0 output_path=my_code/moe_gemm1_act1_optimized/history_runs/heliosr-1b114-d01-3_20260913T091935Z_att/att/.get_isa_runner_att_persistent_overlap_pad8_prefetch_stage0_121670/thread_trace/kernel/rpf_v3
W20260913 09:19:42.254256 139170432626304 tool.cpp:2904] [ATT-DEBUG] advanced_thread_trace block complete
W20260913 09:19:42.254290 139170432626304 simple_timer.cpp:55] [rocprofv3] output generation ::     0.000196 sec
W20260913 09:19:42.254368 139170432626304 simple_timer.cpp:55] [rocprofv3] tool finalization ::     0.000277 sec
W20260913 09:19:43.598411 129917048802880 simple_timer.cpp:55] [rocprofv3] tool initialization ::     0.030365 sec
W20260913 09:19:43.598610 129917048802880 simple_timer.cpp:55] [rocprofv3] '/opt/venv/bin/python /opt/venv/bin/hipconfig --version' ::     0.000000 sec
W20260913 09:19:43.670284 126846040120896 simple_timer.cpp:55] [rocprofv3] tool initialization ::     0.029702 sec
W20260913 09:19:43.670473 126846040120896 simple_timer.cpp:55] [rocprofv3] '/opt/venv/lib/python3.12/site-packages/_rocm_sdk_core/bin/hipconfig --version' ::     0.000000 sec
W20260913 09:19:43.670539 126846040120896 simple_timer.cpp:55] [rocprofv3] '/opt/venv/lib/python3.12/site-packages/_rocm_sdk_core/bin/hipconfig --version' ::     0.000066 sec
W20260913 09:19:43.670566 126846040120896 tool.cpp:2850] [ATT-DEBUG] advanced_thread_trace block entered; att_library_path='/data/yanguahe/code/wk_sp1/decoder_new'
W20260913 09:19:43.670670 126846040120896 tool.cpp:2854] [ATT-DEBUG] ATTDecoder constructed; valid=1
W20260913 09:19:43.670720 126846040120896 tool.cpp:2859] [ATT-DEBUG] codeobj count=1 att_filenames count=0 output_path=my_code/moe_gemm1_act1_optimized/history_runs/heliosr-1b114-d01-3_20260913T091935Z_att/att/.get_isa_runner_att_persistent_overlap_pad8_prefetch_stage0_121670/thread_trace/kernel/rpf_v3
W20260913 09:19:43.670721 126846040120896 tool.cpp:2904] [ATT-DEBUG] advanced_thread_trace block complete
W20260913 09:19:43.670754 126846040120896 simple_timer.cpp:55] [rocprofv3] output generation ::     0.000193 sec
W20260913 09:19:43.670835 126846040120896 simple_timer.cpp:55] [rocprofv3] tool finalization ::     0.000277 sec
W20260913 09:19:43.734501 138306836336192 simple_timer.cpp:55] [rocprofv3] tool initialization ::     0.032014 sec
W20260913 09:19:43.734658 138306836336192 simple_timer.cpp:55] [rocprofv3] '/bin/sh -c cat /proc/sys/kernel/numa_balancing' ::     0.000000 sec
W20260913 09:19:43.793186 132583187463744 simple_timer.cpp:55] [rocprofv3] tool initialization ::     0.030721 sec
W20260913 09:19:43.793380 132583187463744 simple_timer.cpp:55] [rocprofv3] 'cat /proc/sys/kernel/numa_balancing' ::     0.000000 sec
W20260913 09:19:43.793530 132583187463744 simple_timer.cpp:55] [rocprofv3] 'cat /proc/sys/kernel/numa_balancing' ::     0.000150 sec
W20260913 09:19:43.793564 132583187463744 tool.cpp:2850] [ATT-DEBUG] advanced_thread_trace block entered; att_library_path='/data/yanguahe/code/wk_sp1/decoder_new'
W20260913 09:19:43.793685 132583187463744 tool.cpp:2854] [ATT-DEBUG] ATTDecoder constructed; valid=1
W20260913 09:19:43.793742 132583187463744 tool.cpp:2859] [ATT-DEBUG] codeobj count=1 att_filenames count=0 output_path=my_code/moe_gemm1_act1_optimized/history_runs/heliosr-1b114-d01-3_20260913T091935Z_att/att/.get_isa_runner_att_persistent_overlap_pad8_prefetch_stage0_121670/thread_trace/kernel/rpf_v3
W20260913 09:19:43.793744 132583187463744 tool.cpp:2904] [ATT-DEBUG] advanced_thread_trace block complete
W20260913 09:19:43.793778 132583187463744 simple_timer.cpp:55] [rocprofv3] output generation ::     0.000220 sec
W20260913 09:19:43.793896 132583187463744 simple_timer.cpp:55] [rocprofv3] tool finalization ::     0.000341 sec
[aiter] import [module_aiter_core] under /data/yanguahe/code/wk_sp1/aiter/my_code/moe_gemm1_act1_optimized/repo_snapshot/aiter/jit/module_aiter_core.so
W20260913 09:19:44.290908 124081171418688 tool.cpp:2476] HSA version 1.18.0 initialized (instance=0)
W20260913 09:19:44.360268 136353832357440 simple_timer.cpp:55] [rocprofv3] tool initialization ::     0.032114 sec
W20260913 09:19:44.360455 136353832357440 simple_timer.cpp:55] [rocprofv3] '/bin/sh /sbin/ldconfig -p' ::     0.000000 sec
E20260913 09:19:47.207840 124081171418688 output_stream.cpp:111] Opened result file: my_code/moe_gemm1_act1_optimized/history_runs/heliosr-1b114-d01-3_20260913T091935Z_att/att/.get_isa_runner_att_persistent_overlap_pad8_prefetch_stage0_121670/thread_trace/kernel/rpf_v3/out_gfx1250_code_object_id_1.out
E20260913 09:19:47.236036 124081171418688 output_stream.cpp:111] Opened result file: my_code/moe_gemm1_act1_optimized/history_runs/heliosr-1b114-d01-3_20260913T091935Z_att/att/.get_isa_runner_att_persistent_overlap_pad8_prefetch_stage0_121670/thread_trace/kernel/rpf_v3/out_gfx1250_code_object_id_2.out
/data/yanguahe/code/wk_sp1/aiter/my_code/moe_gemm1_act1_optimized/gemm_batch_isa_runner.py:1041: UserWarning: expandable_segments not supported on this platform (Triggered internally at /__w/rocm-npi-dev/rocm-npi-dev/_therock/external-builds/pytorch/pytorch/c10/hip/HIPAllocatorConfig.h:40.)
  hidden = torch.full(
E20260913 09:19:47.464970 124081171418688 output_stream.cpp:111] Opened result file: my_code/moe_gemm1_act1_optimized/history_runs/heliosr-1b114-d01-3_20260913T091935Z_att/att/.get_isa_runner_att_persistent_overlap_pad8_prefetch_stage0_121670/thread_trace/kernel/rpf_v3/out_gfx1250_code_object_id_3.out
E20260913 09:19:47.488473 124081171418688 output_stream.cpp:111] Opened result file: my_code/moe_gemm1_act1_optimized/history_runs/heliosr-1b114-d01-3_20260913T091935Z_att/att/.get_isa_runner_att_persistent_overlap_pad8_prefetch_stage0_121670/thread_trace/kernel/rpf_v3/out_gfx1250_code_object_id_4.out
E20260913 09:19:47.495710 124081171418688 output_stream.cpp:111] Opened result file: my_code/moe_gemm1_act1_optimized/history_runs/heliosr-1b114-d01-3_20260913T091935Z_att/att/.get_isa_runner_att_persistent_overlap_pad8_prefetch_stage0_121670/thread_trace/kernel/rpf_v3/out_gfx1250_code_object_id_5.out
E20260913 09:19:47.506860 124081171418688 output_stream.cpp:111] Opened result file: my_code/moe_gemm1_act1_optimized/history_runs/heliosr-1b114-d01-3_20260913T091935Z_att/att/.get_isa_runner_att_persistent_overlap_pad8_prefetch_stage0_121670/thread_trace/kernel/rpf_v3/out_gfx1250_code_object_id_6.out
E20260913 09:19:47.528109 124081171418688 output_stream.cpp:111] Opened result file: my_code/moe_gemm1_act1_optimized/history_runs/heliosr-1b114-d01-3_20260913T091935Z_att/att/.get_isa_runner_att_persistent_overlap_pad8_prefetch_stage0_121670/thread_trace/kernel/rpf_v3/out_gfx1250_code_object_id_7.out
E20260913 09:19:47.557413 124081171418688 output_stream.cpp:111] Opened result file: my_code/moe_gemm1_act1_optimized/history_runs/heliosr-1b114-d01-3_20260913T091935Z_att/att/.get_isa_runner_att_persistent_overlap_pad8_prefetch_stage0_121670/thread_trace/kernel/rpf_v3/out_gfx1250_code_object_id_8.out
E20260913 09:19:47.585893 124081171418688 output_stream.cpp:111] Opened result file: my_code/moe_gemm1_act1_optimized/history_runs/heliosr-1b114-d01-3_20260913T091935Z_att/att/.get_isa_runner_att_persistent_overlap_pad8_prefetch_stage0_121670/thread_trace/kernel/rpf_v3/out_gfx1250_code_object_id_9.out
E20260913 09:19:47.612579 124081171418688 output_stream.cpp:111] Opened result file: my_code/moe_gemm1_act1_optimized/history_runs/heliosr-1b114-d01-3_20260913T091935Z_att/att/.get_isa_runner_att_persistent_overlap_pad8_prefetch_stage0_121670/thread_trace/kernel/rpf_v3/out_gfx1250_code_object_id_10.out
E20260913 09:19:47.632175 124081171418688 output_stream.cpp:111] Opened result file: my_code/moe_gemm1_act1_optimized/history_runs/heliosr-1b114-d01-3_20260913T091935Z_att/att/.get_isa_runner_att_persistent_overlap_pad8_prefetch_stage0_121670/thread_trace/kernel/rpf_v3/out_gfx1250_code_object_id_11.out
E20260913 09:19:47.660755 124081171418688 output_stream.cpp:111] Opened result file: my_code/moe_gemm1_act1_optimized/history_runs/heliosr-1b114-d01-3_20260913T091935Z_att/att/.get_isa_runner_att_persistent_overlap_pad8_prefetch_stage0_121670/thread_trace/kernel/rpf_v3/out_gfx1250_code_object_id_12.out
E20260913 09:19:47.741598 124081171418688 output_stream.cpp:111] Opened result file: my_code/moe_gemm1_act1_optimized/history_runs/heliosr-1b114-d01-3_20260913T091935Z_att/att/.get_isa_runner_att_persistent_overlap_pad8_prefetch_stage0_121670/thread_trace/kernel/rpf_v3/out_gfx1250_code_object_id_13.out
E20260913 09:19:47.812983 124081171418688 output_stream.cpp:111] Opened result file: my_code/moe_gemm1_act1_optimized/history_runs/heliosr-1b114-d01-3_20260913T091935Z_att/att/.get_isa_runner_att_persistent_overlap_pad8_prefetch_stage0_121670/thread_trace/kernel/rpf_v3/out_gfx1250_code_object_id_14.out
E20260913 09:19:47.849890 124081171418688 output_stream.cpp:111] Opened result file: my_code/moe_gemm1_act1_optimized/history_runs/heliosr-1b114-d01-3_20260913T091935Z_att/att/.get_isa_runner_att_persistent_overlap_pad8_prefetch_stage0_121670/thread_trace/kernel/rpf_v3/out_gfx1250_code_object_id_15.out
E20260913 09:19:47.900934 124081171418688 output_stream.cpp:111] Opened result file: my_code/moe_gemm1_act1_optimized/history_runs/heliosr-1b114-d01-3_20260913T091935Z_att/att/.get_isa_runner_att_persistent_overlap_pad8_prefetch_stage0_121670/thread_trace/kernel/rpf_v3/out_gfx1250_code_object_id_16.out
E20260913 09:19:47.916983 124081171418688 output_stream.cpp:111] Opened result file: my_code/moe_gemm1_act1_optimized/history_runs/heliosr-1b114-d01-3_20260913T091935Z_att/att/.get_isa_runner_att_persistent_overlap_pad8_prefetch_stage0_121670/thread_trace/kernel/rpf_v3/out_gfx1250_code_object_id_17.out
E20260913 09:19:47.947580 124081171418688 output_stream.cpp:111] Opened result file: my_code/moe_gemm1_act1_optimized/history_runs/heliosr-1b114-d01-3_20260913T091935Z_att/att/.get_isa_runner_att_persistent_overlap_pad8_prefetch_stage0_121670/thread_trace/kernel/rpf_v3/out_gfx1250_code_object_id_18.out
E20260913 09:19:48.000551 124081171418688 output_stream.cpp:111] Opened result file: my_code/moe_gemm1_act1_optimized/history_runs/heliosr-1b114-d01-3_20260913T091935Z_att/att/.get_isa_runner_att_persistent_overlap_pad8_prefetch_stage0_121670/thread_trace/kernel/rpf_v3/out_gfx1250_code_object_id_19.out
E20260913 09:19:48.029411 124081171418688 output_stream.cpp:111] Opened result file: my_code/moe_gemm1_act1_optimized/history_runs/heliosr-1b114-d01-3_20260913T091935Z_att/att/.get_isa_runner_att_persistent_overlap_pad8_prefetch_stage0_121670/thread_trace/kernel/rpf_v3/out_gfx1250_code_object_id_20.out
E20260913 09:19:48.033027 124081171418688 output_stream.cpp:111] Opened result file: my_code/moe_gemm1_act1_optimized/history_runs/heliosr-1b114-d01-3_20260913T091935Z_att/att/.get_isa_runner_att_persistent_overlap_pad8_prefetch_stage0_121670/thread_trace/kernel/rpf_v3/out_gfx1250_code_object_id_21.out
E20260913 09:19:48.037993 124081171418688 output_stream.cpp:111] Opened result file: my_code/moe_gemm1_act1_optimized/history_runs/heliosr-1b114-d01-3_20260913T091935Z_att/att/.get_isa_runner_att_persistent_overlap_pad8_prefetch_stage0_121670/thread_trace/kernel/rpf_v3/out_gfx1250_code_object_id_22.out
[att_launch_opt] code object: /data/yanguahe/code/wk_sp1/aiter/my_code/moe_gemm1_act1_optimized/history_runs/heliosr-1b114-d01-3_20260913T091935Z_att/att/code_objects/persistent_overlap_pad8_prefetch_stage0.co
[att_launch_opt] grid: (16, 16, 1)
E20260913 09:19:48.241901 124081171418688 output_stream.cpp:111] Opened result file: my_code/moe_gemm1_act1_optimized/history_runs/heliosr-1b114-d01-3_20260913T091935Z_att/att/.get_isa_runner_att_persistent_overlap_pad8_prefetch_stage0_121670/thread_trace/kernel/rpf_v3/out_gfx1250_code_object_id_23.out
E20260913 09:19:48.243609 124021085566656 output_stream.cpp:111] Opened result file: my_code/moe_gemm1_act1_optimized/history_runs/heliosr-1b114-d01-3_20260913T091935Z_att/att/.get_isa_runner_att_persistent_overlap_pad8_prefetch_stage0_121670/thread_trace/kernel/rpf_v3/out_41732_shader_engine_0_3541.att
E20260913 09:19:48.244170 124021085566656 output_stream.cpp:111] Opened result file: my_code/moe_gemm1_act1_optimized/history_runs/heliosr-1b114-d01-3_20260913T091935Z_att/att/.get_isa_runner_att_persistent_overlap_pad8_prefetch_stage0_121670/thread_trace/kernel/rpf_v3/out_41732_shader_engine_1_3541.att
E20260913 09:19:48.244696 124021085566656 output_stream.cpp:111] Opened result file: my_code/moe_gemm1_act1_optimized/history_runs/heliosr-1b114-d01-3_20260913T091935Z_att/att/.get_isa_runner_att_persistent_overlap_pad8_prefetch_stage0_121670/thread_trace/kernel/rpf_v3/out_41732_shader_engine_2_3541.att
E20260913 09:19:48.245252 124021085566656 output_stream.cpp:111] Opened result file: my_code/moe_gemm1_act1_optimized/history_runs/heliosr-1b114-d01-3_20260913T091935Z_att/att/.get_isa_runner_att_persistent_overlap_pad8_prefetch_stage0_121670/thread_trace/kernel/rpf_v3/out_41732_shader_engine_3_3541.att
[att_launch_opt] repository module audit passed
W20260913 09:19:48.603711 124081171418688 simple_timer.cpp:55] [rocprofv3] 'python3 /data/yanguahe/code/wk_sp1/aiter/my_code/moe_gemm1_act1_optimized/att_launch_opt.py' ::     6.522616 sec
E20260913 09:19:48.617458 124081171418688 output_stream.cpp:111] Opened result file: my_code/moe_gemm1_act1_optimized/history_runs/heliosr-1b114-d01-3_20260913T091935Z_att/att/.get_isa_runner_att_persistent_overlap_pad8_prefetch_stage0_121670/thread_trace/kernel/rpf_v3/out_agent_info.csv
W20260913 09:19:48.617516 124081171418688 tool.cpp:2850] [ATT-DEBUG] advanced_thread_trace block entered; att_library_path='/data/yanguahe/code/wk_sp1/decoder_new'
W20260913 09:19:48.617753 124081171418688 tool.cpp:2854] [ATT-DEBUG] ATTDecoder constructed; valid=1
W20260913 09:19:48.617790 124081171418688 tool.cpp:2859] [ATT-DEBUG] codeobj count=24 att_filenames count=1 output_path=my_code/moe_gemm1_act1_optimized/history_runs/heliosr-1b114-d01-3_20260913T091935Z_att/att/.get_isa_runner_att_persistent_overlap_pad8_prefetch_stage0_121670/thread_trace/kernel/rpf_v3
W20260913 09:19:48.617792 124081171418688 tool.cpp:2885] [ATT-DEBUG] parse() begin dispatch_id=3541 shader_files=4 out_path=my_code/moe_gemm1_act1_optimized/history_runs/heliosr-1b114-d01-3_20260913T091935Z_att/att/.get_isa_runner_att_persistent_overlap_pad8_prefetch_stage0_121670/thread_trace/kernel/rpf_v3/ui_output_agent_41732_dispatch_3541
W20260913 09:19:49.829144 124081171418688 tool.cpp:2892] [ATT-DEBUG] parse() OK dispatch_id=3541
W20260913 09:19:49.829159 124081171418688 tool.cpp:2904] [ATT-DEBUG] advanced_thread_trace block complete
W20260913 09:19:49.829698 124081171418688 simple_timer.cpp:55] [rocprofv3] output generation ::     1.212509 sec
W20260913 09:19:49.831437 124081171418688 simple_timer.cpp:55] [rocprofv3] tool finalization ::     1.214254 sec
advanced-thread-trace-moe_gemm1_mxfp4_ABpreShuffle_256x256_4x4_batch_ps_act1-simd3 exit status: 0
ATT artifact found: my_code/moe_gemm1_act1_optimized/history_runs/heliosr-1b114-d01-3_20260913T091935Z_att/att/.get_isa_runner_att_persistent_overlap_pad8_prefetch_stage0_121670/thread_trace/kernel/rpf_v3/out_41732_shader_engine_0_3541.att
