Selected SIMD-select capture files (strict kernel/rpf_v3 realtime + same-UI occupancy pairing):
  SIMD3-select capture:
    realtime:  /data/yanguahe/code/wk_sp1/aiter/my_code/moe_gemm1_act1_optimized/att_history/20260909_101629/baseline/thread_trace/kernel/rpf_v3/ui_output_agent_57627_dispatch_3541/realtime.json
    occupancy: /data/yanguahe/code/wk_sp1/aiter/my_code/moe_gemm1_act1_optimized/att_history/20260909_101629/baseline/thread_trace/kernel/rpf_v3/ui_output_agent_57627_dispatch_3541/occupancy.json
    UI dispatch ID (from directory path): 3541
    occupancy kernel-PC label index(es): 1=moe_gemm1_mxfp4_ABpreShuffle_256x256_4x4_batch_ps_act1

Clock-domain interpretation:
  SIMDn names an ATT SIMD-select capture, not an independent hardware clock domain.
  SIMD-select captures are independent; maxima below are observations across captures, not simultaneous GPU state.
  A WGP contains four SIMD32s. Shader-cycle counters are not synchronized across SIMDs.
  Every raw shader span below is a delta within its own capture x SE series.
  Cross-SE maxima compare numeric span only; occupancy spans are not wall durations.
  REALTIME is the fixed-frequency counter that permits wall-time alignment.

Reference clocks by SIMD-select ATT capture:
  SIMD3-select: 100.000 MHz (default --reference-hz 100 MHz; metadata=0.000 MHz)

SIMD-select capture x SE frequency series (delta_realtime<=0 pairs are filtered):
Capture      SE    Samples   Valid  Dropped    Ref MHz    Mean MHz    Min MHz    Max MHz
---------------------------------------------------------------------------------------------------
SIMD3-select SE0      6932    6931        0    100.000    2150.732   1700.000   2466.667
SIMD3-select SE1      6938    6937        0    100.000    2150.824   1700.000   2466.667
SIMD3-select SE2      6858    6857        0    100.000    2148.167   1750.000   2466.667
SIMD3-select SE3      6861    6860        0    100.000    2148.167   1750.000   2475.000

Per-SE raw shader-cycle spans from occupancy.json event shader_timestamp:
Capture      SE           Events     per_se_cycle
--------------------------------------------------
SIMD3-select SE0            5760          2061930
SIMD3-select SE1            5760          2062938
SIMD3-select SE2            5760          2046198
SIMD3-select SE3            5760          2046393
Per-capture maximum per_se_cycle:
  SIMD3-select: 2062938 at SE1

Per-SE raw shader-cycle spans from realtime.json gfx_clock:
Capture      SE    Clock samples     per_se_cycle
--------------------------------------------------
SIMD3-select SE0            6932          2061864
SIMD3-select SE1            6938          2062640
SIMD3-select SE2            6858          2046000
SIMD3-select SE3            6861          2046000
Per-capture maximum per_se_cycle:
  SIMD3-select: 2062640 at SE1

Occupancy wave lifetimes and sequential reuse per physical slot:
  Key = capture/SE/packed-SA-WGP/hwSIMD/slot/kernel-PC-label; kernel-PC labels are never merged.
  Histogram: wave-lifetimes-per-slot -> physical-slot-key count.
  This is sequential slot reuse, not concurrent occupancy; concurrent slot peaks are reported separately below.
  A WGP has four hwSIMDs; this histogram remains keyed by each observed physical slot and is not divided by four.
  SIMD3-select: wave lifetimes=11520, observed physical slot keys=256, max sequential wave lifetimes per slot=45 at SE0/packed=0(SA0/WGP0)/hwSIMD0/slot0/kernel-label=1 (+255 tied); histogram={45:256}

Occupancy slot-count maxima per (capture, SE, packed-SA-WGP, hwSIMD, kernel-PC-label):
Capture      Physical-SIMD keys     Max distinct slot IDs per physical-SIMD key Coordinate                                                            Max simultaneously active slot IDs per physical-SIMD key Coordinate
----------------------------------------------------------------------------------------------------------------------------------------------------------------------------------------------------------------------------------
SIMD3-select                256                                               1 SE0/packed=0(SA0/WGP0)/hwSIMD0/kernel-label=1 (+255 tied)                                                                    1 SE0/packed=0(SA0/WGP0)/hwSIMD0/kernel-label=1 (+255 tied)

Distinct physical WGPs per independent capture x SE x kernel-PC label (packed ID keeps SA distinct):
  Decode: SA=(packed>>7)&1; WGP=packed&0x7f.
Capture      SE   Kernel label  WGP count  Observed packed SA/WGP IDs
---------------------------------------------------------------------------------------------------------
SIMD3-select SE0             1         16  SA0/WGP0-8; SA1/WGP0-6
SIMD3-select SE1             1         16  SA0/WGP1-8; SA1/WGP0-7
SIMD3-select SE2             1         16  SA0/WGP0-8; SA1/WGP0-6
SIMD3-select SE3             1         16  SA0/WGP0-2,4-8; SA1/WGP0-7
Max distinct packed SA/WGP count observed across independent captures: 16 at SIMD3-select/SE0/kernel-label=1 (+3 tied)

Physical-WGP completion imbalance per independent capture x SE x kernel-PC label:
  Occupancy tuple field 6 is a kernel-PC label/index, not the UI directory's dispatch ID.
  Episode = aggregate active-wave count 0 -> 1 through 1 -> 0 for one (SE, packed-SA-WGP, kernel-PC-label).
  Episode count only diagnoses occupancy gaps; it is not the load-balance sample count.
  All episodes for one physical WGP are merged first: envelope = last end - first start; active = sum(episode durations); idle-gap = envelope - active.
  Episodes use raw profiler shader timestamps across a WGP's hwSIMDs; they are not REALTIME-aligned wall durations.
  occupancy.json has no logical WG ID. A physical WGP may host multiple logical WGs, so its envelope is not a single-WG duration.
  Formula: final-end span=max(WGP_end)-min(WGP_end); completion imbalance=final-end span/median(WGP envelope duration).
Capture      SE   Kernel label  WGPs Episodes/WGP Envelope min Envelope median Envelope max Active median Idle-gap median Final-end min Final-end max Final-end span Completion imbalance
----------------------------------------------------------------------------------------------------------------------------------------------------------------------------------------------------
SIMD3-select SE0             1    16           45      2061765     2061867.000      2061916   2051563.500       10339.500       2252380       2252490            110             0.000053
SIMD3-select SE1             1    16           45      2062767     2062878.500      2062917   2052085.500       10785.500       2250127       2250237            110             0.000053
SIMD3-select SE2             1    16           45      2046059     2046118.500      2046187   2034834.500       11316.500       2229132       2229234            102             0.000050
SIMD3-select SE3             1    16           45      2046231     2046329.000      2046376   2037197.000        9155.000       2226165       2226274            109             0.000053

End-of-report summary:
Max observed across independent SIMD-select captures: 45 sequential wave lifetimes per slot at SIMD3-select/SE0/packed=0(SA0/WGP0)/hwSIMD0/slot0/kernel-label=1 (+255 tied)

Max distinct slot IDs per physical-SIMD key observed across independent captures: 1 at SIMD3-select/SE0/packed=0(SA0/WGP0)/hwSIMD0/kernel-label=1 (+255 tied)
Max simultaneously active slot IDs per physical-SIMD key observed across independent captures: 1 at SIMD3-select/SE0/packed=0(SA0/WGP0)/hwSIMD0/kernel-label=1 (+255 tied)

Completion imbalance arithmetic mean (4 independent capture x SE x kernel-PC-label rows): 0.000052
Completion imbalance median: 0.000053; max observed 0.000053 at SIMD3-select/SE0/kernel-label=1

Per-SIMD-select capture means (REALTIME-tick weighted across SE series):
  SIMD3-select: 2149.477 MHz across 4 SE series; 27585 valid intervals; 0 dropped

Combined mean across 4 independent SIMD-select capture x SE series (REALTIME-tick weighted): 2149.477 MHz
Spread of the 4 series means: 2.657 MHz (min SIMD3-select SE2 2148.167; max SIMD3-select SE1 2150.824)

Max observed across independent SIMD-select captures: per_se_cycle=2062938 at SIMD3-select/SE1 (source: occupancy.json event shader_timestamp)
Max observed across independent SIMD-select captures: per_se_cycle=2062640 at SIMD3-select/SE1 (source: realtime.json gfx_clock)

Derived frequency from occupancy.json event shader_timestamp max per_se_cycle: 2151.045 MHz (2062938 cycles / 959.040 us at SIMD3-select/SE1; matching realtime.json all-SE REALTIME earliest=573886634068, latest=573886729972, span=95904 ticks)
Derived frequency from realtime.json gfx_clock max per_se_cycle: 2150.734 MHz (2062640 cycles / 959.040 us at SIMD3-select/SE1; matching realtime.json all-SE REALTIME earliest=573886634068, latest=573886729972, span=95904 ticks)
