timestamp_utc=2026-09-09T09:55:37+00:00
host=heliosr-2b805-b8-3
mode=perf-const0
seed=0 warmup=5 rounds=9 launches_per_sample=5
git_head=c9d7cc7937679f80b96e33b180f7e6c97eabd244
3f40709bc179544c163b2fd80e8cffc253c261646caf659340ecaad5cfb0d681  /data/yanguahe/code/wk_sp1/aiter/my_code/moe_gemm1_act1_optimized/baseline_act1_independent.s
c90bbe6221b03ae6e05d1d5570b16be25217133e4105860eac901043f316feae  /data/yanguahe/code/wk_sp1/aiter/my_code/moe_gemm1_act1_optimized/moe_gemm1_mxfp4_ABpreShuffle_256x256_4x4_batch_ps_act1_opt.s
33034bb76ada72f9fbc895c1edbf56ee339d0ed6eb28d496196b68323ceed331  /data/yanguahe/code/wk_sp1/aiter/my_code/moe_gemm1_act1_optimized/moe_gemm1_mxfp4_ABpreShuffle_256x256_4x4_batch_ps_act1_double_lds.s


============================ ROCm System Management Interface ============================
=============================== Current clock frequencies ================================
GPU[0]		: fclk clock level: 1: (1950Mhz)
GPU[0]		: mclk clock level: 0: (1900Mhz)
GPU[0]		: sclk clock level: 1: (2351Mhz)
GPU[0]		: socclk clock level: 0: (1350Mhz)
==========================================================================================
=================================== % time GPU is busy ===================================
GPU[0]		: GPU use (%): 100
==========================================================================================
=================================== Current Memory Use ===================================
GPU[0]		: GPU Memory Allocated (VRAM%): 2
GPU[0]		: GPU Memory Read/Write Activity (%): 0
GPU[0]		: Memory Activity: N/A
GPU[0]		: Not supported on the given system
==========================================================================================
====================================== Product Info ======================================
GPU[0]		: Card Series: 		AMD Radeon Graphics
GPU[0]		: Card Model: 		0x75c1
GPU[0]		: Card Vendor: 		Advanced Micro Devices, Inc. [AMD/ATI]
GPU[0]		: Card SKU: 		N/A
GPU[0]		: Subsystem ID: 	0x75c1
GPU[0]		: Device Rev: 		0x00
GPU[0]		: Node ID: 		1
GPU[0]		: GUID: 		56179
GPU[0]		: GFX Version: 		gfx1250
==========================================================================================
================================== End of ROCm SMI Log ===================================
[aiter] import [module_aiter_core] under /data/yanguahe/code/wk_sp1/aiter/aiter/jit/module_aiter_core.so
loaded baseline_act1_independent
loaded moe_gemm1_mxfp4_ABpreShuffle_256x256_4x4_batch_ps_act1_opt
loaded moe_gemm1_mxfp4_ABpreShuffle_256x256_4x4_batch_ps_act1_double_lds
[aiter] baseline_act1_independent[checkAllclose atol=1.0 rtol=0.1 [32mpassed~[0m]
validation baseline_act1_independent [1/3]: err=0 exact_mismatch=0 zero_count=301989888/301989888 rel_l2=0.0 max_err_info=(0.0, 0.0, 0.0)
[aiter] baseline_act1_independent[checkAllclose atol=1.0 rtol=0.1 [32mpassed~[0m]
validation baseline_act1_independent [2/3]: err=0 exact_mismatch=0 zero_count=301989888/301989888 rel_l2=0.0 max_err_info=(0.0, 0.0, 0.0)
[aiter] baseline_act1_independent[checkAllclose atol=1.0 rtol=0.1 [32mpassed~[0m]
validation baseline_act1_independent [3/3]: err=0 exact_mismatch=0 zero_count=301989888/301989888 rel_l2=0.0 max_err_info=(0.0, 0.0, 0.0)
[aiter] moe_gemm1_mxfp4_ABpreShuffle_256x256_4x4_batch_ps_act1_opt[checkAllclose atol=1.0 rtol=0.1 [32mpassed~[0m]
validation moe_gemm1_mxfp4_ABpreShuffle_256x256_4x4_batch_ps_act1_opt [1/3]: err=0 exact_mismatch=0 zero_count=301989888/301989888 rel_l2=0.0 max_err_info=(0.0, 0.0, 0.0)
[aiter] moe_gemm1_mxfp4_ABpreShuffle_256x256_4x4_batch_ps_act1_opt[checkAllclose atol=1.0 rtol=0.1 [32mpassed~[0m]
validation moe_gemm1_mxfp4_ABpreShuffle_256x256_4x4_batch_ps_act1_opt [2/3]: err=0 exact_mismatch=0 zero_count=301989888/301989888 rel_l2=0.0 max_err_info=(0.0, 0.0, 0.0)
[aiter] moe_gemm1_mxfp4_ABpreShuffle_256x256_4x4_batch_ps_act1_opt[checkAllclose atol=1.0 rtol=0.1 [32mpassed~[0m]
validation moe_gemm1_mxfp4_ABpreShuffle_256x256_4x4_batch_ps_act1_opt [3/3]: err=0 exact_mismatch=0 zero_count=301989888/301989888 rel_l2=0.0 max_err_info=(0.0, 0.0, 0.0)
[aiter] moe_gemm1_mxfp4_ABpreShuffle_256x256_4x4_batch_ps_act1_double_lds[checkAllclose atol=1.0 rtol=0.1 [32mpassed~[0m]
validation moe_gemm1_mxfp4_ABpreShuffle_256x256_4x4_batch_ps_act1_double_lds [1/3]: err=0 exact_mismatch=0 zero_count=301989888/301989888 rel_l2=0.0 max_err_info=(0.0, 0.0, 0.0)
[aiter] moe_gemm1_mxfp4_ABpreShuffle_256x256_4x4_batch_ps_act1_double_lds[checkAllclose atol=1.0 rtol=0.1 [32mpassed~[0m]
validation moe_gemm1_mxfp4_ABpreShuffle_256x256_4x4_batch_ps_act1_double_lds [2/3]: err=0 exact_mismatch=0 zero_count=301989888/301989888 rel_l2=0.0 max_err_info=(0.0, 0.0, 0.0)
[aiter] moe_gemm1_mxfp4_ABpreShuffle_256x256_4x4_batch_ps_act1_double_lds[checkAllclose atol=1.0 rtol=0.1 [32mpassed~[0m]
validation moe_gemm1_mxfp4_ABpreShuffle_256x256_4x4_batch_ps_act1_double_lds [3/3]: err=0 exact_mismatch=0 zero_count=301989888/301989888 rel_l2=0.0 max_err_info=(0.0, 0.0, 0.0)
round 1/9 complete
round 2/9 complete
round 3/9 complete
round 4/9 complete
round 5/9 complete
round 6/9 complete
round 7/9 complete
round 8/9 complete
round 9/9 complete
RESULT baseline_act1_independent: median=910.636 us mean=911.011 us min=904.635 us max=919.474 us samples=914.642,914.242,904.988,910.636,904.635,911.766,908.265,919.474,910.452
RESULT moe_gemm1_mxfp4_ABpreShuffle_256x256_4x4_batch_ps_act1_opt: median=811.222 us mean=810.530 us min=806.158 us max=813.641 us samples=809.515,809.379,813.641,812.816,811.222,811.534,806.158,808.962,811.542
RESULT moe_gemm1_mxfp4_ABpreShuffle_256x256_4x4_batch_ps_act1_double_lds: median=797.913 us mean=796.925 us min=789.877 us max=801.054 us samples=797.913,796.720,801.054,793.827,800.397,789.877,799.572,792.281,800.686
