[run_e2e_candidate] GEMM1 ISA override: /data/yanguahe/code/wk_sp1/aiter/my_code/moe_gemm1_act1_optimized/moe_gemm1_mxfp4_ABpreShuffle_256x256_4x4_batch_ps_act1_double_lds.s
[aiter INFO] 2026-09-09 14:20:48.876 - MainProcess:40012 - /data/yanguahe/code/wk_sp1/aiter/aiter/jit/core.py:637 - get_module_custom_op
import [module_aiter_core] under /data/yanguahe/code/wk_sp1/aiter/aiter/jit/module_aiter_core.so
[aiter INFO] 2026-09-09 14:20:51.317 - MainProcess:40012 - /data/yanguahe/code/wk_sp1/aiter/op_tests/test_flydsl_grouped_gemm_gfx1250.py:1720 - set_data_format
grouped GEMM data format: a4w4
[moe_cpp_backend] cache root: /root/.cache/aiter/moe_gemm1_cpp_launcher
[moe_cpp_backend] code object cache hit: key=6f11fa9022236a59f7bf7618cc8c2a74a23c1a76ddf31cbf44c184107e9851d2; path=/root/.cache/aiter/moe_gemm1_cpp_launcher/code_objects/6f11fa9022236a59f7bf7618cc8c2a74a23c1a76ddf31cbf44c184107e9851d2/moe_gemm1_mxfp4_ABpreShuffle_256x256_4x4_batch_ps_act1.co
[moe_cpp_backend] C++ extension cache hit: key=61a94856174e6429917679ac958574e513a59a447f0a5ea2c3ad8b4cf86bba03; path=/root/.cache/aiter/moe_gemm1_cpp_launcher/extensions/61a94856174e6429917679ac958574e513a59a447f0a5ea2c3ad8b4cf86bba03/aiter_moe_gemm1_cpp_61a94856174e64299176.so
[moe_cpp_backend] pipeline backend ready before timed callable: co_key=6f11fa9022236a59f7bf7618cc8c2a74a23c1a76ddf31cbf44c184107e9851d2; extension_key=61a94856174e6429917679ac958574e513a59a447f0a5ea2c3ad8b4cf86bba03; co_cache_hit=True; extension_cache_hit=True; co_sha256=1ed04b8f7361c5ea96f9d654be36e26629aa045057691759a2d7fa3c6d2ba983
[aiter INFO] 2026-09-09 14:20:51.448 - MainProcess:40012 - /data/yanguahe/code/wk_sp1/aiter/aiter/jit/core.py:637 - get_module_custom_op
import [module_moe_asm] under /data/yanguahe/code/wk_sp1/aiter/aiter/jit/module_moe_asm.so
[moe_cpp_backend] pipeline GEMM1 contract: symbol=moe_gemm1_mxfp4_ABpreShuffle_256x256_4x4_batch_ps_act1; grid=(2880, 4, 1); block=(128, 1, 1); cluster=(4, 4, 1); stream=0; code_object=/root/.cache/aiter/moe_gemm1_cpp_launcher/code_objects/6f11fa9022236a59f7bf7618cc8c2a74a23c1a76ddf31cbf44c184107e9851d2/moe_gemm1_mxfp4_ABpreShuffle_256x256_4x4_batch_ps_act1.co; kernarg_size=184; kernarg_sha256=6d9a612bce4eeaad0fe6b2b182c142da624ef8d57154b6c124a0dfeffbf0e6f2
[moe_cpp_backend] pipeline tensors: out=ptr:0x745ffea00000,shape:(1, 122880, 3072),stride:(377487360, 3072, 1),dtype:torch.bfloat16; a=ptr:0x7460f8a00000,shape:(1, 122880, 3584),stride:(440401920, 3584, 1),dtype:torch.uint8; b=ptr:0x74602bc00000,shape:(96, 6144, 3584),stride:(22020096, 3584, 1),dtype:torch.uint8; scale_a_u8=ptr:0x7460ecd00000,shape:(1, 15360, 1792),stride:(27525120, 1792, 1),dtype:torch.uint8; scale_a_i32_desc=ptr:0x7460ecd00000,shape:(1, 15360, 448),stride:(6881280, 448, 1),dtype:torch.int32; scale_b_i32_desc=ptr:0x7460f0c00000,shape:(33030144,),stride:(1,),dtype:torch.int32; m_tile_map=ptr:0x746138290400,shape:(96,),stride:(1,),dtype:torch.int32
[moe_cpp_backend] pipeline kernarg fields: {'ptr_c': 127955642613760, 'c_size0': 1, 'c_size1': 122880, 'c_size2': 3072, 'c_stride0': 377487360, 'c_stride1': 3072, 'ptr_a': 127959836917760, 'ptr_b': 127956399685632, 'ptr_scale_a': 127959638736896, 'sa_size0': 1, 'sa_size1': 15360, 'sa_size2': 448, 'sa_stride0': 6881280, 'sa_stride1': 448, 'ptr_scale_b': 127959704797184, 'sb_size0': 33030144, 'ptr_m_tile_map': 127960902861824, 'ptr_bias': 127959836917760, 'ptr_quant_scale': 127955642613760, 'qs_size0': 1, 'qs_size1': 122880, 'qs_size2': 3072, 'qs_stride0': 377487360, 'qs_stride1': 3072, 'i32_m': 122880, 'i32_n': 6144, 'f32_swiglu_limit': 1088421888, 'f32_situ_beta': 1082130432, 'f32_situ_linear_beta': 1103626240}
[moe_cpp_backend] pipeline preflight: balanced psum matched; padding_nonzero=0; module loaded on the current PyTorch stream
[aiter INFO] 2026-09-09 14:20:58.150 - MainProcess:40012 - /data/yanguahe/code/wk_sp1/aiter/aiter/test_common.py:93 - wrapper
avg: 2375.1773953437805 us/iter from cuda.Event
/opt/venv/lib/python3.12/site-packages/torch/profiler/profiler.py:217: UserWarning: Warning: Profiler clears events at the end of each cycle.Only events from the current cycle will be reported.To keep events across cycles, set acc_events=True.
  _warn_once(
[W909 14:20:58.005273657 collection.cpp:1148] Warning: ROCTracer produced duplicate flow start: 1 (function operator())
[aiter INFO] 2026-09-09 14:20:58.226 - MainProcess:40012 - /data/yanguahe/code/wk_sp1/aiter/aiter/test_common.py:335 - post_process_data
abnormal data indices: {8, 73, 42, 13, 115, 152, 25, 126}
[aiter INFO] 2026-09-09 14:20:58.226 - MainProcess:40012 - /data/yanguahe/code/wk_sp1/aiter/aiter/test_common.py:337 - post_process_data
abnormal data: 4.285000000000025
[aiter INFO] 2026-09-09 14:20:58.226 - MainProcess:40012 - /data/yanguahe/code/wk_sp1/aiter/aiter/test_common.py:337 - post_process_data
abnormal data: 666.4380000000001
[aiter INFO] 2026-09-09 14:20:58.226 - MainProcess:40012 - /data/yanguahe/code/wk_sp1/aiter/aiter/test_common.py:337 - post_process_data
abnormal data: 502.953
[aiter INFO] 2026-09-09 14:20:58.226 - MainProcess:40012 - /data/yanguahe/code/wk_sp1/aiter/aiter/test_common.py:337 - post_process_data
abnormal data: 4.925999999999988
[aiter INFO] 2026-09-09 14:20:58.226 - MainProcess:40012 - /data/yanguahe/code/wk_sp1/aiter/aiter/test_common.py:337 - post_process_data
abnormal data: 106.8789999999999
[aiter INFO] 2026-09-09 14:20:58.226 - MainProcess:40012 - /data/yanguahe/code/wk_sp1/aiter/aiter/test_common.py:337 - post_process_data
abnormal data: 153.1489999999999
[aiter INFO] 2026-09-09 14:20:58.226 - MainProcess:40012 - /data/yanguahe/code/wk_sp1/aiter/aiter/test_common.py:337 - post_process_data
abnormal data: 87.731
[aiter INFO] 2026-09-09 14:20:58.226 - MainProcess:40012 - /data/yanguahe/code/wk_sp1/aiter/aiter/test_common.py:337 - post_process_data
abnormal data: 491.9770000000001
[aiter INFO] 2026-09-09 14:20:58.267 - MainProcess:40012 - /data/yanguahe/code/wk_sp1/aiter/aiter/test_common.py:420 - get_trace_perf
                                                                                                    name  cnt  host_time_sum  device_time_sum  device_time_avg device_type device_index
0              void at::native::vectorized_elementwise_kernel<4, at::native::FillFunctor<int>, std::a... 19.0            0.0             37.0              1.9        CUDA            2
1                                                                                              moe_route 19.0            0.0             65.0              3.4        CUDA            2
2                                                                              moe_contiguous_psum_remap 19.0            0.0          1,625.0             85.5        CUDA            2
3                                       moe_fused_quant_preshuffle_routeks_fd3072_r8_fp4_pk8_srcrow_noKS 19.0            0.0          2,059.9            108.4        CUDA            2
4                                                          moe_gather_reduce_bf16_d7168_tk6_sk1_v4_wbf16 19.0            0.0          2,820.1            148.4        CUDA            2
5                                  moe_fused_quant_preshuffle_routeks_fd7168_r8_fp4_pk8_srctk6_noKS_apre 19.0            0.0          8,531.3            449.0        CUDA            2
6                                          a8w4_tdm_fp4_t256x256x256_w2x2_b4_K3072_e96_cn4_prefetch_wpt1 19.0            0.0          9,223.8            485.5        CUDA            2
7                                                 moe_gemm1_mxfp4_ABpreShuffle_256x256_4x4_batch_ps_act1 19.0            0.0         11,898.7            626.2        CUDA            2
8                                                                                            aten::fill_ 19.0           37.0              0.0              0.0         CPU        40012
9                                                                         moe_gemm1_cpp_launcher::launch 19.0       11,898.7              0.0              0.0         CPU        40012
10                                                                                     aiter::fused_moe_ 19.0       24,325.1              0.0              0.0         CPU        40012
[avg us/iter]                                                                                        NaN  NaN        1,908.5          1,908.5              NaN         NaN          NaN
[moe_cpp_backend] pipeline adapter summary: gemm1_cpp_calls=46; gemm2_flydsl_calls=46; padding_nonzero=0
[sanity a4w4 silu] eager-profile: logits_diff=0.0000e+00 rel_l2=0.0000e+00 (gate<0.01, ref_norm=0.0000e+00)
[sanity a4w4 silu] output_sha256=bc3404a6147c932d6ff7c322658fc3258b7a0ca1b81adf2a381f73ed1348020e
[bench a4w4 silu] fused_moe end-to-end us = 1908.46 (testGraph=False)
[bench kernel timing] gemm1: device_time_avg=626.245 us count=19 symbol=moe_gemm1_mxfp4_ABpreShuffle_256x256_4x4_batch_ps_act1
[bench kernel timing] gemm2: device_time_avg=485.464 us count=19 symbol=a8w4_tdm_fp4_t256x256x256_w2x2_b4_K3072_e96_cn4_prefetch_wpt1

[precision summary]
| data_format   | act   | init   |   experts |   tokens |   topk |   model_dim |   inter_dim |   logits_diff |   rel_l2 | pass   |      us |   gemm1_us |   gemm2_us | gemm1 executed                            | gemm1 effective read         | gemm1 output write                | gemm1 effective R+W          | gemm2 executed                           | gemm2 effective read         | gemm2 output write                  | gemm2 effective R+W          |
|:--------------|:------|:-------|----------:|---------:|-------:|------------:|------------:|--------------:|---------:|:-------|--------:|-----------:|-----------:|:------------------------------------------|:-----------------------------|:----------------------------------|:-----------------------------|:-----------------------------------------|:-----------------------------|:------------------------------------|:-----------------------------|
| a4w4          | silu  | const  |        96 |    16384 |      6 |        7168 |        3072 |             0 |        0 | True   | 1908.46 |    626.245 |    485.464 | 8,658,654,068,736 FLOP → 13,826.3 TFLOP/s | 2,620,391,424 B → 3.806 TB/s | 603,979,776 B (BF16) → 0.877 TB/s | 3,224,371,200 B → 4.683 TB/s | 4,329,327,034,368 FLOP → 8,917.9 TFLOP/s | 1,283,457,024 B → 2.404 TB/s | 1,409,286,144 B (BF16) → 2.640 TB/s | 2,692,743,168 B → 5.045 TB/s |
[run_e2e_candidate] GEMM1 ISA override: /data/yanguahe/code/wk_sp1/aiter/my_code/moe_gemm1_act1_optimized/moe_gemm1_mxfp4_ABpreShuffle_256x256_4x4_batch_ps_act1_opt.s
[aiter INFO] 2026-09-09 14:21:44.415 - MainProcess:40396 - /data/yanguahe/code/wk_sp1/aiter/aiter/jit/core.py:637 - get_module_custom_op
import [module_aiter_core] under /data/yanguahe/code/wk_sp1/aiter/aiter/jit/module_aiter_core.so
[aiter INFO] 2026-09-09 14:21:46.853 - MainProcess:40396 - /data/yanguahe/code/wk_sp1/aiter/op_tests/test_flydsl_grouped_gemm_gfx1250.py:1720 - set_data_format
grouped GEMM data format: a4w4
[moe_cpp_backend] cache root: /root/.cache/aiter/moe_gemm1_cpp_launcher
[moe_cpp_backend] code object cache hit: key=57ef748788b3ab408006a0cfb3e1f00d78c81c13b9bae24869adbabc2f73b45a; path=/root/.cache/aiter/moe_gemm1_cpp_launcher/code_objects/57ef748788b3ab408006a0cfb3e1f00d78c81c13b9bae24869adbabc2f73b45a/moe_gemm1_mxfp4_ABpreShuffle_256x256_4x4_batch_ps_act1.co
[moe_cpp_backend] C++ extension cache hit: key=120b48fa6293a6ffb732a62435f50d366a4348ed785b04c8d1c8c02fde4fcdba; path=/root/.cache/aiter/moe_gemm1_cpp_launcher/extensions/120b48fa6293a6ffb732a62435f50d366a4348ed785b04c8d1c8c02fde4fcdba/aiter_moe_gemm1_cpp_120b48fa6293a6ffb732.so
[moe_cpp_backend] pipeline backend ready before timed callable: co_key=57ef748788b3ab408006a0cfb3e1f00d78c81c13b9bae24869adbabc2f73b45a; extension_key=120b48fa6293a6ffb732a62435f50d366a4348ed785b04c8d1c8c02fde4fcdba; co_cache_hit=True; extension_cache_hit=True; co_sha256=68cb984df17eb99b15d96945aebed39577a6d71b20945bb01644fadcccd9c1b6
[aiter INFO] 2026-09-09 14:21:46.989 - MainProcess:40396 - /data/yanguahe/code/wk_sp1/aiter/aiter/jit/core.py:637 - get_module_custom_op
import [module_moe_asm] under /data/yanguahe/code/wk_sp1/aiter/aiter/jit/module_moe_asm.so
[moe_cpp_backend] pipeline GEMM1 contract: symbol=moe_gemm1_mxfp4_ABpreShuffle_256x256_4x4_batch_ps_act1; grid=(2880, 4, 1); block=(128, 1, 1); cluster=(4, 4, 1); stream=0; code_object=/root/.cache/aiter/moe_gemm1_cpp_launcher/code_objects/57ef748788b3ab408006a0cfb3e1f00d78c81c13b9bae24869adbabc2f73b45a/moe_gemm1_mxfp4_ABpreShuffle_256x256_4x4_batch_ps_act1.co; kernarg_size=184; kernarg_sha256=238548a0304dbc02401684c2f1a10eb3f0eb76ccee1d5766806d63a05015f7bb
[moe_cpp_backend] pipeline tensors: out=ptr:0x742ac2a00000,shape:(1, 122880, 3072),stride:(377487360, 3072, 1),dtype:torch.bfloat16; a=ptr:0x742bbca00000,shape:(1, 122880, 3584),stride:(440401920, 3584, 1),dtype:torch.uint8; b=ptr:0x742aefc00000,shape:(96, 6144, 3584),stride:(22020096, 3584, 1),dtype:torch.uint8; scale_a_u8=ptr:0x742bb0d00000,shape:(1, 15360, 1792),stride:(27525120, 1792, 1),dtype:torch.uint8; scale_a_i32_desc=ptr:0x742bb0d00000,shape:(1, 15360, 448),stride:(6881280, 448, 1),dtype:torch.int32; scale_b_i32_desc=ptr:0x742bb4c00000,shape:(33030144,),stride:(1,),dtype:torch.int32; m_tile_map=ptr:0x742bfc290400,shape:(96,),stride:(1,),dtype:torch.int32
[moe_cpp_backend] pipeline kernarg fields: {'ptr_c': 127727002714112, 'c_size0': 1, 'c_size1': 122880, 'c_size2': 3072, 'c_stride0': 377487360, 'c_stride1': 3072, 'ptr_a': 127731197018112, 'ptr_b': 127727759785984, 'ptr_scale_a': 127730998837248, 'sa_size0': 1, 'sa_size1': 15360, 'sa_size2': 448, 'sa_stride0': 6881280, 'sa_stride1': 448, 'ptr_scale_b': 127731064897536, 'sb_size0': 33030144, 'ptr_m_tile_map': 127732262962176, 'ptr_bias': 127731197018112, 'ptr_quant_scale': 127727002714112, 'qs_size0': 1, 'qs_size1': 122880, 'qs_size2': 3072, 'qs_stride0': 377487360, 'qs_stride1': 3072, 'i32_m': 122880, 'i32_n': 6144, 'f32_swiglu_limit': 1088421888, 'f32_situ_beta': 1082130432, 'f32_situ_linear_beta': 1103626240}
[moe_cpp_backend] pipeline preflight: balanced psum matched; padding_nonzero=0; module loaded on the current PyTorch stream
[aiter INFO] 2026-09-09 14:21:47.656 - MainProcess:40396 - /data/yanguahe/code/wk_sp1/aiter/aiter/test_common.py:93 - wrapper
avg: 2448.952090740204 us/iter from cuda.Event
/opt/venv/lib/python3.12/site-packages/torch/profiler/profiler.py:217: UserWarning: Warning: Profiler clears events at the end of each cycle.Only events from the current cycle will be reported.To keep events across cycles, set acc_events=True.
  _warn_once(
[W909 14:21:47.512621163 collection.cpp:1148] Warning: ROCTracer produced duplicate flow start: 1 (function operator())
[aiter INFO] 2026-09-09 14:21:47.733 - MainProcess:40396 - /data/yanguahe/code/wk_sp1/aiter/aiter/test_common.py:335 - post_process_data
abnormal data indices: {8, 73, 42, 136, 13, 120, 25, 152}
[aiter INFO] 2026-09-09 14:21:47.733 - MainProcess:40396 - /data/yanguahe/code/wk_sp1/aiter/aiter/test_common.py:337 - post_process_data
abnormal data: 4.245999999999981
[aiter INFO] 2026-09-09 14:21:47.734 - MainProcess:40396 - /data/yanguahe/code/wk_sp1/aiter/aiter/test_common.py:337 - post_process_data
abnormal data: 680.6990000000001
[aiter INFO] 2026-09-09 14:21:47.734 - MainProcess:40396 - /data/yanguahe/code/wk_sp1/aiter/aiter/test_common.py:337 - post_process_data
abnormal data: 526.6690000000001
[aiter INFO] 2026-09-09 14:21:47.734 - MainProcess:40396 - /data/yanguahe/code/wk_sp1/aiter/aiter/test_common.py:337 - post_process_data
abnormal data: 483.44399999999996
[aiter INFO] 2026-09-09 14:21:47.734 - MainProcess:40396 - /data/yanguahe/code/wk_sp1/aiter/aiter/test_common.py:337 - post_process_data
abnormal data: 5.727999999999952
[aiter INFO] 2026-09-09 14:21:47.734 - MainProcess:40396 - /data/yanguahe/code/wk_sp1/aiter/aiter/test_common.py:337 - post_process_data
abnormal data: 100.22899999999981
[aiter INFO] 2026-09-09 14:21:47.734 - MainProcess:40396 - /data/yanguahe/code/wk_sp1/aiter/aiter/test_common.py:337 - post_process_data
abnormal data: 86.529
[aiter INFO] 2026-09-09 14:21:47.734 - MainProcess:40396 - /data/yanguahe/code/wk_sp1/aiter/aiter/test_common.py:337 - post_process_data
abnormal data: 150.70499999999993
[aiter INFO] 2026-09-09 14:21:47.776 - MainProcess:40396 - /data/yanguahe/code/wk_sp1/aiter/aiter/test_common.py:420 - get_trace_perf
                                                                                                    name  cnt  host_time_sum  device_time_sum  device_time_avg device_type device_index
0              void at::native::vectorized_elementwise_kernel<4, at::native::FillFunctor<int>, std::a... 19.0            0.0             36.7              1.9        CUDA            2
1                                                                                              moe_route 19.0            0.0             65.0              3.4        CUDA            2
2                                                                              moe_contiguous_psum_remap 19.0            0.0          1,626.1             85.6        CUDA            2
3                                       moe_fused_quant_preshuffle_routeks_fd3072_r8_fp4_pk8_srcrow_noKS 19.0            0.0          2,071.0            109.0        CUDA            2
4                                                          moe_gather_reduce_bf16_d7168_tk6_sk1_v4_wbf16 19.0            0.0          2,813.9            148.1        CUDA            2
5                                  moe_fused_quant_preshuffle_routeks_fd7168_r8_fp4_pk8_srctk6_noKS_apre 19.0            0.0          8,592.5            452.2        CUDA            2
6                                          a8w4_tdm_fp4_t256x256x256_w2x2_b4_K3072_e96_cn4_prefetch_wpt1 19.0            0.0          9,203.5            484.4        CUDA            2
7                                                 moe_gemm1_mxfp4_ABpreShuffle_256x256_4x4_batch_ps_act1 19.0            0.0         12,401.0            652.7        CUDA            2
8                                                                                            aten::fill_ 19.0           36.7              0.0              0.0         CPU        40396
9                                                                         moe_gemm1_cpp_launcher::launch 19.0       12,401.0              0.0              0.0         CPU        40396
10                                                                                     aiter::fused_moe_ 19.0       24,372.0              0.0              0.0         CPU        40396
[avg us/iter]                                                                                        NaN  NaN        1,937.4          1,937.4              NaN         NaN          NaN
[moe_cpp_backend] pipeline adapter summary: gemm1_cpp_calls=46; gemm2_flydsl_calls=46; padding_nonzero=0
[sanity a4w4 silu] eager-profile: logits_diff=0.0000e+00 rel_l2=0.0000e+00 (gate<0.01, ref_norm=0.0000e+00)
[sanity a4w4 silu] output_sha256=bc3404a6147c932d6ff7c322658fc3258b7a0ca1b81adf2a381f73ed1348020e
[bench a4w4 silu] fused_moe end-to-end us = 1937.35 (testGraph=False)
[bench kernel timing] gemm1: device_time_avg=652.685 us count=19 symbol=moe_gemm1_mxfp4_ABpreShuffle_256x256_4x4_batch_ps_act1
[bench kernel timing] gemm2: device_time_avg=484.395 us count=19 symbol=a8w4_tdm_fp4_t256x256x256_w2x2_b4_K3072_e96_cn4_prefetch_wpt1

[precision summary]
| data_format   | act   | init   |   experts |   tokens |   topk |   model_dim |   inter_dim |   logits_diff |   rel_l2 | pass   |      us |   gemm1_us |   gemm2_us | gemm1 executed                            | gemm1 effective read         | gemm1 output write                | gemm1 effective R+W          | gemm2 executed                           | gemm2 effective read         | gemm2 output write                  | gemm2 effective R+W          |
|:--------------|:------|:-------|----------:|---------:|-------:|------------:|------------:|--------------:|---------:|:-------|--------:|-----------:|-----------:|:------------------------------------------|:-----------------------------|:----------------------------------|:-----------------------------|:-----------------------------------------|:-----------------------------|:------------------------------------|:-----------------------------|
| a4w4          | silu  | const  |        96 |    16384 |      6 |        7168 |        3072 |             0 |        0 | True   | 1937.35 |    652.685 |    484.395 | 8,658,654,068,736 FLOP → 13,266.2 TFLOP/s | 2,620,391,424 B → 3.651 TB/s | 603,979,776 B (BF16) → 0.842 TB/s | 3,224,371,200 B → 4.493 TB/s | 4,329,327,034,368 FLOP → 8,937.6 TFLOP/s | 1,283,457,024 B → 2.410 TB/s | 1,409,286,144 B (BF16) → 2.646 TB/s | 2,692,743,168 B → 5.056 TB/s |
[run_e2e_candidate] GEMM1 ISA override: /data/yanguahe/code/wk_sp1/aiter/my_code/moe_gemm1_act1_optimized/baseline_act1_independent.s
[aiter INFO] 2026-09-09 14:22:41.690 - MainProcess:41140 - /data/yanguahe/code/wk_sp1/aiter/aiter/jit/core.py:637 - get_module_custom_op
import [module_aiter_core] under /data/yanguahe/code/wk_sp1/aiter/aiter/jit/module_aiter_core.so
[aiter INFO] 2026-09-09 14:22:44.126 - MainProcess:41140 - /data/yanguahe/code/wk_sp1/aiter/op_tests/test_flydsl_grouped_gemm_gfx1250.py:1720 - set_data_format
grouped GEMM data format: a4w4
[moe_cpp_backend] cache root: /root/.cache/aiter/moe_gemm1_cpp_launcher
[moe_cpp_backend] code object cache hit: key=11840637999bbe08fe6167fa72d00f5fdc74189cf5a5b9f817cc5fe980dd0167; path=/root/.cache/aiter/moe_gemm1_cpp_launcher/code_objects/11840637999bbe08fe6167fa72d00f5fdc74189cf5a5b9f817cc5fe980dd0167/moe_gemm1_mxfp4_ABpreShuffle_256x256_4x4_batch_ps_act1.co
[moe_cpp_backend] C++ extension cache hit: key=b8f5bdab1a55c1a3041bfc5827406c3b7cbd6b7af93b1c17422454d6a487c684; path=/root/.cache/aiter/moe_gemm1_cpp_launcher/extensions/b8f5bdab1a55c1a3041bfc5827406c3b7cbd6b7af93b1c17422454d6a487c684/aiter_moe_gemm1_cpp_b8f5bdab1a55c1a3041b.so
[moe_cpp_backend] pipeline backend ready before timed callable: co_key=11840637999bbe08fe6167fa72d00f5fdc74189cf5a5b9f817cc5fe980dd0167; extension_key=b8f5bdab1a55c1a3041bfc5827406c3b7cbd6b7af93b1c17422454d6a487c684; co_cache_hit=True; extension_cache_hit=True; co_sha256=27b8077338f1a9a158ed8f286f26a9edc85817b5612d1b85d6038c78bd617d16
[aiter INFO] 2026-09-09 14:22:44.254 - MainProcess:41140 - /data/yanguahe/code/wk_sp1/aiter/aiter/jit/core.py:637 - get_module_custom_op
import [module_moe_asm] under /data/yanguahe/code/wk_sp1/aiter/aiter/jit/module_moe_asm.so
[moe_cpp_backend] pipeline GEMM1 contract: symbol=moe_gemm1_mxfp4_ABpreShuffle_256x256_4x4_batch_ps_act1; grid=(2880, 4, 1); block=(128, 1, 1); cluster=(4, 4, 1); stream=0; code_object=/root/.cache/aiter/moe_gemm1_cpp_launcher/code_objects/11840637999bbe08fe6167fa72d00f5fdc74189cf5a5b9f817cc5fe980dd0167/moe_gemm1_mxfp4_ABpreShuffle_256x256_4x4_batch_ps_act1.co; kernarg_size=184; kernarg_sha256=9388b02bd5ef4c35a6344bf9d2fbc907d9b992246e882de090ea838a5450e9d0
[moe_cpp_backend] pipeline tensors: out=ptr:0x749006a00000,shape:(1, 122880, 3072),stride:(377487360, 3072, 1),dtype:torch.bfloat16; a=ptr:0x749100a00000,shape:(1, 122880, 3584),stride:(440401920, 3584, 1),dtype:torch.uint8; b=ptr:0x749033c00000,shape:(96, 6144, 3584),stride:(22020096, 3584, 1),dtype:torch.uint8; scale_a_u8=ptr:0x7490f4d00000,shape:(1, 15360, 1792),stride:(27525120, 1792, 1),dtype:torch.uint8; scale_a_i32_desc=ptr:0x7490f4d00000,shape:(1, 15360, 448),stride:(6881280, 448, 1),dtype:torch.int32; scale_b_i32_desc=ptr:0x7490f8c00000,shape:(33030144,),stride:(1,),dtype:torch.int32; m_tile_map=ptr:0x749140e90400,shape:(96,),stride:(1,),dtype:torch.int32
[moe_cpp_backend] pipeline kernarg fields: {'ptr_c': 128161935261696, 'c_size0': 1, 'c_size1': 122880, 'c_size2': 3072, 'c_stride0': 377487360, 'c_stride1': 3072, 'ptr_a': 128166129565696, 'ptr_b': 128162692333568, 'ptr_scale_a': 128165931384832, 'sa_size0': 1, 'sa_size1': 15360, 'sa_size2': 448, 'sa_stride0': 6881280, 'sa_stride1': 448, 'ptr_scale_b': 128165997445120, 'sb_size0': 33030144, 'ptr_m_tile_map': 128167208092672, 'ptr_bias': 128166129565696, 'ptr_quant_scale': 128161935261696, 'qs_size0': 1, 'qs_size1': 122880, 'qs_size2': 3072, 'qs_stride0': 377487360, 'qs_stride1': 3072, 'i32_m': 122880, 'i32_n': 6144, 'f32_swiglu_limit': 1088421888, 'f32_situ_beta': 1082130432, 'f32_situ_linear_beta': 1103626240}
[moe_cpp_backend] pipeline preflight: balanced psum matched; padding_nonzero=0; module loaded on the current PyTorch stream
[aiter INFO] 2026-09-09 14:22:44.906 - MainProcess:41140 - /data/yanguahe/code/wk_sp1/aiter/aiter/test_common.py:93 - wrapper
avg: 2563.2394313812256 us/iter from cuda.Event
/opt/venv/lib/python3.12/site-packages/torch/profiler/profiler.py:217: UserWarning: Warning: Profiler clears events at the end of each cycle.Only events from the current cycle will be reported.To keep events across cycles, set acc_events=True.
  _warn_once(
[W909 14:22:44.765942682 collection.cpp:1148] Warning: ROCTracer produced duplicate flow start: 1 (function operator())
[aiter INFO] 2026-09-09 14:22:44.986 - MainProcess:41140 - /data/yanguahe/code/wk_sp1/aiter/aiter/test_common.py:335 - post_process_data
abnormal data indices: {8, 42, 74, 13, 142, 149, 25, 190}
[aiter INFO] 2026-09-09 14:22:44.986 - MainProcess:41140 - /data/yanguahe/code/wk_sp1/aiter/aiter/test_common.py:337 - post_process_data
abnormal data: 3.7239999999999895
[aiter INFO] 2026-09-09 14:22:44.986 - MainProcess:41140 - /data/yanguahe/code/wk_sp1/aiter/aiter/test_common.py:337 - post_process_data
abnormal data: 492.418
[aiter INFO] 2026-09-09 14:22:44.986 - MainProcess:41140 - /data/yanguahe/code/wk_sp1/aiter/aiter/test_common.py:337 - post_process_data
abnormal data: 843.463
[aiter INFO] 2026-09-09 14:22:44.986 - MainProcess:41140 - /data/yanguahe/code/wk_sp1/aiter/aiter/test_common.py:337 - post_process_data
abnormal data: 5.607000000000028
[aiter INFO] 2026-09-09 14:22:44.986 - MainProcess:41140 - /data/yanguahe/code/wk_sp1/aiter/aiter/test_common.py:337 - post_process_data
abnormal data: 104.43600000000015
[aiter INFO] 2026-09-09 14:22:44.987 - MainProcess:41140 - /data/yanguahe/code/wk_sp1/aiter/aiter/test_common.py:337 - post_process_data
abnormal data: 482.8829999999998
[aiter INFO] 2026-09-09 14:22:44.987 - MainProcess:41140 - /data/yanguahe/code/wk_sp1/aiter/aiter/test_common.py:337 - post_process_data
abnormal data: 89.01200000000006
[aiter INFO] 2026-09-09 14:22:44.987 - MainProcess:41140 - /data/yanguahe/code/wk_sp1/aiter/aiter/test_common.py:337 - post_process_data
abnormal data: 154.22999999999956
[aiter INFO] 2026-09-09 14:22:45.027 - MainProcess:41140 - /data/yanguahe/code/wk_sp1/aiter/aiter/test_common.py:420 - get_trace_perf
                                                                                                    name  cnt  host_time_sum  device_time_sum  device_time_avg device_type device_index
0              void at::native::vectorized_elementwise_kernel<4, at::native::FillFunctor<int>, std::a... 19.0            0.0             33.1              1.7        CUDA            2
1                                                                                              moe_route 19.0            0.0             65.1              3.4        CUDA            2
2                                                                              moe_contiguous_psum_remap 19.0            0.0          1,638.1             86.2        CUDA            2
3                                       moe_fused_quant_preshuffle_routeks_fd3072_r8_fp4_pk8_srcrow_noKS 19.0            0.0          2,082.3            109.6        CUDA            2
4                                                          moe_gather_reduce_bf16_d7168_tk6_sk1_v4_wbf16 19.0            0.0          2,807.0            147.7        CUDA            2
5                                  moe_fused_quant_preshuffle_routeks_fd7168_r8_fp4_pk8_srctk6_noKS_apre 19.0            0.0          8,792.2            462.7        CUDA            2
6                                          a8w4_tdm_fp4_t256x256x256_w2x2_b4_K3072_e96_cn4_prefetch_wpt1 19.0            0.0          9,066.1            477.2        CUDA            2
7                                                 moe_gemm1_mxfp4_ABpreShuffle_256x256_4x4_batch_ps_act1 19.0            0.0         15,909.1            837.3        CUDA            2
8                                                                                            aten::fill_ 19.0           33.1              0.0              0.0         CPU        41140
9                                                                         moe_gemm1_cpp_launcher::launch 19.0       15,909.1              0.0              0.0         CPU        41140
10                                                                                     aiter::fused_moe_ 19.0       24,450.8              0.0              0.0         CPU        41140
[avg us/iter]                                                                                        NaN  NaN        2,125.9          2,125.9              NaN         NaN          NaN
[moe_cpp_backend] pipeline adapter summary: gemm1_cpp_calls=46; gemm2_flydsl_calls=46; padding_nonzero=0
[sanity a4w4 silu] eager-profile: logits_diff=0.0000e+00 rel_l2=0.0000e+00 (gate<0.01, ref_norm=0.0000e+00)
[sanity a4w4 silu] output_sha256=bc3404a6147c932d6ff7c322658fc3258b7a0ca1b81adf2a381f73ed1348020e
[bench a4w4 silu] fused_moe end-to-end us = 2125.95 (testGraph=False)
[bench kernel timing] gemm1: device_time_avg=837.322 us count=19 symbol=moe_gemm1_mxfp4_ABpreShuffle_256x256_4x4_batch_ps_act1
[bench kernel timing] gemm2: device_time_avg=477.163 us count=19 symbol=a8w4_tdm_fp4_t256x256x256_w2x2_b4_K3072_e96_cn4_prefetch_wpt1

[precision summary]
| data_format   | act   | init   |   experts |   tokens |   topk |   model_dim |   inter_dim |   logits_diff |   rel_l2 | pass   |      us |   gemm1_us |   gemm2_us | gemm1 executed                            | gemm1 effective read         | gemm1 output write                | gemm1 effective R+W          | gemm2 executed                           | gemm2 effective read         | gemm2 output write                  | gemm2 effective R+W          |
|:--------------|:------|:-------|----------:|---------:|-------:|------------:|------------:|--------------:|---------:|:-------|--------:|-----------:|-----------:|:------------------------------------------|:-----------------------------|:----------------------------------|:-----------------------------|:-----------------------------------------|:-----------------------------|:------------------------------------|:-----------------------------|
| a4w4          | silu  | const  |        96 |    16384 |      6 |        7168 |        3072 |             0 |        0 | True   | 2125.95 |    837.322 |    477.163 | 8,658,654,068,736 FLOP → 10,340.9 TFLOP/s | 2,620,391,424 B → 2.846 TB/s | 603,979,776 B (BF16) → 0.656 TB/s | 3,224,371,200 B → 3.502 TB/s | 4,329,327,034,368 FLOP → 9,073.1 TFLOP/s | 1,283,457,024 B → 2.446 TB/s | 1,409,286,144 B (BF16) → 2.686 TB/s | 2,692,743,168 B → 5.132 TB/s |
