timestamp_utc=2026-09-09T10:29:19+00:00
host=heliosr-2b805-b8-3
mode=perf-const0
seed=0 warmup=5 rounds=9 launches_per_sample=5
git_head=c9d7cc7937679f80b96e33b180f7e6c97eabd244
3f40709bc179544c163b2fd80e8cffc253c261646caf659340ecaad5cfb0d681  /data/yanguahe/code/wk_sp1/aiter/my_code/moe_gemm1_act1_optimized/baseline_act1_independent.s
c90bbe6221b03ae6e05d1d5570b16be25217133e4105860eac901043f316feae  /data/yanguahe/code/wk_sp1/aiter/my_code/moe_gemm1_act1_optimized/moe_gemm1_mxfp4_ABpreShuffle_256x256_4x4_batch_ps_act1_opt.s
33034bb76ada72f9fbc895c1edbf56ee339d0ed6eb28d496196b68323ceed331  /data/yanguahe/code/wk_sp1/aiter/my_code/moe_gemm1_act1_optimized/moe_gemm1_mxfp4_ABpreShuffle_256x256_4x4_batch_ps_act1_double_lds.s
8aef60e15fde2c8c2786c1b288a606a06390cacac681aca14b5fbf98d51e05d0  /data/yanguahe/code/wk_sp1/aiter/my_code/moe_gemm1_act1_optimized/moe_gemm1_mxfp4_ABpreShuffle_256x256_4x4_batch_ps_act1_single_output_tdm.s


============================ ROCm System Management Interface ============================
=============================== Current clock frequencies ================================
GPU[0]		: fclk clock level: 1: (1950Mhz)
GPU[0]		: mclk clock level: 0: (1900Mhz)
GPU[0]		: sclk clock level: 1: (2351Mhz)
GPU[0]		: socclk clock level: 0: (1350Mhz)
==========================================================================================
=================================== % time GPU is busy ===================================
GPU[0]		: GPU use (%): 100
==========================================================================================
=================================== Current Memory Use ===================================
GPU[0]		: GPU Memory Allocated (VRAM%): 2
GPU[0]		: GPU Memory Read/Write Activity (%): 0
GPU[0]		: Memory Activity: N/A
GPU[0]		: Not supported on the given system
==========================================================================================
====================================== Product Info ======================================
GPU[0]		: Card Series: 		AMD Radeon Graphics
GPU[0]		: Card Model: 		0x75c1
GPU[0]		: Card Vendor: 		Advanced Micro Devices, Inc. [AMD/ATI]
GPU[0]		: Card SKU: 		N/A
GPU[0]		: Subsystem ID: 	0x75c1
GPU[0]		: Device Rev: 		0x00
GPU[0]		: Node ID: 		1
GPU[0]		: GUID: 		56179
GPU[0]		: GFX Version: 		gfx1250
==========================================================================================
================================== End of ROCm SMI Log ===================================
[aiter] import [module_aiter_core] under /data/yanguahe/code/wk_sp1/aiter/aiter/jit/module_aiter_core.so
loaded baseline_act1_independent
loaded moe_gemm1_mxfp4_ABpreShuffle_256x256_4x4_batch_ps_act1_opt
loaded moe_gemm1_mxfp4_ABpreShuffle_256x256_4x4_batch_ps_act1_double_lds
loaded moe_gemm1_mxfp4_ABpreShuffle_256x256_4x4_batch_ps_act1_single_output_tdm
[aiter] baseline_act1_independent[checkAllclose atol=1.0 rtol=0.1 [32mpassed~[0m]
validation baseline_act1_independent [1/3]: err=0 exact_mismatch=0 zero_count=301989888/301989888 rel_l2=0.0 max_err_info=(0.0, 0.0, 0.0)
[aiter] baseline_act1_independent[checkAllclose atol=1.0 rtol=0.1 [32mpassed~[0m]
validation baseline_act1_independent [2/3]: err=0 exact_mismatch=0 zero_count=301989888/301989888 rel_l2=0.0 max_err_info=(0.0, 0.0, 0.0)
[aiter] baseline_act1_independent[checkAllclose atol=1.0 rtol=0.1 [32mpassed~[0m]
validation baseline_act1_independent [3/3]: err=0 exact_mismatch=0 zero_count=301989888/301989888 rel_l2=0.0 max_err_info=(0.0, 0.0, 0.0)
[aiter] moe_gemm1_mxfp4_ABpreShuffle_256x256_4x4_batch_ps_act1_opt[checkAllclose atol=1.0 rtol=0.1 [32mpassed~[0m]
validation moe_gemm1_mxfp4_ABpreShuffle_256x256_4x4_batch_ps_act1_opt [1/3]: err=0 exact_mismatch=0 zero_count=301989888/301989888 rel_l2=0.0 max_err_info=(0.0, 0.0, 0.0)
[aiter] moe_gemm1_mxfp4_ABpreShuffle_256x256_4x4_batch_ps_act1_opt[checkAllclose atol=1.0 rtol=0.1 [32mpassed~[0m]
validation moe_gemm1_mxfp4_ABpreShuffle_256x256_4x4_batch_ps_act1_opt [2/3]: err=0 exact_mismatch=0 zero_count=301989888/301989888 rel_l2=0.0 max_err_info=(0.0, 0.0, 0.0)
[aiter] moe_gemm1_mxfp4_ABpreShuffle_256x256_4x4_batch_ps_act1_opt[checkAllclose atol=1.0 rtol=0.1 [32mpassed~[0m]
validation moe_gemm1_mxfp4_ABpreShuffle_256x256_4x4_batch_ps_act1_opt [3/3]: err=0 exact_mismatch=0 zero_count=301989888/301989888 rel_l2=0.0 max_err_info=(0.0, 0.0, 0.0)
[aiter] moe_gemm1_mxfp4_ABpreShuffle_256x256_4x4_batch_ps_act1_double_lds[checkAllclose atol=1.0 rtol=0.1 [32mpassed~[0m]
validation moe_gemm1_mxfp4_ABpreShuffle_256x256_4x4_batch_ps_act1_double_lds [1/3]: err=0 exact_mismatch=0 zero_count=301989888/301989888 rel_l2=0.0 max_err_info=(0.0, 0.0, 0.0)
[aiter] moe_gemm1_mxfp4_ABpreShuffle_256x256_4x4_batch_ps_act1_double_lds[checkAllclose atol=1.0 rtol=0.1 [32mpassed~[0m]
validation moe_gemm1_mxfp4_ABpreShuffle_256x256_4x4_batch_ps_act1_double_lds [2/3]: err=0 exact_mismatch=0 zero_count=301989888/301989888 rel_l2=0.0 max_err_info=(0.0, 0.0, 0.0)
[aiter] moe_gemm1_mxfp4_ABpreShuffle_256x256_4x4_batch_ps_act1_double_lds[checkAllclose atol=1.0 rtol=0.1 [32mpassed~[0m]
validation moe_gemm1_mxfp4_ABpreShuffle_256x256_4x4_batch_ps_act1_double_lds [3/3]: err=0 exact_mismatch=0 zero_count=301989888/301989888 rel_l2=0.0 max_err_info=(0.0, 0.0, 0.0)
[aiter] moe_gemm1_mxfp4_ABpreShuffle_256x256_4x4_batch_ps_act1_single_output_tdm[checkAllclose atol=1.0 rtol=0.1 [32mpassed~[0m]
validation moe_gemm1_mxfp4_ABpreShuffle_256x256_4x4_batch_ps_act1_single_output_tdm [1/3]: err=0 exact_mismatch=0 zero_count=301989888/301989888 rel_l2=0.0 max_err_info=(0.0, 0.0, 0.0)
[aiter] moe_gemm1_mxfp4_ABpreShuffle_256x256_4x4_batch_ps_act1_single_output_tdm[checkAllclose atol=1.0 rtol=0.1 [32mpassed~[0m]
validation moe_gemm1_mxfp4_ABpreShuffle_256x256_4x4_batch_ps_act1_single_output_tdm [2/3]: err=0 exact_mismatch=0 zero_count=301989888/301989888 rel_l2=0.0 max_err_info=(0.0, 0.0, 0.0)
[aiter] moe_gemm1_mxfp4_ABpreShuffle_256x256_4x4_batch_ps_act1_single_output_tdm[checkAllclose atol=1.0 rtol=0.1 [32mpassed~[0m]
validation moe_gemm1_mxfp4_ABpreShuffle_256x256_4x4_batch_ps_act1_single_output_tdm [3/3]: err=0 exact_mismatch=0 zero_count=301989888/301989888 rel_l2=0.0 max_err_info=(0.0, 0.0, 0.0)
round 1/9 complete
round 2/9 complete
round 3/9 complete
round 4/9 complete
round 5/9 complete
round 6/9 complete
round 7/9 complete
round 8/9 complete
round 9/9 complete
RESULT baseline_act1_independent: median=913.420 us mean=913.000 us min=908.204 us max=916.424 us samples=914.734,915.014,914.413,913.131,908.204,916.424,909.318,913.420,912.346
RESULT moe_gemm1_mxfp4_ABpreShuffle_256x256_4x4_batch_ps_act1_opt: median=814.848 us mean=814.789 us min=810.465 us max=817.668 us samples=811.603,817.187,817.668,816.226,813.293,814.848,817.147,814.663,810.465
RESULT moe_gemm1_mxfp4_ABpreShuffle_256x256_4x4_batch_ps_act1_double_lds: median=801.396 us mean=800.894 us min=798.367 us max=803.735 us samples=798.655,799.200,802.990,798.367,803.735,800.202,801.396,801.892,801.612
RESULT moe_gemm1_mxfp4_ABpreShuffle_256x256_4x4_batch_ps_act1_single_output_tdm: median=804.616 us mean=804.209 us min=799.705 us max=809.416 us samples=801.235,801.476,808.182,807.108,804.616,799.705,809.416,800.690,805.450
