timestamp_utc=2026-09-09T10:27:03+00:00
host=heliosr-2b805-b8-3
mode=perf-random
seed=0 warmup=5 rounds=9 launches_per_sample=5
git_head=c9d7cc7937679f80b96e33b180f7e6c97eabd244
3f40709bc179544c163b2fd80e8cffc253c261646caf659340ecaad5cfb0d681  /data/yanguahe/code/wk_sp1/aiter/my_code/moe_gemm1_act1_optimized/baseline_act1_independent.s
c90bbe6221b03ae6e05d1d5570b16be25217133e4105860eac901043f316feae  /data/yanguahe/code/wk_sp1/aiter/my_code/moe_gemm1_act1_optimized/moe_gemm1_mxfp4_ABpreShuffle_256x256_4x4_batch_ps_act1_opt.s
33034bb76ada72f9fbc895c1edbf56ee339d0ed6eb28d496196b68323ceed331  /data/yanguahe/code/wk_sp1/aiter/my_code/moe_gemm1_act1_optimized/moe_gemm1_mxfp4_ABpreShuffle_256x256_4x4_batch_ps_act1_double_lds.s
8aef60e15fde2c8c2786c1b288a606a06390cacac681aca14b5fbf98d51e05d0  /data/yanguahe/code/wk_sp1/aiter/my_code/moe_gemm1_act1_optimized/moe_gemm1_mxfp4_ABpreShuffle_256x256_4x4_batch_ps_act1_single_output_tdm.s


============================ ROCm System Management Interface ============================
=============================== Current clock frequencies ================================
GPU[0]		: fclk clock level: 1: (1950Mhz)
GPU[0]		: mclk clock level: 0: (1900Mhz)
GPU[0]		: sclk clock level: 1: (2351Mhz)
GPU[0]		: socclk clock level: 0: (1350Mhz)
==========================================================================================
=================================== % time GPU is busy ===================================
GPU[0]		: GPU use (%): 100
==========================================================================================
=================================== Current Memory Use ===================================
GPU[0]		: GPU Memory Allocated (VRAM%): 1
GPU[0]		: GPU Memory Read/Write Activity (%): 0
GPU[0]		: Memory Activity: N/A
GPU[0]		: Not supported on the given system
==========================================================================================
====================================== Product Info ======================================
GPU[0]		: Card Series: 		AMD Radeon Graphics
GPU[0]		: Card Model: 		0x75c1
GPU[0]		: Card Vendor: 		Advanced Micro Devices, Inc. [AMD/ATI]
GPU[0]		: Card SKU: 		N/A
GPU[0]		: Subsystem ID: 	0x75c1
GPU[0]		: Device Rev: 		0x00
GPU[0]		: Node ID: 		1
GPU[0]		: GUID: 		56179
GPU[0]		: GFX Version: 		gfx1250
==========================================================================================
================================== End of ROCm SMI Log ===================================
[aiter] import [module_aiter_core] under /data/yanguahe/code/wk_sp1/aiter/aiter/jit/module_aiter_core.so
loaded baseline_act1_independent
loaded moe_gemm1_mxfp4_ABpreShuffle_256x256_4x4_batch_ps_act1_opt
loaded moe_gemm1_mxfp4_ABpreShuffle_256x256_4x4_batch_ps_act1_double_lds
loaded moe_gemm1_mxfp4_ABpreShuffle_256x256_4x4_batch_ps_act1_single_output_tdm
[aiter] baseline_act1_independent[checkAllclose atol=1.0 rtol=0.1 [32mpassed~[0m]
validation baseline_act1_independent [1/3]: err=0 exact_mismatch=213451397 zero_count=89431318/301989888 rel_l2=0.0009367674611323901 max_err_info=(32.124996185302734, 32.0, 0.12499618530273438)
[aiter] baseline_act1_independent[checkAllclose atol=1.0 rtol=0.1 [32mpassed~[0m]
validation baseline_act1_independent [2/3]: err=0 exact_mismatch=213451397 zero_count=89431318/301989888 rel_l2=0.0009367674611323901 max_err_info=(32.124996185302734, 32.0, 0.12499618530273438)
[aiter] baseline_act1_independent[checkAllclose atol=1.0 rtol=0.1 [32mpassed~[0m]
validation baseline_act1_independent [3/3]: err=0 exact_mismatch=213451397 zero_count=89431318/301989888 rel_l2=0.0009367674611323901 max_err_info=(32.124996185302734, 32.0, 0.12499618530273438)
[aiter] moe_gemm1_mxfp4_ABpreShuffle_256x256_4x4_batch_ps_act1_opt[checkAllclose atol=1.0 rtol=0.1 [32mpassed~[0m]
validation moe_gemm1_mxfp4_ABpreShuffle_256x256_4x4_batch_ps_act1_opt [1/3]: err=0 exact_mismatch=213451397 zero_count=89431318/301989888 rel_l2=0.0009367674611323901 max_err_info=(32.124996185302734, 32.0, 0.12499618530273438)
[aiter] moe_gemm1_mxfp4_ABpreShuffle_256x256_4x4_batch_ps_act1_opt[checkAllclose atol=1.0 rtol=0.1 [32mpassed~[0m]
validation moe_gemm1_mxfp4_ABpreShuffle_256x256_4x4_batch_ps_act1_opt [2/3]: err=0 exact_mismatch=213451397 zero_count=89431318/301989888 rel_l2=0.0009367674611323901 max_err_info=(32.124996185302734, 32.0, 0.12499618530273438)
[aiter] moe_gemm1_mxfp4_ABpreShuffle_256x256_4x4_batch_ps_act1_opt[checkAllclose atol=1.0 rtol=0.1 [32mpassed~[0m]
validation moe_gemm1_mxfp4_ABpreShuffle_256x256_4x4_batch_ps_act1_opt [3/3]: err=0 exact_mismatch=213451397 zero_count=89431318/301989888 rel_l2=0.0009367674611323901 max_err_info=(32.124996185302734, 32.0, 0.12499618530273438)
[aiter] moe_gemm1_mxfp4_ABpreShuffle_256x256_4x4_batch_ps_act1_double_lds[checkAllclose atol=1.0 rtol=0.1 [32mpassed~[0m]
validation moe_gemm1_mxfp4_ABpreShuffle_256x256_4x4_batch_ps_act1_double_lds [1/3]: err=0 exact_mismatch=213451397 zero_count=89431318/301989888 rel_l2=0.0009367674611323901 max_err_info=(32.124996185302734, 32.0, 0.12499618530273438)
[aiter] moe_gemm1_mxfp4_ABpreShuffle_256x256_4x4_batch_ps_act1_double_lds[checkAllclose atol=1.0 rtol=0.1 [32mpassed~[0m]
validation moe_gemm1_mxfp4_ABpreShuffle_256x256_4x4_batch_ps_act1_double_lds [2/3]: err=0 exact_mismatch=213451397 zero_count=89431318/301989888 rel_l2=0.0009367674611323901 max_err_info=(32.124996185302734, 32.0, 0.12499618530273438)
[aiter] moe_gemm1_mxfp4_ABpreShuffle_256x256_4x4_batch_ps_act1_double_lds[checkAllclose atol=1.0 rtol=0.1 [32mpassed~[0m]
validation moe_gemm1_mxfp4_ABpreShuffle_256x256_4x4_batch_ps_act1_double_lds [3/3]: err=0 exact_mismatch=213451397 zero_count=89431318/301989888 rel_l2=0.0009367674611323901 max_err_info=(32.124996185302734, 32.0, 0.12499618530273438)
[aiter] moe_gemm1_mxfp4_ABpreShuffle_256x256_4x4_batch_ps_act1_single_output_tdm[checkAllclose atol=1.0 rtol=0.1 [32mpassed~[0m]
validation moe_gemm1_mxfp4_ABpreShuffle_256x256_4x4_batch_ps_act1_single_output_tdm [1/3]: err=0 exact_mismatch=213451397 zero_count=89431318/301989888 rel_l2=0.0009367674611323901 max_err_info=(32.124996185302734, 32.0, 0.12499618530273438)
[aiter] moe_gemm1_mxfp4_ABpreShuffle_256x256_4x4_batch_ps_act1_single_output_tdm[checkAllclose atol=1.0 rtol=0.1 [32mpassed~[0m]
validation moe_gemm1_mxfp4_ABpreShuffle_256x256_4x4_batch_ps_act1_single_output_tdm [2/3]: err=0 exact_mismatch=213451397 zero_count=89431318/301989888 rel_l2=0.0009367674611323901 max_err_info=(32.124996185302734, 32.0, 0.12499618530273438)
[aiter] moe_gemm1_mxfp4_ABpreShuffle_256x256_4x4_batch_ps_act1_single_output_tdm[checkAllclose atol=1.0 rtol=0.1 [32mpassed~[0m]
validation moe_gemm1_mxfp4_ABpreShuffle_256x256_4x4_batch_ps_act1_single_output_tdm [3/3]: err=0 exact_mismatch=213451397 zero_count=89431318/301989888 rel_l2=0.0009367674611323901 max_err_info=(32.124996185302734, 32.0, 0.12499618530273438)
round 1/9 complete
round 2/9 complete
round 3/9 complete
round 4/9 complete
round 5/9 complete
round 6/9 complete
round 7/9 complete
round 8/9 complete
round 9/9 complete
RESULT baseline_act1_independent: median=1017.893 us mean=1017.915 us min=1009.777 us max=1027.884 us samples=1009.777,1016.074,1018.422,1021.010,1013.847,1023.533,1012.797,1027.884,1017.893
RESULT moe_gemm1_mxfp4_ABpreShuffle_256x256_4x4_batch_ps_act1_opt: median=886.096 us mean=885.745 us min=879.094 us max=892.554 us samples=879.094,883.957,888.091,891.529,879.871,886.096,879.398,892.554,891.112
RESULT moe_gemm1_mxfp4_ABpreShuffle_256x256_4x4_batch_ps_act1_double_lds: median=876.202 us mean=877.107 us min=870.834 us max=887.563 us samples=887.563,877.572,870.834,876.538,879.975,875.665,874.575,876.202,875.040
RESULT moe_gemm1_mxfp4_ABpreShuffle_256x256_4x4_batch_ps_act1_single_output_tdm: median=878.605 us mean=880.382 us min=873.598 us max=893.435 us samples=875.513,877.892,880.536,882.603,878.605,873.598,893.435,876.202,885.055
