Running kernel-trace-stats: rocprofv3 --kernel-trace --stats -d my_code/.get_isa_runner_att_gemm1opt_e96_t16384_bit2.d01-3.att_7882/kernel_trace -- env -u FLYDSL_DUMP_DIR PYTORCH_ALLOC_CONF=expandable_segments:True GPU_ARCHS=gfx1250 ENABLE_CK=0 AITER_FORCE_GFX1250=1 FLYDSL_DUMP_IR=0 python3 -u op_tests/test_flydsl_grouped_gemm_gfx1250.py --scenario bench --data-format a4w4 --experts 96 --tokens 16384 --topk 6 --iters 4 --warmup 1 --model-dim 7168 --inter-dim 3072 --act silu --no-bias --no-check-aot-cache --const-init 0
W20260907 11:17:49.245735 125278870765120 simple_timer.cpp:55] [rocprofv3] tool initialization ::     0.000535 sec
W20260907 11:17:49.245801 125278870765120 simple_timer.cpp:55] [rocprofv3] 'env -u FLYDSL_DUMP_DIR PYTORCH_ALLOC_CONF=expandable_segments:True GPU_ARCHS=gfx1250 ENABLE_CK=0 AITER_FORCE_GFX1250=1 FLYDSL_DUMP_IR=0 python3 -u op_tests/test_flydsl_grouped_gemm_gfx1250.py --scenario bench --data-format a4w4 --experts 96 --tokens 16384 --topk 6 --iters 4 --warmup 1 --model-dim 7168 --inter-dim 3072 --act silu --no-bias --no-check-aot-cache --const-init 0' ::     0.000000 sec
W20260907 11:17:49.275500 137763717504576 simple_timer.cpp:55] [rocprofv3] tool initialization ::     0.000617 sec
W20260907 11:17:49.275560 137763717504576 simple_timer.cpp:55] [rocprofv3] 'python3 -u op_tests/test_flydsl_grouped_gemm_gfx1250.py --scenario bench --data-format a4w4 --experts 96 --tokens 16384 --topk 6 --iters 4 --warmup 1 --model-dim 7168 --inter-dim 3072 --act silu --no-bias --no-check-aot-cache --const-init 0' ::     0.000000 sec
W20260907 11:17:49.385410 140604152045120 simple_timer.cpp:55] [rocprofv3] tool initialization ::     0.000563 sec
W20260907 11:17:49.385464 140604152045120 simple_timer.cpp:55] [rocprofv3] '/opt/venv/bin/python /opt/venv/bin/offload-arch' ::     0.000000 sec
W20260907 11:17:49.434951 126737487400576 simple_timer.cpp:55] [rocprofv3] tool initialization ::     0.000400 sec
W20260907 11:17:49.435004 126737487400576 simple_timer.cpp:55] [rocprofv3] '/opt/venv/lib/python3.12/site-packages/_rocm_sdk_core/lib/llvm/bin/offload-arch' ::     0.000000 sec
W20260907 11:17:49.435211 126737487400576 simple_timer.cpp:55] [rocprofv3] '/opt/venv/lib/python3.12/site-packages/_rocm_sdk_core/lib/llvm/bin/offload-arch' ::     0.000207 sec
W20260907 11:17:49.435649 126737487400576 simple_timer.cpp:55] [rocprofv3] output generation ::     0.000346 sec
W20260907 11:17:49.435733 126737487400576 simple_timer.cpp:55] [rocprofv3] tool finalization ::     0.000493 sec
W20260907 11:17:50.765187 128184029228608 simple_timer.cpp:55] [rocprofv3] tool initialization ::     0.000574 sec
W20260907 11:17:50.765244 128184029228608 simple_timer.cpp:55] [rocprofv3] '/opt/venv/bin/python /opt/venv/bin/hipconfig --version' ::     0.000000 sec
W20260907 11:17:50.807065 134410828582464 simple_timer.cpp:55] [rocprofv3] tool initialization ::     0.000513 sec
W20260907 11:17:50.807124 134410828582464 simple_timer.cpp:55] [rocprofv3] '/opt/venv/lib/python3.12/site-packages/_rocm_sdk_core/bin/hipconfig --version' ::     0.000000 sec
W20260907 11:17:50.807188 134410828582464 simple_timer.cpp:55] [rocprofv3] '/opt/venv/lib/python3.12/site-packages/_rocm_sdk_core/bin/hipconfig --version' ::     0.000064 sec
W20260907 11:17:50.807616 134410828582464 simple_timer.cpp:55] [rocprofv3] output generation ::     0.000321 sec
W20260907 11:17:50.807716 134410828582464 simple_timer.cpp:55] [rocprofv3] tool finalization ::     0.000499 sec
W20260907 11:17:50.845126 124056333213248 simple_timer.cpp:55] [rocprofv3] tool initialization ::     0.000548 sec
W20260907 11:17:50.845204 124056333213248 simple_timer.cpp:55] [rocprofv3] '/bin/sh -c cat /proc/sys/kernel/numa_balancing' ::     0.000000 sec
W20260907 11:17:50.872709 128351635893824 simple_timer.cpp:55] [rocprofv3] tool initialization ::     0.000591 sec
W20260907 11:17:50.872768 128351635893824 simple_timer.cpp:55] [rocprofv3] 'cat /proc/sys/kernel/numa_balancing' ::     0.000000 sec
W20260907 11:17:50.872910 128351635893824 simple_timer.cpp:55] [rocprofv3] 'cat /proc/sys/kernel/numa_balancing' ::     0.000142 sec
W20260907 11:17:50.873354 128351635893824 simple_timer.cpp:55] [rocprofv3] output generation ::     0.000351 sec
W20260907 11:17:50.873468 128351635893824 simple_timer.cpp:55] [rocprofv3] tool finalization ::     0.000525 sec
[aiter WARNING] 2026-09-07 11:17:50.875 - MainProcess:7909 - /data/yanguahe/code/wk_sp1/aiter/aiter/jit/core.py:615 - check_numa_custom_op
WARNING: NUMA balancing is enabled, which may cause errors. It is recommended to disable NUMA balancing by running "sudo sh -c 'echo 0 > /proc/sys/kernel/numa_balancing'" for more details: https://rocm.docs.amd.com/en/latest/how-to/system-optimization/mi300x.html#disable-numa-auto-balancing
[aiter INFO] 2026-09-07 11:17:50.985 - MainProcess:7909 - /data/yanguahe/code/wk_sp1/aiter/aiter/jit/core.py:637 - get_module_custom_op
import [module_aiter_core] under /data/yanguahe/code/wk_sp1/aiter/aiter/jit/module_aiter_core.so
W20260907 11:17:51.150898 137763717504576 tool.cpp:2476] HSA version 1.18.0 initialized (instance=0)
W20260907 11:17:51.201605 132060974411328 simple_timer.cpp:55] [rocprofv3] tool initialization ::     0.000584 sec
W20260907 11:17:51.201656 132060974411328 simple_timer.cpp:55] [rocprofv3] '/bin/sh /sbin/ldconfig -p' ::     0.000000 sec
[aiter INFO] 2026-09-07 11:17:53.728 - MainProcess:7909 - /data/yanguahe/code/wk_sp1/aiter/op_tests/test_flydsl_grouped_gemm_gfx1250.py:1699 - set_data_format
grouped GEMM data format: a4w4
/opt/venv/lib/python3.12/site-packages/torch/utils/_device.py:109: UserWarning: expandable_segments not supported on this platform (Triggered internally at /__w/rocm-npi-dev/rocm-npi-dev/_therock/external-builds/pytorch/pytorch/c10/hip/HIPAllocatorConfig.h:40.)
  return func(*args, **kwargs)
[aiter INFO] 2026-09-07 11:17:53.967 - MainProcess:7909 - /data/yanguahe/code/wk_sp1/aiter/aiter/jit/core.py:637 - get_module_custom_op
import [module_moe_asm] under /data/yanguahe/code/wk_sp1/aiter/aiter/jit/module_moe_asm.so
[aiter INFO] 2026-09-07 11:18:07.272 - MainProcess:7909 - /data/yanguahe/code/wk_sp1/aiter/aiter/test_common.py:93 - wrapper
avg: 2215.051770210266 us/iter from cuda.Event
/opt/venv/lib/python3.12/site-packages/torch/profiler/profiler.py:217: UserWarning: Warning: Profiler clears events at the end of each cycle.Only events from the current cycle will be reported.To keep events across cycles, set acc_events=True.
  _warn_once(
[W907 11:18:07.316420095 collection.cpp:1148] Warning: ROCTracer produced duplicate flow start: 1 (function operator())
[aiter INFO] 2026-09-07 11:18:07.294 - MainProcess:7909 - /data/yanguahe/code/wk_sp1/aiter/aiter/test_common.py:335 - post_process_data
abnormal data indices: {99, 38, 9, 139, 14, 48, 147, 87}
[aiter INFO] 2026-09-07 11:18:07.294 - MainProcess:7909 - /data/yanguahe/code/wk_sp1/aiter/aiter/test_common.py:337 - post_process_data
abnormal data: 3.1639999999999873
[aiter INFO] 2026-09-07 11:18:07.294 - MainProcess:7909 - /data/yanguahe/code/wk_sp1/aiter/aiter/test_common.py:337 - post_process_data
abnormal data: 1.0809999999999036
[aiter INFO] 2026-09-07 11:18:07.294 - MainProcess:7909 - /data/yanguahe/code/wk_sp1/aiter/aiter/test_common.py:337 - post_process_data
abnormal data: 1.281000000000006
[aiter INFO] 2026-09-07 11:18:07.294 - MainProcess:7909 - /data/yanguahe/code/wk_sp1/aiter/aiter/test_common.py:337 - post_process_data
abnormal data: 3.044000000000324
[aiter INFO] 2026-09-07 11:18:07.294 - MainProcess:7909 - /data/yanguahe/code/wk_sp1/aiter/aiter/test_common.py:337 - post_process_data
abnormal data: 0.7599999999999909
[aiter INFO] 2026-09-07 11:18:07.294 - MainProcess:7909 - /data/yanguahe/code/wk_sp1/aiter/aiter/test_common.py:337 - post_process_data
abnormal data: 1.7620000000000573
[aiter INFO] 2026-09-07 11:18:07.294 - MainProcess:7909 - /data/yanguahe/code/wk_sp1/aiter/aiter/test_common.py:337 - post_process_data
abnormal data: 2.08199999999988
[aiter INFO] 2026-09-07 11:18:07.294 - MainProcess:7909 - /data/yanguahe/code/wk_sp1/aiter/aiter/test_common.py:337 - post_process_data
abnormal data: 1.9220000000000255
[aiter INFO] 2026-09-07 11:18:07.334 - MainProcess:7909 - /data/yanguahe/code/wk_sp1/aiter/aiter/test_common.py:420 - get_trace_perf
                                                                                                    name  cnt  host_time_sum  device_time_sum  device_time_avg device_type device_index
0                                                          moe_gather_reduce_bf16_d7168_tk6_sk1_v4_wbf16  3.0            0.0              4.2              1.4        CUDA            2
1                                       moe_fused_quant_preshuffle_routeks_fd3072_r8_fp4_pk8_srcrow_noKS  3.0            0.0              6.0              2.0        CUDA            2
2                                          a8w4_tdm_fp4_t256x256x256_w2x2_b4_K3072_e96_cn4_prefetch_wpt1  3.0            0.0              6.0              2.0        CUDA            2
3                                       moe_fused_quant_preshuffle_routeks_fd7168_r8_fp4_pk8_srctk6_noKS  3.0            0.0              6.1              2.0        CUDA            2
4              void at::native::vectorized_elementwise_kernel<4, at::native::FillFunctor<int>, std::a...  3.0            0.0              6.5              2.2        CUDA            2
5                                                                                              moe_route  3.0            0.0              6.6              2.2        CUDA            2
6                                     a8w4_tdm_fp4_t256x256x256_w2x2_b4_K7168_e96_act1_cn4_prefetch_wpt1  3.0            0.0              6.6              2.2        CUDA            2
7                                                                              moe_contiguous_psum_remap  3.0            0.0              7.1              2.4        CUDA            2
8                                                                                            aten::fill_  3.0            6.5              0.0              0.0         CPU         7909
9                                                                                      aiter::fused_moe_  3.0           42.8              0.0              0.0         CPU         7909
[avg us/iter]                                                                                        NaN  NaN           16.4             16.4              NaN         NaN          NaN
[sanity a4w4 silu] eager-profile: logits_diff=0.0000e+00 rel_l2=0.0000e+00 (gate<0.01, ref_norm=0.0000e+00)
[sanity a4w4 silu] output_sha256=bc3404a6147c932d6ff7c322658fc3258b7a0ca1b81adf2a381f73ed1348020e
[bench a4w4 silu] fused_moe end-to-end us = 16.42 (testGraph=False)
[bench kernel timing] gemm1: device_time_avg=2.216 us count=3 symbol=a8w4_tdm_fp4_t256x256x256_w2x2_b4_K7168_e96_act1_cn4_prefetch_wpt1
[bench kernel timing] gemm2: device_time_avg=2.016 us count=3 symbol=a8w4_tdm_fp4_t256x256x256_w2x2_b4_K3072_e96_cn4_prefetch_wpt1

[precision summary]
| data_format   | act   | init   |   experts |   tokens |   topk |   model_dim |   inter_dim |   logits_diff |   rel_l2 | pass   |      us |   gemm1_us |   gemm2_us | gemm1 executed                               | gemm1 effective read            | gemm1 output write                  | gemm1 effective R+W             | gemm2 executed                               | gemm2 effective read           | gemm2 output write                    | gemm2 effective R+W             |
|:--------------|:------|:-------|----------:|---------:|-------:|------------:|------------:|--------------:|---------:|:-------|--------:|-----------:|-----------:|:---------------------------------------------|:--------------------------------|:------------------------------------|:--------------------------------|:---------------------------------------------|:-------------------------------|:--------------------------------------|:--------------------------------|
| a4w4          | silu  | const  |        96 |    16384 |      6 |        7168 |        3072 |             0 |        0 | True   | 16.4167 |      2.216 |    2.01567 | 8,658,654,068,736 FLOP → 3,907,334.9 TFLOP/s | 2,620,391,424 B → 1075.466 TB/s | 603,979,776 B (BF16) → 247.886 TB/s | 3,224,371,200 B → 1323.352 TB/s | 4,329,327,034,368 FLOP → 2,147,838.8 TFLOP/s | 1,283,457,024 B → 579.112 TB/s | 1,409,286,144 B (BF16) → 635.888 TB/s | 2,692,743,168 B → 1215.000 TB/s |
W20260907 11:18:08.888356 137763717504576 simple_timer.cpp:55] [rocprofv3] 'python3 -u op_tests/test_flydsl_grouped_gemm_gfx1250.py --scenario bench --data-format a4w4 --experts 96 --tokens 16384 --topk 6 --iters 4 --warmup 1 --model-dim 7168 --inter-dim 3072 --act silu --no-bias --no-check-aot-cache --const-init 0' ::    19.612796 sec
W20260907 11:18:08.924570 137763717504576 generateRocpd.cpp:583] writing SQL database for process 7909 on node 2161002656
E20260907 11:18:08.925060 137763717504576 generateRocpd.cpp:606] Opened result file: my_code/.get_isa_runner_att_gemm1opt_e96_t16384_bit2.d01-3.att_7882/kernel_trace/heliosr-1b114-d01-3/7909_results.db (UUID=0000008e-cbe1-7be1-9a7b-e7cd10e6d7b6)
W20260907 11:18:09.253423 137763717504576 simple_timer.cpp:55] SQLite3 generation :: rocpd_string             ::     0.286226 sec
W20260907 11:18:09.253718 137763717504576 simple_timer.cpp:55] SQLite3 generation :: rocpd_info_node          ::     0.000273 sec
W20260907 11:18:09.254315 137763717504576 simple_timer.cpp:55] SQLite3 generation :: rocpd_info_process       ::     0.000592 sec
W20260907 11:18:09.255980 137763717504576 simple_timer.cpp:55] SQLite3 generation :: rocpd_info_agent         ::     0.001240 sec
W20260907 11:18:09.255989 137763717504576 simple_timer.cpp:55] SQLite3 generation :: rocpd_info_pmc           ::     0.000003 sec
W20260907 11:18:09.568293 137763717504576 simple_timer.cpp:55] SQLite3 generation :: rocpd kernel info        ::     0.312300 sec
W20260907 11:18:09.568305 137763717504576 simple_timer.cpp:55] SQLite3 generation :: rocpd_region             ::     0.000002 sec
W20260907 11:18:09.856441 137763717504576 simple_timer.cpp:55] SQLite3 generation :: rocpd_kernel_dispatch    ::     0.288134 sec
W20260907 11:18:09.856450 137763717504576 simple_timer.cpp:55] SQLite3 generation :: rocpd_pmc_event          ::     0.000000 sec
W20260907 11:18:09.856452 137763717504576 simple_timer.cpp:55] SQLite3 generation :: rocpd_memory_copy        ::     0.000000 sec
W20260907 11:18:09.856453 137763717504576 simple_timer.cpp:55] SQLite3 generation :: rocpd_memory_allocate    ::     0.000001 sec
W20260907 11:18:09.856546 137763717504576 simple_timer.cpp:55] SQLite3 generation :: SQL indexing             ::     0.000092 sec
W20260907 11:18:09.865212 137763717504576 simple_timer.cpp:55] SQLite3 generation :: total                    ::     0.940642 sec
W20260907 11:18:09.866689 137763717504576 simple_timer.cpp:55] [rocprofv3] output generation ::     0.953560 sec
W20260907 11:18:09.869229 137763717504576 simple_timer.cpp:55] [rocprofv3] tool finalization ::     0.956123 sec
kernel-trace-stats exit status: 0
