Collected single-kernel trace files:
my_code/gemm1opt_final4x4.d01-3.att/input_kernel.yaml
my_code/gemm1opt_final4x4.d01-3.att/kernel_trace/heliosr-1b114-d01-3/24675_results.db
my_code/gemm1opt_final4x4.d01-3.att/logs/01_kernel_trace_stats.log
my_code/gemm1opt_final4x4.d01-3.att/logs/02_thread_trace_kernel.log
my_code/gemm1opt_final4x4.d01-3.att/logs/att_simd_status.log
my_code/gemm1opt_final4x4.d01-3.att/logs/environment.log
my_code/gemm1opt_final4x4.d01-3.att/logs/trace_decoder.log
my_code/gemm1opt_final4x4.d01-3.att/summary.log
my_code/gemm1opt_final4x4.d01-3.att/thread_trace/kernel/rpf_v3/out_53692_shader_engine_0_16407.att
my_code/gemm1opt_final4x4.d01-3.att/thread_trace/kernel/rpf_v3/out_53692_shader_engine_1_16407.att
my_code/gemm1opt_final4x4.d01-3.att/thread_trace/kernel/rpf_v3/out_53692_shader_engine_2_16407.att
my_code/gemm1opt_final4x4.d01-3.att/thread_trace/kernel/rpf_v3/out_53692_shader_engine_3_16407.att
my_code/gemm1opt_final4x4.d01-3.att/thread_trace/kernel/rpf_v3/out_agent_info.csv
my_code/gemm1opt_final4x4.d01-3.att/thread_trace/kernel/rpf_v3/out_gfx1250_code_object_id_1.out
my_code/gemm1opt_final4x4.d01-3.att/thread_trace/kernel/rpf_v3/out_gfx1250_code_object_id_10.out
my_code/gemm1opt_final4x4.d01-3.att/thread_trace/kernel/rpf_v3/out_gfx1250_code_object_id_11.out
my_code/gemm1opt_final4x4.d01-3.att/thread_trace/kernel/rpf_v3/out_gfx1250_code_object_id_12.out
my_code/gemm1opt_final4x4.d01-3.att/thread_trace/kernel/rpf_v3/out_gfx1250_code_object_id_13.out
my_code/gemm1opt_final4x4.d01-3.att/thread_trace/kernel/rpf_v3/out_gfx1250_code_object_id_14.out
my_code/gemm1opt_final4x4.d01-3.att/thread_trace/kernel/rpf_v3/out_gfx1250_code_object_id_15.out
my_code/gemm1opt_final4x4.d01-3.att/thread_trace/kernel/rpf_v3/out_gfx1250_code_object_id_16.out
my_code/gemm1opt_final4x4.d01-3.att/thread_trace/kernel/rpf_v3/out_gfx1250_code_object_id_17.out
my_code/gemm1opt_final4x4.d01-3.att/thread_trace/kernel/rpf_v3/out_gfx1250_code_object_id_18.out
my_code/gemm1opt_final4x4.d01-3.att/thread_trace/kernel/rpf_v3/out_gfx1250_code_object_id_19.out
my_code/gemm1opt_final4x4.d01-3.att/thread_trace/kernel/rpf_v3/out_gfx1250_code_object_id_2.out
my_code/gemm1opt_final4x4.d01-3.att/thread_trace/kernel/rpf_v3/out_gfx1250_code_object_id_20.out
my_code/gemm1opt_final4x4.d01-3.att/thread_trace/kernel/rpf_v3/out_gfx1250_code_object_id_21.out
my_code/gemm1opt_final4x4.d01-3.att/thread_trace/kernel/rpf_v3/out_gfx1250_code_object_id_22.out
my_code/gemm1opt_final4x4.d01-3.att/thread_trace/kernel/rpf_v3/out_gfx1250_code_object_id_23.out
my_code/gemm1opt_final4x4.d01-3.att/thread_trace/kernel/rpf_v3/out_gfx1250_code_object_id_24.out
my_code/gemm1opt_final4x4.d01-3.att/thread_trace/kernel/rpf_v3/out_gfx1250_code_object_id_25.out
my_code/gemm1opt_final4x4.d01-3.att/thread_trace/kernel/rpf_v3/out_gfx1250_code_object_id_26.out
my_code/gemm1opt_final4x4.d01-3.att/thread_trace/kernel/rpf_v3/out_gfx1250_code_object_id_27.out
my_code/gemm1opt_final4x4.d01-3.att/thread_trace/kernel/rpf_v3/out_gfx1250_code_object_id_28.out
my_code/gemm1opt_final4x4.d01-3.att/thread_trace/kernel/rpf_v3/out_gfx1250_code_object_id_29.out
my_code/gemm1opt_final4x4.d01-3.att/thread_trace/kernel/rpf_v3/out_gfx1250_code_object_id_3.out
my_code/gemm1opt_final4x4.d01-3.att/thread_trace/kernel/rpf_v3/out_gfx1250_code_object_id_30.out
my_code/gemm1opt_final4x4.d01-3.att/thread_trace/kernel/rpf_v3/out_gfx1250_code_object_id_31.out
my_code/gemm1opt_final4x4.d01-3.att/thread_trace/kernel/rpf_v3/out_gfx1250_code_object_id_32.out
my_code/gemm1opt_final4x4.d01-3.att/thread_trace/kernel/rpf_v3/out_gfx1250_code_object_id_33.out
my_code/gemm1opt_final4x4.d01-3.att/thread_trace/kernel/rpf_v3/out_gfx1250_code_object_id_34.out
my_code/gemm1opt_final4x4.d01-3.att/thread_trace/kernel/rpf_v3/out_gfx1250_code_object_id_35.out
my_code/gemm1opt_final4x4.d01-3.att/thread_trace/kernel/rpf_v3/out_gfx1250_code_object_id_4.out
my_code/gemm1opt_final4x4.d01-3.att/thread_trace/kernel/rpf_v3/out_gfx1250_code_object_id_5.out
my_code/gemm1opt_final4x4.d01-3.att/thread_trace/kernel/rpf_v3/out_gfx1250_code_object_id_6.out
my_code/gemm1opt_final4x4.d01-3.att/thread_trace/kernel/rpf_v3/out_gfx1250_code_object_id_7.out
my_code/gemm1opt_final4x4.d01-3.att/thread_trace/kernel/rpf_v3/out_gfx1250_code_object_id_8.out
my_code/gemm1opt_final4x4.d01-3.att/thread_trace/kernel/rpf_v3/out_gfx1250_code_object_id_9.out
my_code/gemm1opt_final4x4.d01-3.att/thread_trace/kernel/rpf_v3/stats_ui_output_agent_53692_dispatch_16407.csv
my_code/gemm1opt_final4x4.d01-3.att/thread_trace/kernel/rpf_v3/ui_output_agent_53692_dispatch_16407/code.json
my_code/gemm1opt_final4x4.d01-3.att/thread_trace/kernel/rpf_v3/ui_output_agent_53692_dispatch_16407/filenames.json
my_code/gemm1opt_final4x4.d01-3.att/thread_trace/kernel/rpf_v3/ui_output_agent_53692_dispatch_16407/occupancy.json
my_code/gemm1opt_final4x4.d01-3.att/thread_trace/kernel/rpf_v3/ui_output_agent_53692_dispatch_16407/realtime.json
my_code/gemm1opt_final4x4.d01-3.att/thread_trace/kernel/rpf_v3/ui_output_agent_53692_dispatch_16407/se0_sm3_sl0_wv0.json
my_code/gemm1opt_final4x4.d01-3.att/thread_trace/kernel/rpf_v3/ui_output_agent_53692_dispatch_16407/se0_sm3_sl0_wv1.json
my_code/gemm1opt_final4x4.d01-3.att/thread_trace/kernel/rpf_v3/ui_output_agent_53692_dispatch_16407/se0_sm3_sl0_wv10.json
my_code/gemm1opt_final4x4.d01-3.att/thread_trace/kernel/rpf_v3/ui_output_agent_53692_dispatch_16407/se0_sm3_sl0_wv11.json
my_code/gemm1opt_final4x4.d01-3.att/thread_trace/kernel/rpf_v3/ui_output_agent_53692_dispatch_16407/se0_sm3_sl0_wv12.json
my_code/gemm1opt_final4x4.d01-3.att/thread_trace/kernel/rpf_v3/ui_output_agent_53692_dispatch_16407/se0_sm3_sl0_wv13.json
my_code/gemm1opt_final4x4.d01-3.att/thread_trace/kernel/rpf_v3/ui_output_agent_53692_dispatch_16407/se0_sm3_sl0_wv14.json
my_code/gemm1opt_final4x4.d01-3.att/thread_trace/kernel/rpf_v3/ui_output_agent_53692_dispatch_16407/se0_sm3_sl0_wv15.json
my_code/gemm1opt_final4x4.d01-3.att/thread_trace/kernel/rpf_v3/ui_output_agent_53692_dispatch_16407/se0_sm3_sl0_wv16.json
my_code/gemm1opt_final4x4.d01-3.att/thread_trace/kernel/rpf_v3/ui_output_agent_53692_dispatch_16407/se0_sm3_sl0_wv17.json
my_code/gemm1opt_final4x4.d01-3.att/thread_trace/kernel/rpf_v3/ui_output_agent_53692_dispatch_16407/se0_sm3_sl0_wv18.json
my_code/gemm1opt_final4x4.d01-3.att/thread_trace/kernel/rpf_v3/ui_output_agent_53692_dispatch_16407/se0_sm3_sl0_wv19.json
my_code/gemm1opt_final4x4.d01-3.att/thread_trace/kernel/rpf_v3/ui_output_agent_53692_dispatch_16407/se0_sm3_sl0_wv2.json
my_code/gemm1opt_final4x4.d01-3.att/thread_trace/kernel/rpf_v3/ui_output_agent_53692_dispatch_16407/se0_sm3_sl0_wv20.json
my_code/gemm1opt_final4x4.d01-3.att/thread_trace/kernel/rpf_v3/ui_output_agent_53692_dispatch_16407/se0_sm3_sl0_wv21.json
my_code/gemm1opt_final4x4.d01-3.att/thread_trace/kernel/rpf_v3/ui_output_agent_53692_dispatch_16407/se0_sm3_sl0_wv22.json
my_code/gemm1opt_final4x4.d01-3.att/thread_trace/kernel/rpf_v3/ui_output_agent_53692_dispatch_16407/se0_sm3_sl0_wv23.json
my_code/gemm1opt_final4x4.d01-3.att/thread_trace/kernel/rpf_v3/ui_output_agent_53692_dispatch_16407/se0_sm3_sl0_wv24.json
my_code/gemm1opt_final4x4.d01-3.att/thread_trace/kernel/rpf_v3/ui_output_agent_53692_dispatch_16407/se0_sm3_sl0_wv25.json
my_code/gemm1opt_final4x4.d01-3.att/thread_trace/kernel/rpf_v3/ui_output_agent_53692_dispatch_16407/se0_sm3_sl0_wv26.json
my_code/gemm1opt_final4x4.d01-3.att/thread_trace/kernel/rpf_v3/ui_output_agent_53692_dispatch_16407/se0_sm3_sl0_wv27.json
my_code/gemm1opt_final4x4.d01-3.att/thread_trace/kernel/rpf_v3/ui_output_agent_53692_dispatch_16407/se0_sm3_sl0_wv28.json
my_code/gemm1opt_final4x4.d01-3.att/thread_trace/kernel/rpf_v3/ui_output_agent_53692_dispatch_16407/se0_sm3_sl0_wv29.json
my_code/gemm1opt_final4x4.d01-3.att/thread_trace/kernel/rpf_v3/ui_output_agent_53692_dispatch_16407/se0_sm3_sl0_wv3.json
my_code/gemm1opt_final4x4.d01-3.att/thread_trace/kernel/rpf_v3/ui_output_agent_53692_dispatch_16407/se0_sm3_sl0_wv30.json
my_code/gemm1opt_final4x4.d01-3.att/thread_trace/kernel/rpf_v3/ui_output_agent_53692_dispatch_16407/se0_sm3_sl0_wv31.json
my_code/gemm1opt_final4x4.d01-3.att/thread_trace/kernel/rpf_v3/ui_output_agent_53692_dispatch_16407/se0_sm3_sl0_wv32.json
my_code/gemm1opt_final4x4.d01-3.att/thread_trace/kernel/rpf_v3/ui_output_agent_53692_dispatch_16407/se0_sm3_sl0_wv33.json
my_code/gemm1opt_final4x4.d01-3.att/thread_trace/kernel/rpf_v3/ui_output_agent_53692_dispatch_16407/se0_sm3_sl0_wv34.json
my_code/gemm1opt_final4x4.d01-3.att/thread_trace/kernel/rpf_v3/ui_output_agent_53692_dispatch_16407/se0_sm3_sl0_wv35.json
my_code/gemm1opt_final4x4.d01-3.att/thread_trace/kernel/rpf_v3/ui_output_agent_53692_dispatch_16407/se0_sm3_sl0_wv36.json
my_code/gemm1opt_final4x4.d01-3.att/thread_trace/kernel/rpf_v3/ui_output_agent_53692_dispatch_16407/se0_sm3_sl0_wv37.json
my_code/gemm1opt_final4x4.d01-3.att/thread_trace/kernel/rpf_v3/ui_output_agent_53692_dispatch_16407/se0_sm3_sl0_wv38.json
my_code/gemm1opt_final4x4.d01-3.att/thread_trace/kernel/rpf_v3/ui_output_agent_53692_dispatch_16407/se0_sm3_sl0_wv39.json
my_code/gemm1opt_final4x4.d01-3.att/thread_trace/kernel/rpf_v3/ui_output_agent_53692_dispatch_16407/se0_sm3_sl0_wv4.json
my_code/gemm1opt_final4x4.d01-3.att/thread_trace/kernel/rpf_v3/ui_output_agent_53692_dispatch_16407/se0_sm3_sl0_wv40.json
my_code/gemm1opt_final4x4.d01-3.att/thread_trace/kernel/rpf_v3/ui_output_agent_53692_dispatch_16407/se0_sm3_sl0_wv41.json
my_code/gemm1opt_final4x4.d01-3.att/thread_trace/kernel/rpf_v3/ui_output_agent_53692_dispatch_16407/se0_sm3_sl0_wv42.json
my_code/gemm1opt_final4x4.d01-3.att/thread_trace/kernel/rpf_v3/ui_output_agent_53692_dispatch_16407/se0_sm3_sl0_wv43.json
my_code/gemm1opt_final4x4.d01-3.att/thread_trace/kernel/rpf_v3/ui_output_agent_53692_dispatch_16407/se0_sm3_sl0_wv44.json
my_code/gemm1opt_final4x4.d01-3.att/thread_trace/kernel/rpf_v3/ui_output_agent_53692_dispatch_16407/se0_sm3_sl0_wv5.json
my_code/gemm1opt_final4x4.d01-3.att/thread_trace/kernel/rpf_v3/ui_output_agent_53692_dispatch_16407/se0_sm3_sl0_wv6.json
my_code/gemm1opt_final4x4.d01-3.att/thread_trace/kernel/rpf_v3/ui_output_agent_53692_dispatch_16407/se0_sm3_sl0_wv7.json
my_code/gemm1opt_final4x4.d01-3.att/thread_trace/kernel/rpf_v3/ui_output_agent_53692_dispatch_16407/se0_sm3_sl0_wv8.json
my_code/gemm1opt_final4x4.d01-3.att/thread_trace/kernel/rpf_v3/ui_output_agent_53692_dispatch_16407/se0_sm3_sl0_wv9.json
my_code/gemm1opt_final4x4.d01-3.att/thread_trace/kernel/rpf_v3/ui_output_agent_53692_dispatch_16407/se1_sm3_sl0_wv0.json
my_code/gemm1opt_final4x4.d01-3.att/thread_trace/kernel/rpf_v3/ui_output_agent_53692_dispatch_16407/se1_sm3_sl0_wv1.json
my_code/gemm1opt_final4x4.d01-3.att/thread_trace/kernel/rpf_v3/ui_output_agent_53692_dispatch_16407/se1_sm3_sl0_wv10.json
my_code/gemm1opt_final4x4.d01-3.att/thread_trace/kernel/rpf_v3/ui_output_agent_53692_dispatch_16407/se1_sm3_sl0_wv11.json
my_code/gemm1opt_final4x4.d01-3.att/thread_trace/kernel/rpf_v3/ui_output_agent_53692_dispatch_16407/se1_sm3_sl0_wv12.json
my_code/gemm1opt_final4x4.d01-3.att/thread_trace/kernel/rpf_v3/ui_output_agent_53692_dispatch_16407/se1_sm3_sl0_wv13.json
my_code/gemm1opt_final4x4.d01-3.att/thread_trace/kernel/rpf_v3/ui_output_agent_53692_dispatch_16407/se1_sm3_sl0_wv14.json
my_code/gemm1opt_final4x4.d01-3.att/thread_trace/kernel/rpf_v3/ui_output_agent_53692_dispatch_16407/se1_sm3_sl0_wv15.json
my_code/gemm1opt_final4x4.d01-3.att/thread_trace/kernel/rpf_v3/ui_output_agent_53692_dispatch_16407/se1_sm3_sl0_wv16.json
my_code/gemm1opt_final4x4.d01-3.att/thread_trace/kernel/rpf_v3/ui_output_agent_53692_dispatch_16407/se1_sm3_sl0_wv17.json
my_code/gemm1opt_final4x4.d01-3.att/thread_trace/kernel/rpf_v3/ui_output_agent_53692_dispatch_16407/se1_sm3_sl0_wv18.json
my_code/gemm1opt_final4x4.d01-3.att/thread_trace/kernel/rpf_v3/ui_output_agent_53692_dispatch_16407/se1_sm3_sl0_wv19.json
my_code/gemm1opt_final4x4.d01-3.att/thread_trace/kernel/rpf_v3/ui_output_agent_53692_dispatch_16407/se1_sm3_sl0_wv2.json
my_code/gemm1opt_final4x4.d01-3.att/thread_trace/kernel/rpf_v3/ui_output_agent_53692_dispatch_16407/se1_sm3_sl0_wv20.json
my_code/gemm1opt_final4x4.d01-3.att/thread_trace/kernel/rpf_v3/ui_output_agent_53692_dispatch_16407/se1_sm3_sl0_wv21.json
my_code/gemm1opt_final4x4.d01-3.att/thread_trace/kernel/rpf_v3/ui_output_agent_53692_dispatch_16407/se1_sm3_sl0_wv22.json
my_code/gemm1opt_final4x4.d01-3.att/thread_trace/kernel/rpf_v3/ui_output_agent_53692_dispatch_16407/se1_sm3_sl0_wv23.json
my_code/gemm1opt_final4x4.d01-3.att/thread_trace/kernel/rpf_v3/ui_output_agent_53692_dispatch_16407/se1_sm3_sl0_wv24.json
my_code/gemm1opt_final4x4.d01-3.att/thread_trace/kernel/rpf_v3/ui_output_agent_53692_dispatch_16407/se1_sm3_sl0_wv25.json
my_code/gemm1opt_final4x4.d01-3.att/thread_trace/kernel/rpf_v3/ui_output_agent_53692_dispatch_16407/se1_sm3_sl0_wv26.json
my_code/gemm1opt_final4x4.d01-3.att/thread_trace/kernel/rpf_v3/ui_output_agent_53692_dispatch_16407/se1_sm3_sl0_wv27.json
my_code/gemm1opt_final4x4.d01-3.att/thread_trace/kernel/rpf_v3/ui_output_agent_53692_dispatch_16407/se1_sm3_sl0_wv28.json
my_code/gemm1opt_final4x4.d01-3.att/thread_trace/kernel/rpf_v3/ui_output_agent_53692_dispatch_16407/se1_sm3_sl0_wv29.json
my_code/gemm1opt_final4x4.d01-3.att/thread_trace/kernel/rpf_v3/ui_output_agent_53692_dispatch_16407/se1_sm3_sl0_wv3.json
my_code/gemm1opt_final4x4.d01-3.att/thread_trace/kernel/rpf_v3/ui_output_agent_53692_dispatch_16407/se1_sm3_sl0_wv30.json
my_code/gemm1opt_final4x4.d01-3.att/thread_trace/kernel/rpf_v3/ui_output_agent_53692_dispatch_16407/se1_sm3_sl0_wv31.json
my_code/gemm1opt_final4x4.d01-3.att/thread_trace/kernel/rpf_v3/ui_output_agent_53692_dispatch_16407/se1_sm3_sl0_wv32.json
my_code/gemm1opt_final4x4.d01-3.att/thread_trace/kernel/rpf_v3/ui_output_agent_53692_dispatch_16407/se1_sm3_sl0_wv33.json
my_code/gemm1opt_final4x4.d01-3.att/thread_trace/kernel/rpf_v3/ui_output_agent_53692_dispatch_16407/se1_sm3_sl0_wv34.json
my_code/gemm1opt_final4x4.d01-3.att/thread_trace/kernel/rpf_v3/ui_output_agent_53692_dispatch_16407/se1_sm3_sl0_wv35.json
my_code/gemm1opt_final4x4.d01-3.att/thread_trace/kernel/rpf_v3/ui_output_agent_53692_dispatch_16407/se1_sm3_sl0_wv36.json
my_code/gemm1opt_final4x4.d01-3.att/thread_trace/kernel/rpf_v3/ui_output_agent_53692_dispatch_16407/se1_sm3_sl0_wv37.json
my_code/gemm1opt_final4x4.d01-3.att/thread_trace/kernel/rpf_v3/ui_output_agent_53692_dispatch_16407/se1_sm3_sl0_wv38.json
my_code/gemm1opt_final4x4.d01-3.att/thread_trace/kernel/rpf_v3/ui_output_agent_53692_dispatch_16407/se1_sm3_sl0_wv39.json
my_code/gemm1opt_final4x4.d01-3.att/thread_trace/kernel/rpf_v3/ui_output_agent_53692_dispatch_16407/se1_sm3_sl0_wv4.json
my_code/gemm1opt_final4x4.d01-3.att/thread_trace/kernel/rpf_v3/ui_output_agent_53692_dispatch_16407/se1_sm3_sl0_wv40.json
my_code/gemm1opt_final4x4.d01-3.att/thread_trace/kernel/rpf_v3/ui_output_agent_53692_dispatch_16407/se1_sm3_sl0_wv41.json
my_code/gemm1opt_final4x4.d01-3.att/thread_trace/kernel/rpf_v3/ui_output_agent_53692_dispatch_16407/se1_sm3_sl0_wv42.json
my_code/gemm1opt_final4x4.d01-3.att/thread_trace/kernel/rpf_v3/ui_output_agent_53692_dispatch_16407/se1_sm3_sl0_wv43.json
my_code/gemm1opt_final4x4.d01-3.att/thread_trace/kernel/rpf_v3/ui_output_agent_53692_dispatch_16407/se1_sm3_sl0_wv44.json
my_code/gemm1opt_final4x4.d01-3.att/thread_trace/kernel/rpf_v3/ui_output_agent_53692_dispatch_16407/se1_sm3_sl0_wv5.json
my_code/gemm1opt_final4x4.d01-3.att/thread_trace/kernel/rpf_v3/ui_output_agent_53692_dispatch_16407/se1_sm3_sl0_wv6.json
my_code/gemm1opt_final4x4.d01-3.att/thread_trace/kernel/rpf_v3/ui_output_agent_53692_dispatch_16407/se1_sm3_sl0_wv7.json
my_code/gemm1opt_final4x4.d01-3.att/thread_trace/kernel/rpf_v3/ui_output_agent_53692_dispatch_16407/se1_sm3_sl0_wv8.json
my_code/gemm1opt_final4x4.d01-3.att/thread_trace/kernel/rpf_v3/ui_output_agent_53692_dispatch_16407/se1_sm3_sl0_wv9.json
my_code/gemm1opt_final4x4.d01-3.att/thread_trace/kernel/rpf_v3/ui_output_agent_53692_dispatch_16407/se2_sm3_sl0_wv0.json
my_code/gemm1opt_final4x4.d01-3.att/thread_trace/kernel/rpf_v3/ui_output_agent_53692_dispatch_16407/se2_sm3_sl0_wv1.json
my_code/gemm1opt_final4x4.d01-3.att/thread_trace/kernel/rpf_v3/ui_output_agent_53692_dispatch_16407/se2_sm3_sl0_wv10.json
my_code/gemm1opt_final4x4.d01-3.att/thread_trace/kernel/rpf_v3/ui_output_agent_53692_dispatch_16407/se2_sm3_sl0_wv11.json
my_code/gemm1opt_final4x4.d01-3.att/thread_trace/kernel/rpf_v3/ui_output_agent_53692_dispatch_16407/se2_sm3_sl0_wv12.json
my_code/gemm1opt_final4x4.d01-3.att/thread_trace/kernel/rpf_v3/ui_output_agent_53692_dispatch_16407/se2_sm3_sl0_wv13.json
my_code/gemm1opt_final4x4.d01-3.att/thread_trace/kernel/rpf_v3/ui_output_agent_53692_dispatch_16407/se2_sm3_sl0_wv14.json
my_code/gemm1opt_final4x4.d01-3.att/thread_trace/kernel/rpf_v3/ui_output_agent_53692_dispatch_16407/se2_sm3_sl0_wv15.json
my_code/gemm1opt_final4x4.d01-3.att/thread_trace/kernel/rpf_v3/ui_output_agent_53692_dispatch_16407/se2_sm3_sl0_wv16.json
my_code/gemm1opt_final4x4.d01-3.att/thread_trace/kernel/rpf_v3/ui_output_agent_53692_dispatch_16407/se2_sm3_sl0_wv17.json
my_code/gemm1opt_final4x4.d01-3.att/thread_trace/kernel/rpf_v3/ui_output_agent_53692_dispatch_16407/se2_sm3_sl0_wv18.json
my_code/gemm1opt_final4x4.d01-3.att/thread_trace/kernel/rpf_v3/ui_output_agent_53692_dispatch_16407/se2_sm3_sl0_wv19.json
my_code/gemm1opt_final4x4.d01-3.att/thread_trace/kernel/rpf_v3/ui_output_agent_53692_dispatch_16407/se2_sm3_sl0_wv2.json
my_code/gemm1opt_final4x4.d01-3.att/thread_trace/kernel/rpf_v3/ui_output_agent_53692_dispatch_16407/se2_sm3_sl0_wv20.json
my_code/gemm1opt_final4x4.d01-3.att/thread_trace/kernel/rpf_v3/ui_output_agent_53692_dispatch_16407/se2_sm3_sl0_wv21.json
my_code/gemm1opt_final4x4.d01-3.att/thread_trace/kernel/rpf_v3/ui_output_agent_53692_dispatch_16407/se2_sm3_sl0_wv22.json
my_code/gemm1opt_final4x4.d01-3.att/thread_trace/kernel/rpf_v3/ui_output_agent_53692_dispatch_16407/se2_sm3_sl0_wv23.json
my_code/gemm1opt_final4x4.d01-3.att/thread_trace/kernel/rpf_v3/ui_output_agent_53692_dispatch_16407/se2_sm3_sl0_wv24.json
my_code/gemm1opt_final4x4.d01-3.att/thread_trace/kernel/rpf_v3/ui_output_agent_53692_dispatch_16407/se2_sm3_sl0_wv25.json
my_code/gemm1opt_final4x4.d01-3.att/thread_trace/kernel/rpf_v3/ui_output_agent_53692_dispatch_16407/se2_sm3_sl0_wv26.json
my_code/gemm1opt_final4x4.d01-3.att/thread_trace/kernel/rpf_v3/ui_output_agent_53692_dispatch_16407/se2_sm3_sl0_wv27.json
my_code/gemm1opt_final4x4.d01-3.att/thread_trace/kernel/rpf_v3/ui_output_agent_53692_dispatch_16407/se2_sm3_sl0_wv28.json
my_code/gemm1opt_final4x4.d01-3.att/thread_trace/kernel/rpf_v3/ui_output_agent_53692_dispatch_16407/se2_sm3_sl0_wv29.json
my_code/gemm1opt_final4x4.d01-3.att/thread_trace/kernel/rpf_v3/ui_output_agent_53692_dispatch_16407/se2_sm3_sl0_wv3.json
my_code/gemm1opt_final4x4.d01-3.att/thread_trace/kernel/rpf_v3/ui_output_agent_53692_dispatch_16407/se2_sm3_sl0_wv30.json
my_code/gemm1opt_final4x4.d01-3.att/thread_trace/kernel/rpf_v3/ui_output_agent_53692_dispatch_16407/se2_sm3_sl0_wv31.json
my_code/gemm1opt_final4x4.d01-3.att/thread_trace/kernel/rpf_v3/ui_output_agent_53692_dispatch_16407/se2_sm3_sl0_wv32.json
my_code/gemm1opt_final4x4.d01-3.att/thread_trace/kernel/rpf_v3/ui_output_agent_53692_dispatch_16407/se2_sm3_sl0_wv33.json
my_code/gemm1opt_final4x4.d01-3.att/thread_trace/kernel/rpf_v3/ui_output_agent_53692_dispatch_16407/se2_sm3_sl0_wv34.json
my_code/gemm1opt_final4x4.d01-3.att/thread_trace/kernel/rpf_v3/ui_output_agent_53692_dispatch_16407/se2_sm3_sl0_wv35.json
my_code/gemm1opt_final4x4.d01-3.att/thread_trace/kernel/rpf_v3/ui_output_agent_53692_dispatch_16407/se2_sm3_sl0_wv36.json
my_code/gemm1opt_final4x4.d01-3.att/thread_trace/kernel/rpf_v3/ui_output_agent_53692_dispatch_16407/se2_sm3_sl0_wv37.json
my_code/gemm1opt_final4x4.d01-3.att/thread_trace/kernel/rpf_v3/ui_output_agent_53692_dispatch_16407/se2_sm3_sl0_wv38.json
my_code/gemm1opt_final4x4.d01-3.att/thread_trace/kernel/rpf_v3/ui_output_agent_53692_dispatch_16407/se2_sm3_sl0_wv39.json
my_code/gemm1opt_final4x4.d01-3.att/thread_trace/kernel/rpf_v3/ui_output_agent_53692_dispatch_16407/se2_sm3_sl0_wv4.json
my_code/gemm1opt_final4x4.d01-3.att/thread_trace/kernel/rpf_v3/ui_output_agent_53692_dispatch_16407/se2_sm3_sl0_wv40.json
my_code/gemm1opt_final4x4.d01-3.att/thread_trace/kernel/rpf_v3/ui_output_agent_53692_dispatch_16407/se2_sm3_sl0_wv41.json
my_code/gemm1opt_final4x4.d01-3.att/thread_trace/kernel/rpf_v3/ui_output_agent_53692_dispatch_16407/se2_sm3_sl0_wv42.json
my_code/gemm1opt_final4x4.d01-3.att/thread_trace/kernel/rpf_v3/ui_output_agent_53692_dispatch_16407/se2_sm3_sl0_wv43.json
my_code/gemm1opt_final4x4.d01-3.att/thread_trace/kernel/rpf_v3/ui_output_agent_53692_dispatch_16407/se2_sm3_sl0_wv44.json
my_code/gemm1opt_final4x4.d01-3.att/thread_trace/kernel/rpf_v3/ui_output_agent_53692_dispatch_16407/se2_sm3_sl0_wv5.json
my_code/gemm1opt_final4x4.d01-3.att/thread_trace/kernel/rpf_v3/ui_output_agent_53692_dispatch_16407/se2_sm3_sl0_wv6.json
my_code/gemm1opt_final4x4.d01-3.att/thread_trace/kernel/rpf_v3/ui_output_agent_53692_dispatch_16407/se2_sm3_sl0_wv7.json
my_code/gemm1opt_final4x4.d01-3.att/thread_trace/kernel/rpf_v3/ui_output_agent_53692_dispatch_16407/se2_sm3_sl0_wv8.json
my_code/gemm1opt_final4x4.d01-3.att/thread_trace/kernel/rpf_v3/ui_output_agent_53692_dispatch_16407/se2_sm3_sl0_wv9.json
my_code/gemm1opt_final4x4.d01-3.att/thread_trace/kernel/rpf_v3/ui_output_agent_53692_dispatch_16407/se3_sm3_sl0_wv0.json
my_code/gemm1opt_final4x4.d01-3.att/thread_trace/kernel/rpf_v3/ui_output_agent_53692_dispatch_16407/se3_sm3_sl0_wv1.json
my_code/gemm1opt_final4x4.d01-3.att/thread_trace/kernel/rpf_v3/ui_output_agent_53692_dispatch_16407/se3_sm3_sl0_wv10.json
my_code/gemm1opt_final4x4.d01-3.att/thread_trace/kernel/rpf_v3/ui_output_agent_53692_dispatch_16407/se3_sm3_sl0_wv11.json
my_code/gemm1opt_final4x4.d01-3.att/thread_trace/kernel/rpf_v3/ui_output_agent_53692_dispatch_16407/se3_sm3_sl0_wv12.json
my_code/gemm1opt_final4x4.d01-3.att/thread_trace/kernel/rpf_v3/ui_output_agent_53692_dispatch_16407/se3_sm3_sl0_wv13.json
my_code/gemm1opt_final4x4.d01-3.att/thread_trace/kernel/rpf_v3/ui_output_agent_53692_dispatch_16407/se3_sm3_sl0_wv14.json
my_code/gemm1opt_final4x4.d01-3.att/thread_trace/kernel/rpf_v3/ui_output_agent_53692_dispatch_16407/se3_sm3_sl0_wv15.json
my_code/gemm1opt_final4x4.d01-3.att/thread_trace/kernel/rpf_v3/ui_output_agent_53692_dispatch_16407/se3_sm3_sl0_wv16.json
my_code/gemm1opt_final4x4.d01-3.att/thread_trace/kernel/rpf_v3/ui_output_agent_53692_dispatch_16407/se3_sm3_sl0_wv17.json
my_code/gemm1opt_final4x4.d01-3.att/thread_trace/kernel/rpf_v3/ui_output_agent_53692_dispatch_16407/se3_sm3_sl0_wv18.json
my_code/gemm1opt_final4x4.d01-3.att/thread_trace/kernel/rpf_v3/ui_output_agent_53692_dispatch_16407/se3_sm3_sl0_wv19.json
my_code/gemm1opt_final4x4.d01-3.att/thread_trace/kernel/rpf_v3/ui_output_agent_53692_dispatch_16407/se3_sm3_sl0_wv2.json
my_code/gemm1opt_final4x4.d01-3.att/thread_trace/kernel/rpf_v3/ui_output_agent_53692_dispatch_16407/se3_sm3_sl0_wv20.json
my_code/gemm1opt_final4x4.d01-3.att/thread_trace/kernel/rpf_v3/ui_output_agent_53692_dispatch_16407/se3_sm3_sl0_wv21.json
my_code/gemm1opt_final4x4.d01-3.att/thread_trace/kernel/rpf_v3/ui_output_agent_53692_dispatch_16407/se3_sm3_sl0_wv22.json
my_code/gemm1opt_final4x4.d01-3.att/thread_trace/kernel/rpf_v3/ui_output_agent_53692_dispatch_16407/se3_sm3_sl0_wv23.json
my_code/gemm1opt_final4x4.d01-3.att/thread_trace/kernel/rpf_v3/ui_output_agent_53692_dispatch_16407/se3_sm3_sl0_wv24.json
my_code/gemm1opt_final4x4.d01-3.att/thread_trace/kernel/rpf_v3/ui_output_agent_53692_dispatch_16407/se3_sm3_sl0_wv25.json
my_code/gemm1opt_final4x4.d01-3.att/thread_trace/kernel/rpf_v3/ui_output_agent_53692_dispatch_16407/se3_sm3_sl0_wv26.json
my_code/gemm1opt_final4x4.d01-3.att/thread_trace/kernel/rpf_v3/ui_output_agent_53692_dispatch_16407/se3_sm3_sl0_wv27.json
my_code/gemm1opt_final4x4.d01-3.att/thread_trace/kernel/rpf_v3/ui_output_agent_53692_dispatch_16407/se3_sm3_sl0_wv28.json
my_code/gemm1opt_final4x4.d01-3.att/thread_trace/kernel/rpf_v3/ui_output_agent_53692_dispatch_16407/se3_sm3_sl0_wv29.json
my_code/gemm1opt_final4x4.d01-3.att/thread_trace/kernel/rpf_v3/ui_output_agent_53692_dispatch_16407/se3_sm3_sl0_wv3.json
my_code/gemm1opt_final4x4.d01-3.att/thread_trace/kernel/rpf_v3/ui_output_agent_53692_dispatch_16407/se3_sm3_sl0_wv30.json
my_code/gemm1opt_final4x4.d01-3.att/thread_trace/kernel/rpf_v3/ui_output_agent_53692_dispatch_16407/se3_sm3_sl0_wv31.json
my_code/gemm1opt_final4x4.d01-3.att/thread_trace/kernel/rpf_v3/ui_output_agent_53692_dispatch_16407/se3_sm3_sl0_wv32.json
my_code/gemm1opt_final4x4.d01-3.att/thread_trace/kernel/rpf_v3/ui_output_agent_53692_dispatch_16407/se3_sm3_sl0_wv33.json
my_code/gemm1opt_final4x4.d01-3.att/thread_trace/kernel/rpf_v3/ui_output_agent_53692_dispatch_16407/se3_sm3_sl0_wv34.json
my_code/gemm1opt_final4x4.d01-3.att/thread_trace/kernel/rpf_v3/ui_output_agent_53692_dispatch_16407/se3_sm3_sl0_wv35.json
my_code/gemm1opt_final4x4.d01-3.att/thread_trace/kernel/rpf_v3/ui_output_agent_53692_dispatch_16407/se3_sm3_sl0_wv36.json
my_code/gemm1opt_final4x4.d01-3.att/thread_trace/kernel/rpf_v3/ui_output_agent_53692_dispatch_16407/se3_sm3_sl0_wv37.json
my_code/gemm1opt_final4x4.d01-3.att/thread_trace/kernel/rpf_v3/ui_output_agent_53692_dispatch_16407/se3_sm3_sl0_wv38.json
my_code/gemm1opt_final4x4.d01-3.att/thread_trace/kernel/rpf_v3/ui_output_agent_53692_dispatch_16407/se3_sm3_sl0_wv39.json
my_code/gemm1opt_final4x4.d01-3.att/thread_trace/kernel/rpf_v3/ui_output_agent_53692_dispatch_16407/se3_sm3_sl0_wv4.json
my_code/gemm1opt_final4x4.d01-3.att/thread_trace/kernel/rpf_v3/ui_output_agent_53692_dispatch_16407/se3_sm3_sl0_wv40.json
my_code/gemm1opt_final4x4.d01-3.att/thread_trace/kernel/rpf_v3/ui_output_agent_53692_dispatch_16407/se3_sm3_sl0_wv41.json
my_code/gemm1opt_final4x4.d01-3.att/thread_trace/kernel/rpf_v3/ui_output_agent_53692_dispatch_16407/se3_sm3_sl0_wv42.json
my_code/gemm1opt_final4x4.d01-3.att/thread_trace/kernel/rpf_v3/ui_output_agent_53692_dispatch_16407/se3_sm3_sl0_wv43.json
my_code/gemm1opt_final4x4.d01-3.att/thread_trace/kernel/rpf_v3/ui_output_agent_53692_dispatch_16407/se3_sm3_sl0_wv44.json
my_code/gemm1opt_final4x4.d01-3.att/thread_trace/kernel/rpf_v3/ui_output_agent_53692_dispatch_16407/se3_sm3_sl0_wv5.json
my_code/gemm1opt_final4x4.d01-3.att/thread_trace/kernel/rpf_v3/ui_output_agent_53692_dispatch_16407/se3_sm3_sl0_wv6.json
my_code/gemm1opt_final4x4.d01-3.att/thread_trace/kernel/rpf_v3/ui_output_agent_53692_dispatch_16407/se3_sm3_sl0_wv7.json
my_code/gemm1opt_final4x4.d01-3.att/thread_trace/kernel/rpf_v3/ui_output_agent_53692_dispatch_16407/se3_sm3_sl0_wv8.json
my_code/gemm1opt_final4x4.d01-3.att/thread_trace/kernel/rpf_v3/ui_output_agent_53692_dispatch_16407/se3_sm3_sl0_wv9.json
my_code/gemm1opt_final4x4.d01-3.att/thread_trace/kernel/rpf_v3/ui_output_agent_53692_dispatch_16407/wstates1.json
my_code/gemm1opt_final4x4.d01-3.att/thread_trace/kernel/rpf_v3/ui_output_agent_53692_dispatch_16407/wstates2.json
my_code/gemm1opt_final4x4.d01-3.att/thread_trace/kernel/rpf_v3/ui_output_agent_53692_dispatch_16407/wstates3.json
my_code/gemm1opt_final4x4.d01-3.att/thread_trace/kernel/rpf_v3/ui_output_agent_53692_dispatch_16407/wstates4.json
