Running advanced-thread-trace-f4gemm_bf16_mxfp4_ABpreShuffle_64x256_moe_loadonly_v21-simd2: rocprofv3 -i my_code/.get_isa_runner_att_f4gemm_v21_moe_e96_t512_topk6_m7168_n3072.d01-3.20260903T0940Z.att_874/input_kernel_simd2.yaml -- env -u FLYDSL_DUMP_DIR PYTORCH_ALLOC_CONF=expandable_segments:True GPU_ARCHS=gfx1250 ENABLE_CK=0 AITER_FORCE_GFX1250=1 FLYDSL_DUMP_IR=0 AITER_LOG_MORE=1 python my_code/isa_runner/gemm_batch_isa_runner.py --isa ./my_code/f4gemm_bf16_mxfp4_ABpreShuffle_64x256_1x4_batch_ps/f4gemm_bf16_mxfp4_ABpreShuffle_64x256_1x4_batch_ps_loadonly_v21.s --experts 96 --tokens 512 --topk 6 --model-dim 7168 --inter-dim 3072 --iters 20 --clang /opt/rocm/llvm/bin/clang
W20260903 09:40:19.790323 133144052317760 simple_timer.cpp:55] [rocprofv3] tool initialization ::     0.030490 sec
W20260903 09:40:19.790536 133144052317760 simple_timer.cpp:55] [rocprofv3] 'env -u FLYDSL_DUMP_DIR PYTORCH_ALLOC_CONF=expandable_segments:True GPU_ARCHS=gfx1250 ENABLE_CK=0 AITER_FORCE_GFX1250=1 FLYDSL_DUMP_IR=0 AITER_LOG_MORE=1 python my_code/isa_runner/gemm_batch_isa_runner.py --isa ./my_code/f4gemm_bf16_mxfp4_ABpreShuffle_64x256_1x4_batch_ps/f4gemm_bf16_mxfp4_ABpreShuffle_64x256_1x4_batch_ps_loadonly_v21.s --experts 96 --tokens 512 --topk 6 --model-dim 7168 --inter-dim 3072 --iters 20 --clang /opt/rocm/llvm/bin/clang' ::     0.000000 sec
W20260903 09:40:19.845459 132146956414528 simple_timer.cpp:55] [rocprofv3] tool initialization ::     0.029815 sec
W20260903 09:40:19.845640 132146956414528 simple_timer.cpp:55] [rocprofv3] 'python my_code/isa_runner/gemm_batch_isa_runner.py --isa ./my_code/f4gemm_bf16_mxfp4_ABpreShuffle_64x256_1x4_batch_ps/f4gemm_bf16_mxfp4_ABpreShuffle_64x256_1x4_batch_ps_loadonly_v21.s --experts 96 --tokens 512 --topk 6 --model-dim 7168 --inter-dim 3072 --iters 20 --clang /opt/rocm/llvm/bin/clang' ::     0.000000 sec
W20260903 09:40:20.364030 132662855421504 simple_timer.cpp:55] [rocprofv3] tool initialization ::     0.030848 sec
W20260903 09:40:20.364224 132662855421504 simple_timer.cpp:55] [rocprofv3] '/opt/venv/bin/python /opt/venv/bin/offload-arch' ::     0.000000 sec
W20260903 09:40:20.445621 127514718588544 simple_timer.cpp:55] [rocprofv3] tool initialization ::     0.029275 sec
W20260903 09:40:20.445810 127514718588544 simple_timer.cpp:55] [rocprofv3] '/opt/venv/lib/python3.12/site-packages/_rocm_sdk_core/lib/llvm/bin/offload-arch' ::     0.000000 sec
W20260903 09:40:20.446025 127514718588544 simple_timer.cpp:55] [rocprofv3] '/opt/venv/lib/python3.12/site-packages/_rocm_sdk_core/lib/llvm/bin/offload-arch' ::     0.000215 sec
W20260903 09:40:20.446058 127514718588544 tool.cpp:2850] [ATT-DEBUG] advanced_thread_trace block entered; att_library_path='/data/yanguahe/code/wk_sp1/decoder_new'
W20260903 09:40:20.446167 127514718588544 tool.cpp:2854] [ATT-DEBUG] ATTDecoder constructed; valid=1
W20260903 09:40:20.446218 127514718588544 tool.cpp:2859] [ATT-DEBUG] codeobj count=1 att_filenames count=0 output_path=my_code/.get_isa_runner_att_f4gemm_v21_moe_e96_t512_topk6_m7168_n3072.d01-3.20260903T0940Z.att_874/thread_trace/simd2/kernel/rpf_v3
W20260903 09:40:20.446220 127514718588544 tool.cpp:2904] [ATT-DEBUG] advanced_thread_trace block complete
W20260903 09:40:20.446253 127514718588544 simple_timer.cpp:55] [rocprofv3] output generation ::     0.000201 sec
W20260903 09:40:20.446354 127514718588544 simple_timer.cpp:55] [rocprofv3] tool finalization ::     0.000304 sec
W20260903 09:40:21.282722 132146956414528 tool.cpp:2476] HSA version 1.18.0 initialized (instance=0)
W20260903 09:40:21.940576 132469634006592 simple_timer.cpp:55] [rocprofv3] tool initialization ::     0.030414 sec
W20260903 09:40:21.940793 132469634006592 simple_timer.cpp:55] [rocprofv3] '/opt/venv/bin/python /opt/venv/bin/hipconfig --version' ::     0.000000 sec
W20260903 09:40:22.012488 138755340717632 simple_timer.cpp:55] [rocprofv3] tool initialization ::     0.029630 sec
W20260903 09:40:22.012682 138755340717632 simple_timer.cpp:55] [rocprofv3] '/opt/venv/lib/python3.12/site-packages/_rocm_sdk_core/bin/hipconfig --version' ::     0.000000 sec
W20260903 09:40:22.012756 138755340717632 simple_timer.cpp:55] [rocprofv3] '/opt/venv/lib/python3.12/site-packages/_rocm_sdk_core/bin/hipconfig --version' ::     0.000074 sec
W20260903 09:40:22.012795 138755340717632 tool.cpp:2850] [ATT-DEBUG] advanced_thread_trace block entered; att_library_path='/data/yanguahe/code/wk_sp1/decoder_new'
W20260903 09:40:22.012901 138755340717632 tool.cpp:2854] [ATT-DEBUG] ATTDecoder constructed; valid=1
W20260903 09:40:22.012955 138755340717632 tool.cpp:2859] [ATT-DEBUG] codeobj count=1 att_filenames count=0 output_path=my_code/.get_isa_runner_att_f4gemm_v21_moe_e96_t512_topk6_m7168_n3072.d01-3.20260903T0940Z.att_874/thread_trace/simd2/kernel/rpf_v3
W20260903 09:40:22.012957 138755340717632 tool.cpp:2904] [ATT-DEBUG] advanced_thread_trace block complete
W20260903 09:40:22.012996 138755340717632 simple_timer.cpp:55] [rocprofv3] output generation ::     0.000207 sec
W20260903 09:40:22.013097 138755340717632 simple_timer.cpp:55] [rocprofv3] tool finalization ::     0.000313 sec
W20260903 09:40:22.078902 133378316885568 simple_timer.cpp:55] [rocprofv3] tool initialization ::     0.030432 sec
W20260903 09:40:22.079102 133378316885568 simple_timer.cpp:55] [rocprofv3] '/bin/sh -c cat /proc/sys/kernel/numa_balancing' ::     0.000000 sec
W20260903 09:40:22.135818 132848622763584 simple_timer.cpp:55] [rocprofv3] tool initialization ::     0.030877 sec
W20260903 09:40:22.135992 132848622763584 simple_timer.cpp:55] [rocprofv3] 'cat /proc/sys/kernel/numa_balancing' ::     0.000000 sec
W20260903 09:40:22.136152 132848622763584 simple_timer.cpp:55] [rocprofv3] 'cat /proc/sys/kernel/numa_balancing' ::     0.000160 sec
W20260903 09:40:22.136185 132848622763584 tool.cpp:2850] [ATT-DEBUG] advanced_thread_trace block entered; att_library_path='/data/yanguahe/code/wk_sp1/decoder_new'
W20260903 09:40:22.136294 132848622763584 tool.cpp:2854] [ATT-DEBUG] ATTDecoder constructed; valid=1
W20260903 09:40:22.136351 132848622763584 tool.cpp:2859] [ATT-DEBUG] codeobj count=1 att_filenames count=0 output_path=my_code/.get_isa_runner_att_f4gemm_v21_moe_e96_t512_topk6_m7168_n3072.d01-3.20260903T0940Z.att_874/thread_trace/simd2/kernel/rpf_v3
W20260903 09:40:22.136353 132848622763584 tool.cpp:2904] [ATT-DEBUG] advanced_thread_trace block complete
W20260903 09:40:22.136389 132848622763584 simple_timer.cpp:55] [rocprofv3] output generation ::     0.000210 sec
W20260903 09:40:22.136491 132848622763584 simple_timer.cpp:55] [rocprofv3] tool finalization ::     0.000315 sec
[aiter INFO] 2026-09-03 09:40:22.350 - MainProcess:2545 - /data/yanguahe/code/wk_sp1/aiter/aiter/jit/core.py:637 - get_module_custom_op
import [module_aiter_core] under /data/yanguahe/code/wk_sp1/aiter/aiter/jit/module_aiter_core.so
W20260903 09:40:22.636218 134725806468672 simple_timer.cpp:55] [rocprofv3] tool initialization ::     0.031162 sec
W20260903 09:40:22.636410 134725806468672 simple_timer.cpp:55] [rocprofv3] '/bin/sh /sbin/ldconfig -p' ::     0.000000 sec
E20260903 09:40:33.038927 132146956414528 output_stream.cpp:111] Opened result file: my_code/.get_isa_runner_att_f4gemm_v21_moe_e96_t512_topk6_m7168_n3072.d01-3.20260903T0940Z.att_874/thread_trace/simd2/kernel/rpf_v3/out_gfx1250_code_object_id_1.out
/data/yanguahe/code/wk_sp1/aiter/my_code/isa_runner/gemm_batch_isa_runner.py:858: UserWarning: expandable_segments not supported on this platform (Triggered internally at /__w/rocm-npi-dev/rocm-npi-dev/_therock/external-builds/pytorch/pytorch/c10/hip/HIPAllocatorConfig.h:40.)
  hidden = (torch.randn((contiguous_m, k)) * 0.5).to(torch.bfloat16).to(device)
E20260903 09:40:33.311455 132146956414528 output_stream.cpp:111] Opened result file: my_code/.get_isa_runner_att_f4gemm_v21_moe_e96_t512_topk6_m7168_n3072.d01-3.20260903T0940Z.att_874/thread_trace/simd2/kernel/rpf_v3/out_gfx1250_code_object_id_2.out
E20260903 09:40:33.334996 132146956414528 output_stream.cpp:111] Opened result file: my_code/.get_isa_runner_att_f4gemm_v21_moe_e96_t512_topk6_m7168_n3072.d01-3.20260903T0940Z.att_874/thread_trace/simd2/kernel/rpf_v3/out_gfx1250_code_object_id_3.out
E20260903 09:40:33.342187 132146956414528 output_stream.cpp:111] Opened result file: my_code/.get_isa_runner_att_f4gemm_v21_moe_e96_t512_topk6_m7168_n3072.d01-3.20260903T0940Z.att_874/thread_trace/simd2/kernel/rpf_v3/out_gfx1250_code_object_id_4.out
E20260903 09:40:33.353556 132146956414528 output_stream.cpp:111] Opened result file: my_code/.get_isa_runner_att_f4gemm_v21_moe_e96_t512_topk6_m7168_n3072.d01-3.20260903T0940Z.att_874/thread_trace/simd2/kernel/rpf_v3/out_gfx1250_code_object_id_5.out
E20260903 09:40:33.375113 132146956414528 output_stream.cpp:111] Opened result file: my_code/.get_isa_runner_att_f4gemm_v21_moe_e96_t512_topk6_m7168_n3072.d01-3.20260903T0940Z.att_874/thread_trace/simd2/kernel/rpf_v3/out_gfx1250_code_object_id_6.out
E20260903 09:40:33.405065 132146956414528 output_stream.cpp:111] Opened result file: my_code/.get_isa_runner_att_f4gemm_v21_moe_e96_t512_topk6_m7168_n3072.d01-3.20260903T0940Z.att_874/thread_trace/simd2/kernel/rpf_v3/out_gfx1250_code_object_id_7.out
E20260903 09:40:33.435326 132146956414528 output_stream.cpp:111] Opened result file: my_code/.get_isa_runner_att_f4gemm_v21_moe_e96_t512_topk6_m7168_n3072.d01-3.20260903T0940Z.att_874/thread_trace/simd2/kernel/rpf_v3/out_gfx1250_code_object_id_8.out
E20260903 09:40:33.462108 132146956414528 output_stream.cpp:111] Opened result file: my_code/.get_isa_runner_att_f4gemm_v21_moe_e96_t512_topk6_m7168_n3072.d01-3.20260903T0940Z.att_874/thread_trace/simd2/kernel/rpf_v3/out_gfx1250_code_object_id_9.out
E20260903 09:40:33.482498 132146956414528 output_stream.cpp:111] Opened result file: my_code/.get_isa_runner_att_f4gemm_v21_moe_e96_t512_topk6_m7168_n3072.d01-3.20260903T0940Z.att_874/thread_trace/simd2/kernel/rpf_v3/out_gfx1250_code_object_id_10.out
E20260903 09:40:33.512621 132146956414528 output_stream.cpp:111] Opened result file: my_code/.get_isa_runner_att_f4gemm_v21_moe_e96_t512_topk6_m7168_n3072.d01-3.20260903T0940Z.att_874/thread_trace/simd2/kernel/rpf_v3/out_gfx1250_code_object_id_11.out
E20260903 09:40:33.592482 132146956414528 output_stream.cpp:111] Opened result file: my_code/.get_isa_runner_att_f4gemm_v21_moe_e96_t512_topk6_m7168_n3072.d01-3.20260903T0940Z.att_874/thread_trace/simd2/kernel/rpf_v3/out_gfx1250_code_object_id_12.out
E20260903 09:40:33.665466 132146956414528 output_stream.cpp:111] Opened result file: my_code/.get_isa_runner_att_f4gemm_v21_moe_e96_t512_topk6_m7168_n3072.d01-3.20260903T0940Z.att_874/thread_trace/simd2/kernel/rpf_v3/out_gfx1250_code_object_id_13.out
E20260903 09:40:33.703355 132146956414528 output_stream.cpp:111] Opened result file: my_code/.get_isa_runner_att_f4gemm_v21_moe_e96_t512_topk6_m7168_n3072.d01-3.20260903T0940Z.att_874/thread_trace/simd2/kernel/rpf_v3/out_gfx1250_code_object_id_14.out
E20260903 09:40:33.746532 132146956414528 output_stream.cpp:111] Opened result file: my_code/.get_isa_runner_att_f4gemm_v21_moe_e96_t512_topk6_m7168_n3072.d01-3.20260903T0940Z.att_874/thread_trace/simd2/kernel/rpf_v3/out_gfx1250_code_object_id_15.out
E20260903 09:40:33.965424 132146956414528 output_stream.cpp:111] Opened result file: my_code/.get_isa_runner_att_f4gemm_v21_moe_e96_t512_topk6_m7168_n3072.d01-3.20260903T0940Z.att_874/thread_trace/simd2/kernel/rpf_v3/out_gfx1250_code_object_id_16.out
E20260903 09:40:33.971238 132146956414528 output_stream.cpp:111] Opened result file: my_code/.get_isa_runner_att_f4gemm_v21_moe_e96_t512_topk6_m7168_n3072.d01-3.20260903T0940Z.att_874/thread_trace/simd2/kernel/rpf_v3/out_gfx1250_code_object_id_17.out
E20260903 09:40:33.978669 132146956414528 output_stream.cpp:111] Opened result file: my_code/.get_isa_runner_att_f4gemm_v21_moe_e96_t512_topk6_m7168_n3072.d01-3.20260903T0940Z.att_874/thread_trace/simd2/kernel/rpf_v3/out_gfx1250_code_object_id_18.out
E20260903 09:40:33.996867 132146956414528 output_stream.cpp:111] Opened result file: my_code/.get_isa_runner_att_f4gemm_v21_moe_e96_t512_topk6_m7168_n3072.d01-3.20260903T0940Z.att_874/thread_trace/simd2/kernel/rpf_v3/out_gfx1250_code_object_id_19.out
E20260903 09:40:34.028815 132146956414528 output_stream.cpp:111] Opened result file: my_code/.get_isa_runner_att_f4gemm_v21_moe_e96_t512_topk6_m7168_n3072.d01-3.20260903T0940Z.att_874/thread_trace/simd2/kernel/rpf_v3/out_gfx1250_code_object_id_20.out
E20260903 09:40:34.085176 132146956414528 output_stream.cpp:111] Opened result file: my_code/.get_isa_runner_att_f4gemm_v21_moe_e96_t512_topk6_m7168_n3072.d01-3.20260903T0940Z.att_874/thread_trace/simd2/kernel/rpf_v3/out_gfx1250_code_object_id_21.out
E20260903 09:40:34.114555 132146956414528 output_stream.cpp:111] Opened result file: my_code/.get_isa_runner_att_f4gemm_v21_moe_e96_t512_topk6_m7168_n3072.d01-3.20260903T0940Z.att_874/thread_trace/simd2/kernel/rpf_v3/out_gfx1250_code_object_id_22.out
E20260903 09:40:34.118300 132146956414528 output_stream.cpp:111] Opened result file: my_code/.get_isa_runner_att_f4gemm_v21_moe_e96_t512_topk6_m7168_n3072.d01-3.20260903T0940Z.att_874/thread_trace/simd2/kernel/rpf_v3/out_gfx1250_code_object_id_23.out
E20260903 09:40:34.123671 132146956414528 output_stream.cpp:111] Opened result file: my_code/.get_isa_runner_att_f4gemm_v21_moe_e96_t512_topk6_m7168_n3072.d01-3.20260903T0940Z.att_874/thread_trace/simd2/kernel/rpf_v3/out_gfx1250_code_object_id_24.out
E20260903 09:40:34.270472 132146956414528 output_stream.cpp:111] Opened result file: my_code/.get_isa_runner_att_f4gemm_v21_moe_e96_t512_topk6_m7168_n3072.d01-3.20260903T0940Z.att_874/thread_trace/simd2/kernel/rpf_v3/out_gfx1250_code_object_id_25.out
E20260903 09:40:34.271927 132087103354560 output_stream.cpp:111] Opened result file: my_code/.get_isa_runner_att_f4gemm_v21_moe_e96_t512_topk6_m7168_n3072.d01-3.20260903T0940Z.att_874/thread_trace/simd2/kernel/rpf_v3/out_63112_shader_engine_0_3523.att
E20260903 09:40:34.272262 132087103354560 output_stream.cpp:111] Opened result file: my_code/.get_isa_runner_att_f4gemm_v21_moe_e96_t512_topk6_m7168_n3072.d01-3.20260903T0940Z.att_874/thread_trace/simd2/kernel/rpf_v3/out_63112_shader_engine_1_3523.att
E20260903 09:40:34.272546 132087103354560 output_stream.cpp:111] Opened result file: my_code/.get_isa_runner_att_f4gemm_v21_moe_e96_t512_topk6_m7168_n3072.d01-3.20260903T0940Z.att_874/thread_trace/simd2/kernel/rpf_v3/out_63112_shader_engine_2_3523.att
E20260903 09:40:34.272821 132087103354560 output_stream.cpp:111] Opened result file: my_code/.get_isa_runner_att_f4gemm_v21_moe_e96_t512_topk6_m7168_n3072.d01-3.20260903T0940Z.att_874/thread_trace/simd2/kernel/rpf_v3/out_63112_shader_engine_3_3523.att
/opt/venv/lib/python3.12/site-packages/torch/profiler/profiler.py:217: UserWarning: Warning: Profiler clears events at the end of each cycle.Only events from the current cycle will be reported.To keep events across cycles, set acc_events=True.
  _warn_once(
[W903 09:40:34.105274908 collection.cpp:1148] Warning: ROCTracer produced duplicate flow start: 1 (function operator())
[gemm_batch_isa_runner] MoE user parameters: experts=96; tokens=512; topk=6; model_dim=7168; inter_dim=3072
[gemm_batch_isa_runner] MoE derived contract: valid_routes=3072; valid_rows/expert=32; raw GEMM shape=(64, 6144, 7168); contiguous_m=9216; logical WG grid=(24,144,1); physical grid=(3456, 1, 1); working WGs=2304; tail WGs=1152; expert tile padding rows=3072; tail capacity rows=3072
[gemm_batch_isa_runner] selected profile: a4w4-moe-v21-v18v2-load-pattern-loadonly; symbol=f4gemm_bf16_mxfp4_ABpreShuffle_64x256_moe_loadonly_v21; shape=(64, 6144, 7168); WG tile=(64, 256); wave tile=(64, 64); batch=96
[gemm_batch_isa_runner] logical WG grid=(24, 144, 1); WG tasks total=3456; logical cluster grid=(24, 144, 1); cluster tasks/plane=3456; cluster tasks total=3456
[gemm_batch_isa_runner] physical launch=(3456, 1, 1); block=(128, 1, 1); cluster=(1, 1, 1); physical cluster grid=(3456, 1, 1); clusters/plane=3456; clusters total=3456; physical WGs/plane=3456; physical WGs total=3456; encoded recurrence stride/plane=0; log2 X/Y grid=(0, 0)
[gemm_batch_isa_runner] ABI=a8w4-moe-tdm-v1; kernarg=184 bytes; static LDS=202 KB; dynamic LDS=0 KB; WGs/WGP by LDS=1 (LDS budget=320 KB); VGPR/SGPR metadata=384/106; stores to D=False
[gemm_batch_isa_runner] selected clang: /opt/venv/lib/python3.12/site-packages/_rocm_sdk_core/lib/llvm/bin/clang
[gemm_batch_isa_runner] /opt/venv/lib/python3.12/site-packages/_rocm_sdk_core/lib/llvm/bin/clang -x assembler -target amdgcn-amd-amdhsa -mcpu=gfx1250 -mcode-object-version=6 -c /data/yanguahe/code/wk_sp1/aiter/my_code/f4gemm_bf16_mxfp4_ABpreShuffle_64x256_1x4_batch_ps/f4gemm_bf16_mxfp4_ABpreShuffle_64x256_1x4_batch_ps_loadonly_v21.s -o /tmp/gemm_batch_isa_runner_oh12fbxp/f4gemm_bf16_mxfp4_ABpreShuffle_64x256_moe_loadonly_v21.o
[gemm_batch_isa_runner] /opt/venv/lib/python3.12/site-packages/_rocm_sdk_core/lib/llvm/bin/clang -target amdgcn-amd-amdhsa -mcpu=gfx1250 -mcode-object-version=6 -nostdlib -Wl,--no-undefined -shared /tmp/gemm_batch_isa_runner_oh12fbxp/f4gemm_bf16_mxfp4_ABpreShuffle_64x256_moe_loadonly_v21.o -o /tmp/gemm_batch_isa_runner_oh12fbxp/f4gemm_bf16_mxfp4_ABpreShuffle_64x256_moe_loadonly_v21.co
[gemm_isa_runner] AITER_LOG_MORE trace remains explicit; temporarily setting it to 0 inside run_perftest to avoid its additional CUDA-event iteration pass

[gemm_isa_runner run_perftest trace_df]
                                                                 name   cnt  host_time_sum  device_time_sum  device_time_avg device_type device_index
0              f4gemm_bf16_mxfp4_ABpreShuffle_64x256_moe_loadonly_v21  19.0       0.000000        39.598000         2.084105        CUDA            2
1                           gemm_isa_runner_2545::launch_781177390d60  19.0      39.598000         0.000000         0.000000         CPU         2545
[avg us/iter]                                                     NaN   NaN       2.084105         2.084105              NaN         NaN          NaN
[gemm_isa_runner] captured kernel name=f4gemm_bf16_mxfp4_ABpreShuffle_64x256_moe_loadonly_v21
[gemm_isa_runner] profiler count=19; device_time_sum=39.5980 us; device_time_avg=2.0841 us; profiler device_index=2; requested torch device ordinal=0
[gemm_isa_runner] timing source=run_perftest testGraph=False torch-profiler; testGraph=False; run_perftest _us=2.0841
[gemm_batch_isa_runner] useful logical logical_read_bytes=2257747968; logical_write_bytes=0 (stores output=False; detected mnemonic=none); logical_bytes=read+write=2257747968
[gemm_batch_isa_runner] MoE stage-1 a4w4: experts=96 rows/expert=64 (32 valid) routed_m=6144 contiguous_m=9216 N=6144 K=7168; m_tiles=96 carry data x n_tiles=24 = 2304 working WGs of grid=(3456, 1, 1) (1152 exit at entry)
[gemm_batch_isa_runner] useful logical read components: A MXFP4=11010048; ScaleA E8M0=688128; B MXFP4=2113929216; ScaleB E8M0=132120576; read total=2257747968
[gemm_batch_isa_runner] useful logical output formula: 3072 valid routed rows x 3072 BF16 columns x 2 bytes = 18874368; output allocation footprint=56623104 (9216 capacity rows); logical_write_bytes=0
[gemm_batch_isa_runner] scheduled/padding context (excluded from useful bytes): rows/expert=64; valid/expert=32; active m_tiles=96; working WGs=2304; tail capacity rows=3072; tensor footprints A=33030144 B=2113929216 sA=2064384 sB=132120576
run_perftest kernel timing (microseconds; source=run_perftest testGraph=False torch-profiler; summary uses the captured target-row device_time_avg):
| name                                                   | cnt | warmup | device_time_sum | device_time_avg | device_type | device_index | source                                      |
| ------------------------------------------------------ | --- | ------ | --------------- | --------------- | ----------- | ------------ | ------------------------------------------- |
| f4gemm_bf16_mxfp4_ABpreShuffle_64x256_moe_loadonly_v21 | 19  | 101    | 39.5980         | 2.0841          | CUDA        | 2            | run_perftest testGraph=False torch-profiler |
GEMM ISA runner summary (markdown; profile=a4w4-moe-v21-v18v2-load-pattern-loadonly; symbol=f4gemm_bf16_mxfp4_ABpreShuffle_64x256_moe_loadonly_v21):
| intype | batch | M  | N    | K    | apre | init   | seed | dtype | gfx     | logical cluster tasks/plane | physical clusters/plane | physical WGs/plane | encoded recurrence stride/plane | ref hash128         | gemm_a4w4 us | gemm_a4w4 TFLOPS | gemm_a4w4 bytes | gemm_a4w4 TB/s | gemm_a4w4 err       | gemm_a4w4 out hash128 | gemm_a4w4 max_err_info | gemm_a4w4 rel_l2    |
| ------ | ----- | -- | ---- | ---- | ---- | ------ | ---- | ----- | ------- | --------------------------- | ----------------------- | ------------------ | ------------------------------- | ------------------- | ------------ | ---------------- | --------------- | -------------- | ------------------- | --------------------- | ---------------------- | ------------------- |
| a4w4   | 96    | 64 | 6144 | 7168 | 1    | random | 0    | bf16  | gfx1250 | 3456                        | 3456                    | 3456               | 0                               | n/a (not validated) | 2.084        | n/a (no store)   | 2257747968      | 985.272        | n/a (not validated) | n/a (not validated)   | n/a (not validated)    | n/a (not validated) |
E20260903 09:40:34.767203 132146956414528 output_stream.cpp:111] Opened result file: my_code/.get_isa_runner_att_f4gemm_v21_moe_e96_t512_topk6_m7168_n3072.d01-3.20260903T0940Z.att_874/thread_trace/simd2/kernel/rpf_v3/out_agent_info.csv
W20260903 09:40:34.767259 132146956414528 tool.cpp:2850] [ATT-DEBUG] advanced_thread_trace block entered; att_library_path='/data/yanguahe/code/wk_sp1/decoder_new'
W20260903 09:40:34.767509 132146956414528 tool.cpp:2854] [ATT-DEBUG] ATTDecoder constructed; valid=1
W20260903 09:40:34.767558 132146956414528 tool.cpp:2859] [ATT-DEBUG] codeobj count=26 att_filenames count=1 output_path=my_code/.get_isa_runner_att_f4gemm_v21_moe_e96_t512_topk6_m7168_n3072.d01-3.20260903T0940Z.att_874/thread_trace/simd2/kernel/rpf_v3
W20260903 09:40:34.767561 132146956414528 tool.cpp:2885] [ATT-DEBUG] parse() begin dispatch_id=3523 shader_files=4 out_path=my_code/.get_isa_runner_att_f4gemm_v21_moe_e96_t512_topk6_m7168_n3072.d01-3.20260903T0940Z.att_874/thread_trace/simd2/kernel/rpf_v3/ui_output_agent_63112_dispatch_3523
W20260903 09:40:34.962041 132146956414528 tool.cpp:2892] [ATT-DEBUG] parse() OK dispatch_id=3523
W20260903 09:40:34.962053 132146956414528 tool.cpp:2904] [ATT-DEBUG] advanced_thread_trace block complete
W20260903 09:40:34.962338 132146956414528 simple_timer.cpp:55] [rocprofv3] output generation ::     0.196656 sec
W20260903 09:40:34.964058 132146956414528 simple_timer.cpp:55] [rocprofv3] tool finalization ::     0.198382 sec
advanced-thread-trace-f4gemm_bf16_mxfp4_ABpreShuffle_64x256_moe_loadonly_v21-simd2 exit status: 0
ATT artifact found: my_code/.get_isa_runner_att_f4gemm_v21_moe_e96_t512_topk6_m7168_n3072.d01-3.20260903T0940Z.att_874/thread_trace/simd2/kernel/rpf_v3/out_63112_shader_engine_1_3523.att
