Collected single-kernel trace files:
my_code/f4gemm_v21_moe_e96_t512_topk6_m7168_n3072.d01-3.20260903T0940Z.att/input_kernel_simd0.yaml
my_code/f4gemm_v21_moe_e96_t512_topk6_m7168_n3072.d01-3.20260903T0940Z.att/input_kernel_simd1.yaml
my_code/f4gemm_v21_moe_e96_t512_topk6_m7168_n3072.d01-3.20260903T0940Z.att/input_kernel_simd2.yaml
my_code/f4gemm_v21_moe_e96_t512_topk6_m7168_n3072.d01-3.20260903T0940Z.att/input_kernel_simd3.yaml
my_code/f4gemm_v21_moe_e96_t512_topk6_m7168_n3072.d01-3.20260903T0940Z.att/kernel_trace/heliosr-1b114-d01-3/903_results.db
my_code/f4gemm_v21_moe_e96_t512_topk6_m7168_n3072.d01-3.20260903T0940Z.att/logs/01_kernel_trace_stats.log
my_code/f4gemm_v21_moe_e96_t512_topk6_m7168_n3072.d01-3.20260903T0940Z.att/logs/02_thread_trace_kernel_simd0.log
my_code/f4gemm_v21_moe_e96_t512_topk6_m7168_n3072.d01-3.20260903T0940Z.att/logs/02_thread_trace_kernel_simd1.log
my_code/f4gemm_v21_moe_e96_t512_topk6_m7168_n3072.d01-3.20260903T0940Z.att/logs/02_thread_trace_kernel_simd2.log
my_code/f4gemm_v21_moe_e96_t512_topk6_m7168_n3072.d01-3.20260903T0940Z.att/logs/02_thread_trace_kernel_simd3.log
my_code/f4gemm_v21_moe_e96_t512_topk6_m7168_n3072.d01-3.20260903T0940Z.att/logs/att_simd_status.log
my_code/f4gemm_v21_moe_e96_t512_topk6_m7168_n3072.d01-3.20260903T0940Z.att/logs/environment.log
my_code/f4gemm_v21_moe_e96_t512_topk6_m7168_n3072.d01-3.20260903T0940Z.att/logs/trace_decoder.log
my_code/f4gemm_v21_moe_e96_t512_topk6_m7168_n3072.d01-3.20260903T0940Z.att/summary.log
my_code/f4gemm_v21_moe_e96_t512_topk6_m7168_n3072.d01-3.20260903T0940Z.att/thread_trace/simd0/kernel/rpf_v3/out_59740_shader_engine_0_3523.att
my_code/f4gemm_v21_moe_e96_t512_topk6_m7168_n3072.d01-3.20260903T0940Z.att/thread_trace/simd0/kernel/rpf_v3/out_59740_shader_engine_1_3523.att
my_code/f4gemm_v21_moe_e96_t512_topk6_m7168_n3072.d01-3.20260903T0940Z.att/thread_trace/simd0/kernel/rpf_v3/out_59740_shader_engine_2_3523.att
my_code/f4gemm_v21_moe_e96_t512_topk6_m7168_n3072.d01-3.20260903T0940Z.att/thread_trace/simd0/kernel/rpf_v3/out_59740_shader_engine_3_3523.att
my_code/f4gemm_v21_moe_e96_t512_topk6_m7168_n3072.d01-3.20260903T0940Z.att/thread_trace/simd0/kernel/rpf_v3/out_agent_info.csv
my_code/f4gemm_v21_moe_e96_t512_topk6_m7168_n3072.d01-3.20260903T0940Z.att/thread_trace/simd0/kernel/rpf_v3/out_gfx1250_code_object_id_1.out
my_code/f4gemm_v21_moe_e96_t512_topk6_m7168_n3072.d01-3.20260903T0940Z.att/thread_trace/simd0/kernel/rpf_v3/out_gfx1250_code_object_id_10.out
my_code/f4gemm_v21_moe_e96_t512_topk6_m7168_n3072.d01-3.20260903T0940Z.att/thread_trace/simd0/kernel/rpf_v3/out_gfx1250_code_object_id_11.out
my_code/f4gemm_v21_moe_e96_t512_topk6_m7168_n3072.d01-3.20260903T0940Z.att/thread_trace/simd0/kernel/rpf_v3/out_gfx1250_code_object_id_12.out
my_code/f4gemm_v21_moe_e96_t512_topk6_m7168_n3072.d01-3.20260903T0940Z.att/thread_trace/simd0/kernel/rpf_v3/out_gfx1250_code_object_id_13.out
my_code/f4gemm_v21_moe_e96_t512_topk6_m7168_n3072.d01-3.20260903T0940Z.att/thread_trace/simd0/kernel/rpf_v3/out_gfx1250_code_object_id_14.out
my_code/f4gemm_v21_moe_e96_t512_topk6_m7168_n3072.d01-3.20260903T0940Z.att/thread_trace/simd0/kernel/rpf_v3/out_gfx1250_code_object_id_15.out
my_code/f4gemm_v21_moe_e96_t512_topk6_m7168_n3072.d01-3.20260903T0940Z.att/thread_trace/simd0/kernel/rpf_v3/out_gfx1250_code_object_id_16.out
my_code/f4gemm_v21_moe_e96_t512_topk6_m7168_n3072.d01-3.20260903T0940Z.att/thread_trace/simd0/kernel/rpf_v3/out_gfx1250_code_object_id_17.out
my_code/f4gemm_v21_moe_e96_t512_topk6_m7168_n3072.d01-3.20260903T0940Z.att/thread_trace/simd0/kernel/rpf_v3/out_gfx1250_code_object_id_18.out
my_code/f4gemm_v21_moe_e96_t512_topk6_m7168_n3072.d01-3.20260903T0940Z.att/thread_trace/simd0/kernel/rpf_v3/out_gfx1250_code_object_id_19.out
my_code/f4gemm_v21_moe_e96_t512_topk6_m7168_n3072.d01-3.20260903T0940Z.att/thread_trace/simd0/kernel/rpf_v3/out_gfx1250_code_object_id_2.out
my_code/f4gemm_v21_moe_e96_t512_topk6_m7168_n3072.d01-3.20260903T0940Z.att/thread_trace/simd0/kernel/rpf_v3/out_gfx1250_code_object_id_20.out
my_code/f4gemm_v21_moe_e96_t512_topk6_m7168_n3072.d01-3.20260903T0940Z.att/thread_trace/simd0/kernel/rpf_v3/out_gfx1250_code_object_id_21.out
my_code/f4gemm_v21_moe_e96_t512_topk6_m7168_n3072.d01-3.20260903T0940Z.att/thread_trace/simd0/kernel/rpf_v3/out_gfx1250_code_object_id_22.out
my_code/f4gemm_v21_moe_e96_t512_topk6_m7168_n3072.d01-3.20260903T0940Z.att/thread_trace/simd0/kernel/rpf_v3/out_gfx1250_code_object_id_23.out
my_code/f4gemm_v21_moe_e96_t512_topk6_m7168_n3072.d01-3.20260903T0940Z.att/thread_trace/simd0/kernel/rpf_v3/out_gfx1250_code_object_id_24.out
my_code/f4gemm_v21_moe_e96_t512_topk6_m7168_n3072.d01-3.20260903T0940Z.att/thread_trace/simd0/kernel/rpf_v3/out_gfx1250_code_object_id_25.out
my_code/f4gemm_v21_moe_e96_t512_topk6_m7168_n3072.d01-3.20260903T0940Z.att/thread_trace/simd0/kernel/rpf_v3/out_gfx1250_code_object_id_3.out
my_code/f4gemm_v21_moe_e96_t512_topk6_m7168_n3072.d01-3.20260903T0940Z.att/thread_trace/simd0/kernel/rpf_v3/out_gfx1250_code_object_id_4.out
my_code/f4gemm_v21_moe_e96_t512_topk6_m7168_n3072.d01-3.20260903T0940Z.att/thread_trace/simd0/kernel/rpf_v3/out_gfx1250_code_object_id_5.out
my_code/f4gemm_v21_moe_e96_t512_topk6_m7168_n3072.d01-3.20260903T0940Z.att/thread_trace/simd0/kernel/rpf_v3/out_gfx1250_code_object_id_6.out
my_code/f4gemm_v21_moe_e96_t512_topk6_m7168_n3072.d01-3.20260903T0940Z.att/thread_trace/simd0/kernel/rpf_v3/out_gfx1250_code_object_id_7.out
my_code/f4gemm_v21_moe_e96_t512_topk6_m7168_n3072.d01-3.20260903T0940Z.att/thread_trace/simd0/kernel/rpf_v3/out_gfx1250_code_object_id_8.out
my_code/f4gemm_v21_moe_e96_t512_topk6_m7168_n3072.d01-3.20260903T0940Z.att/thread_trace/simd0/kernel/rpf_v3/out_gfx1250_code_object_id_9.out
my_code/f4gemm_v21_moe_e96_t512_topk6_m7168_n3072.d01-3.20260903T0940Z.att/thread_trace/simd0/kernel/rpf_v3/stats_ui_output_agent_59740_dispatch_3523.csv
my_code/f4gemm_v21_moe_e96_t512_topk6_m7168_n3072.d01-3.20260903T0940Z.att/thread_trace/simd0/kernel/rpf_v3/ui_output_agent_59740_dispatch_3523/code.json
my_code/f4gemm_v21_moe_e96_t512_topk6_m7168_n3072.d01-3.20260903T0940Z.att/thread_trace/simd0/kernel/rpf_v3/ui_output_agent_59740_dispatch_3523/filenames.json
my_code/f4gemm_v21_moe_e96_t512_topk6_m7168_n3072.d01-3.20260903T0940Z.att/thread_trace/simd0/kernel/rpf_v3/ui_output_agent_59740_dispatch_3523/occupancy.json
my_code/f4gemm_v21_moe_e96_t512_topk6_m7168_n3072.d01-3.20260903T0940Z.att/thread_trace/simd0/kernel/rpf_v3/ui_output_agent_59740_dispatch_3523/realtime.json
my_code/f4gemm_v21_moe_e96_t512_topk6_m7168_n3072.d01-3.20260903T0940Z.att/thread_trace/simd0/kernel/rpf_v3/ui_output_agent_59740_dispatch_3523/se0_sm0_sl0_wv0.json
my_code/f4gemm_v21_moe_e96_t512_topk6_m7168_n3072.d01-3.20260903T0940Z.att/thread_trace/simd0/kernel/rpf_v3/ui_output_agent_59740_dispatch_3523/se0_sm0_sl0_wv1.json
my_code/f4gemm_v21_moe_e96_t512_topk6_m7168_n3072.d01-3.20260903T0940Z.att/thread_trace/simd0/kernel/rpf_v3/ui_output_agent_59740_dispatch_3523/se0_sm0_sl0_wv10.json
my_code/f4gemm_v21_moe_e96_t512_topk6_m7168_n3072.d01-3.20260903T0940Z.att/thread_trace/simd0/kernel/rpf_v3/ui_output_agent_59740_dispatch_3523/se0_sm0_sl0_wv11.json
my_code/f4gemm_v21_moe_e96_t512_topk6_m7168_n3072.d01-3.20260903T0940Z.att/thread_trace/simd0/kernel/rpf_v3/ui_output_agent_59740_dispatch_3523/se0_sm0_sl0_wv12.json
my_code/f4gemm_v21_moe_e96_t512_topk6_m7168_n3072.d01-3.20260903T0940Z.att/thread_trace/simd0/kernel/rpf_v3/ui_output_agent_59740_dispatch_3523/se0_sm0_sl0_wv13.json
my_code/f4gemm_v21_moe_e96_t512_topk6_m7168_n3072.d01-3.20260903T0940Z.att/thread_trace/simd0/kernel/rpf_v3/ui_output_agent_59740_dispatch_3523/se0_sm0_sl0_wv14.json
my_code/f4gemm_v21_moe_e96_t512_topk6_m7168_n3072.d01-3.20260903T0940Z.att/thread_trace/simd0/kernel/rpf_v3/ui_output_agent_59740_dispatch_3523/se0_sm0_sl0_wv2.json
my_code/f4gemm_v21_moe_e96_t512_topk6_m7168_n3072.d01-3.20260903T0940Z.att/thread_trace/simd0/kernel/rpf_v3/ui_output_agent_59740_dispatch_3523/se0_sm0_sl0_wv3.json
my_code/f4gemm_v21_moe_e96_t512_topk6_m7168_n3072.d01-3.20260903T0940Z.att/thread_trace/simd0/kernel/rpf_v3/ui_output_agent_59740_dispatch_3523/se0_sm0_sl0_wv4.json
my_code/f4gemm_v21_moe_e96_t512_topk6_m7168_n3072.d01-3.20260903T0940Z.att/thread_trace/simd0/kernel/rpf_v3/ui_output_agent_59740_dispatch_3523/se0_sm0_sl0_wv5.json
my_code/f4gemm_v21_moe_e96_t512_topk6_m7168_n3072.d01-3.20260903T0940Z.att/thread_trace/simd0/kernel/rpf_v3/ui_output_agent_59740_dispatch_3523/se0_sm0_sl0_wv6.json
my_code/f4gemm_v21_moe_e96_t512_topk6_m7168_n3072.d01-3.20260903T0940Z.att/thread_trace/simd0/kernel/rpf_v3/ui_output_agent_59740_dispatch_3523/se0_sm0_sl0_wv7.json
my_code/f4gemm_v21_moe_e96_t512_topk6_m7168_n3072.d01-3.20260903T0940Z.att/thread_trace/simd0/kernel/rpf_v3/ui_output_agent_59740_dispatch_3523/se0_sm0_sl0_wv8.json
my_code/f4gemm_v21_moe_e96_t512_topk6_m7168_n3072.d01-3.20260903T0940Z.att/thread_trace/simd0/kernel/rpf_v3/ui_output_agent_59740_dispatch_3523/se0_sm0_sl0_wv9.json
my_code/f4gemm_v21_moe_e96_t512_topk6_m7168_n3072.d01-3.20260903T0940Z.att/thread_trace/simd0/kernel/rpf_v3/ui_output_agent_59740_dispatch_3523/se1_sm0_sl0_wv0.json
my_code/f4gemm_v21_moe_e96_t512_topk6_m7168_n3072.d01-3.20260903T0940Z.att/thread_trace/simd0/kernel/rpf_v3/ui_output_agent_59740_dispatch_3523/se1_sm0_sl0_wv1.json
my_code/f4gemm_v21_moe_e96_t512_topk6_m7168_n3072.d01-3.20260903T0940Z.att/thread_trace/simd0/kernel/rpf_v3/ui_output_agent_59740_dispatch_3523/se1_sm0_sl0_wv10.json
my_code/f4gemm_v21_moe_e96_t512_topk6_m7168_n3072.d01-3.20260903T0940Z.att/thread_trace/simd0/kernel/rpf_v3/ui_output_agent_59740_dispatch_3523/se1_sm0_sl0_wv11.json
my_code/f4gemm_v21_moe_e96_t512_topk6_m7168_n3072.d01-3.20260903T0940Z.att/thread_trace/simd0/kernel/rpf_v3/ui_output_agent_59740_dispatch_3523/se1_sm0_sl0_wv12.json
my_code/f4gemm_v21_moe_e96_t512_topk6_m7168_n3072.d01-3.20260903T0940Z.att/thread_trace/simd0/kernel/rpf_v3/ui_output_agent_59740_dispatch_3523/se1_sm0_sl0_wv13.json
my_code/f4gemm_v21_moe_e96_t512_topk6_m7168_n3072.d01-3.20260903T0940Z.att/thread_trace/simd0/kernel/rpf_v3/ui_output_agent_59740_dispatch_3523/se1_sm0_sl0_wv14.json
my_code/f4gemm_v21_moe_e96_t512_topk6_m7168_n3072.d01-3.20260903T0940Z.att/thread_trace/simd0/kernel/rpf_v3/ui_output_agent_59740_dispatch_3523/se1_sm0_sl0_wv15.json
my_code/f4gemm_v21_moe_e96_t512_topk6_m7168_n3072.d01-3.20260903T0940Z.att/thread_trace/simd0/kernel/rpf_v3/ui_output_agent_59740_dispatch_3523/se1_sm0_sl0_wv2.json
my_code/f4gemm_v21_moe_e96_t512_topk6_m7168_n3072.d01-3.20260903T0940Z.att/thread_trace/simd0/kernel/rpf_v3/ui_output_agent_59740_dispatch_3523/se1_sm0_sl0_wv3.json
my_code/f4gemm_v21_moe_e96_t512_topk6_m7168_n3072.d01-3.20260903T0940Z.att/thread_trace/simd0/kernel/rpf_v3/ui_output_agent_59740_dispatch_3523/se1_sm0_sl0_wv4.json
my_code/f4gemm_v21_moe_e96_t512_topk6_m7168_n3072.d01-3.20260903T0940Z.att/thread_trace/simd0/kernel/rpf_v3/ui_output_agent_59740_dispatch_3523/se1_sm0_sl0_wv5.json
my_code/f4gemm_v21_moe_e96_t512_topk6_m7168_n3072.d01-3.20260903T0940Z.att/thread_trace/simd0/kernel/rpf_v3/ui_output_agent_59740_dispatch_3523/se1_sm0_sl0_wv6.json
my_code/f4gemm_v21_moe_e96_t512_topk6_m7168_n3072.d01-3.20260903T0940Z.att/thread_trace/simd0/kernel/rpf_v3/ui_output_agent_59740_dispatch_3523/se1_sm0_sl0_wv7.json
my_code/f4gemm_v21_moe_e96_t512_topk6_m7168_n3072.d01-3.20260903T0940Z.att/thread_trace/simd0/kernel/rpf_v3/ui_output_agent_59740_dispatch_3523/se1_sm0_sl0_wv8.json
my_code/f4gemm_v21_moe_e96_t512_topk6_m7168_n3072.d01-3.20260903T0940Z.att/thread_trace/simd0/kernel/rpf_v3/ui_output_agent_59740_dispatch_3523/se1_sm0_sl0_wv9.json
my_code/f4gemm_v21_moe_e96_t512_topk6_m7168_n3072.d01-3.20260903T0940Z.att/thread_trace/simd0/kernel/rpf_v3/ui_output_agent_59740_dispatch_3523/se2_sm0_sl0_wv0.json
my_code/f4gemm_v21_moe_e96_t512_topk6_m7168_n3072.d01-3.20260903T0940Z.att/thread_trace/simd0/kernel/rpf_v3/ui_output_agent_59740_dispatch_3523/se2_sm0_sl0_wv1.json
my_code/f4gemm_v21_moe_e96_t512_topk6_m7168_n3072.d01-3.20260903T0940Z.att/thread_trace/simd0/kernel/rpf_v3/ui_output_agent_59740_dispatch_3523/se2_sm0_sl0_wv10.json
my_code/f4gemm_v21_moe_e96_t512_topk6_m7168_n3072.d01-3.20260903T0940Z.att/thread_trace/simd0/kernel/rpf_v3/ui_output_agent_59740_dispatch_3523/se2_sm0_sl0_wv11.json
my_code/f4gemm_v21_moe_e96_t512_topk6_m7168_n3072.d01-3.20260903T0940Z.att/thread_trace/simd0/kernel/rpf_v3/ui_output_agent_59740_dispatch_3523/se2_sm0_sl0_wv12.json
my_code/f4gemm_v21_moe_e96_t512_topk6_m7168_n3072.d01-3.20260903T0940Z.att/thread_trace/simd0/kernel/rpf_v3/ui_output_agent_59740_dispatch_3523/se2_sm0_sl0_wv13.json
my_code/f4gemm_v21_moe_e96_t512_topk6_m7168_n3072.d01-3.20260903T0940Z.att/thread_trace/simd0/kernel/rpf_v3/ui_output_agent_59740_dispatch_3523/se2_sm0_sl0_wv14.json
my_code/f4gemm_v21_moe_e96_t512_topk6_m7168_n3072.d01-3.20260903T0940Z.att/thread_trace/simd0/kernel/rpf_v3/ui_output_agent_59740_dispatch_3523/se2_sm0_sl0_wv15.json
my_code/f4gemm_v21_moe_e96_t512_topk6_m7168_n3072.d01-3.20260903T0940Z.att/thread_trace/simd0/kernel/rpf_v3/ui_output_agent_59740_dispatch_3523/se2_sm0_sl0_wv16.json
my_code/f4gemm_v21_moe_e96_t512_topk6_m7168_n3072.d01-3.20260903T0940Z.att/thread_trace/simd0/kernel/rpf_v3/ui_output_agent_59740_dispatch_3523/se2_sm0_sl0_wv17.json
my_code/f4gemm_v21_moe_e96_t512_topk6_m7168_n3072.d01-3.20260903T0940Z.att/thread_trace/simd0/kernel/rpf_v3/ui_output_agent_59740_dispatch_3523/se2_sm0_sl0_wv18.json
my_code/f4gemm_v21_moe_e96_t512_topk6_m7168_n3072.d01-3.20260903T0940Z.att/thread_trace/simd0/kernel/rpf_v3/ui_output_agent_59740_dispatch_3523/se2_sm0_sl0_wv19.json
my_code/f4gemm_v21_moe_e96_t512_topk6_m7168_n3072.d01-3.20260903T0940Z.att/thread_trace/simd0/kernel/rpf_v3/ui_output_agent_59740_dispatch_3523/se2_sm0_sl0_wv2.json
my_code/f4gemm_v21_moe_e96_t512_topk6_m7168_n3072.d01-3.20260903T0940Z.att/thread_trace/simd0/kernel/rpf_v3/ui_output_agent_59740_dispatch_3523/se2_sm0_sl0_wv20.json
my_code/f4gemm_v21_moe_e96_t512_topk6_m7168_n3072.d01-3.20260903T0940Z.att/thread_trace/simd0/kernel/rpf_v3/ui_output_agent_59740_dispatch_3523/se2_sm0_sl0_wv3.json
my_code/f4gemm_v21_moe_e96_t512_topk6_m7168_n3072.d01-3.20260903T0940Z.att/thread_trace/simd0/kernel/rpf_v3/ui_output_agent_59740_dispatch_3523/se2_sm0_sl0_wv4.json
my_code/f4gemm_v21_moe_e96_t512_topk6_m7168_n3072.d01-3.20260903T0940Z.att/thread_trace/simd0/kernel/rpf_v3/ui_output_agent_59740_dispatch_3523/se2_sm0_sl0_wv5.json
my_code/f4gemm_v21_moe_e96_t512_topk6_m7168_n3072.d01-3.20260903T0940Z.att/thread_trace/simd0/kernel/rpf_v3/ui_output_agent_59740_dispatch_3523/se2_sm0_sl0_wv6.json
my_code/f4gemm_v21_moe_e96_t512_topk6_m7168_n3072.d01-3.20260903T0940Z.att/thread_trace/simd0/kernel/rpf_v3/ui_output_agent_59740_dispatch_3523/se2_sm0_sl0_wv7.json
my_code/f4gemm_v21_moe_e96_t512_topk6_m7168_n3072.d01-3.20260903T0940Z.att/thread_trace/simd0/kernel/rpf_v3/ui_output_agent_59740_dispatch_3523/se2_sm0_sl0_wv8.json
my_code/f4gemm_v21_moe_e96_t512_topk6_m7168_n3072.d01-3.20260903T0940Z.att/thread_trace/simd0/kernel/rpf_v3/ui_output_agent_59740_dispatch_3523/se2_sm0_sl0_wv9.json
my_code/f4gemm_v21_moe_e96_t512_topk6_m7168_n3072.d01-3.20260903T0940Z.att/thread_trace/simd0/kernel/rpf_v3/ui_output_agent_59740_dispatch_3523/se3_sm0_sl0_wv0.json
my_code/f4gemm_v21_moe_e96_t512_topk6_m7168_n3072.d01-3.20260903T0940Z.att/thread_trace/simd0/kernel/rpf_v3/ui_output_agent_59740_dispatch_3523/se3_sm0_sl0_wv1.json
my_code/f4gemm_v21_moe_e96_t512_topk6_m7168_n3072.d01-3.20260903T0940Z.att/thread_trace/simd0/kernel/rpf_v3/ui_output_agent_59740_dispatch_3523/se3_sm0_sl0_wv10.json
my_code/f4gemm_v21_moe_e96_t512_topk6_m7168_n3072.d01-3.20260903T0940Z.att/thread_trace/simd0/kernel/rpf_v3/ui_output_agent_59740_dispatch_3523/se3_sm0_sl0_wv11.json
my_code/f4gemm_v21_moe_e96_t512_topk6_m7168_n3072.d01-3.20260903T0940Z.att/thread_trace/simd0/kernel/rpf_v3/ui_output_agent_59740_dispatch_3523/se3_sm0_sl0_wv12.json
my_code/f4gemm_v21_moe_e96_t512_topk6_m7168_n3072.d01-3.20260903T0940Z.att/thread_trace/simd0/kernel/rpf_v3/ui_output_agent_59740_dispatch_3523/se3_sm0_sl0_wv13.json
my_code/f4gemm_v21_moe_e96_t512_topk6_m7168_n3072.d01-3.20260903T0940Z.att/thread_trace/simd0/kernel/rpf_v3/ui_output_agent_59740_dispatch_3523/se3_sm0_sl0_wv14.json
my_code/f4gemm_v21_moe_e96_t512_topk6_m7168_n3072.d01-3.20260903T0940Z.att/thread_trace/simd0/kernel/rpf_v3/ui_output_agent_59740_dispatch_3523/se3_sm0_sl0_wv15.json
my_code/f4gemm_v21_moe_e96_t512_topk6_m7168_n3072.d01-3.20260903T0940Z.att/thread_trace/simd0/kernel/rpf_v3/ui_output_agent_59740_dispatch_3523/se3_sm0_sl0_wv2.json
my_code/f4gemm_v21_moe_e96_t512_topk6_m7168_n3072.d01-3.20260903T0940Z.att/thread_trace/simd0/kernel/rpf_v3/ui_output_agent_59740_dispatch_3523/se3_sm0_sl0_wv3.json
my_code/f4gemm_v21_moe_e96_t512_topk6_m7168_n3072.d01-3.20260903T0940Z.att/thread_trace/simd0/kernel/rpf_v3/ui_output_agent_59740_dispatch_3523/se3_sm0_sl0_wv4.json
my_code/f4gemm_v21_moe_e96_t512_topk6_m7168_n3072.d01-3.20260903T0940Z.att/thread_trace/simd0/kernel/rpf_v3/ui_output_agent_59740_dispatch_3523/se3_sm0_sl0_wv5.json
my_code/f4gemm_v21_moe_e96_t512_topk6_m7168_n3072.d01-3.20260903T0940Z.att/thread_trace/simd0/kernel/rpf_v3/ui_output_agent_59740_dispatch_3523/se3_sm0_sl0_wv6.json
my_code/f4gemm_v21_moe_e96_t512_topk6_m7168_n3072.d01-3.20260903T0940Z.att/thread_trace/simd0/kernel/rpf_v3/ui_output_agent_59740_dispatch_3523/se3_sm0_sl0_wv7.json
my_code/f4gemm_v21_moe_e96_t512_topk6_m7168_n3072.d01-3.20260903T0940Z.att/thread_trace/simd0/kernel/rpf_v3/ui_output_agent_59740_dispatch_3523/se3_sm0_sl0_wv8.json
my_code/f4gemm_v21_moe_e96_t512_topk6_m7168_n3072.d01-3.20260903T0940Z.att/thread_trace/simd0/kernel/rpf_v3/ui_output_agent_59740_dispatch_3523/se3_sm0_sl0_wv9.json
my_code/f4gemm_v21_moe_e96_t512_topk6_m7168_n3072.d01-3.20260903T0940Z.att/thread_trace/simd0/kernel/rpf_v3/ui_output_agent_59740_dispatch_3523/wstates1.json
my_code/f4gemm_v21_moe_e96_t512_topk6_m7168_n3072.d01-3.20260903T0940Z.att/thread_trace/simd0/kernel/rpf_v3/ui_output_agent_59740_dispatch_3523/wstates2.json
my_code/f4gemm_v21_moe_e96_t512_topk6_m7168_n3072.d01-3.20260903T0940Z.att/thread_trace/simd0/kernel/rpf_v3/ui_output_agent_59740_dispatch_3523/wstates3.json
my_code/f4gemm_v21_moe_e96_t512_topk6_m7168_n3072.d01-3.20260903T0940Z.att/thread_trace/simd0/kernel/rpf_v3/ui_output_agent_59740_dispatch_3523/wstates4.json
my_code/f4gemm_v21_moe_e96_t512_topk6_m7168_n3072.d01-3.20260903T0940Z.att/thread_trace/simd1/kernel/rpf_v3/out_27982_shader_engine_0_3523.att
my_code/f4gemm_v21_moe_e96_t512_topk6_m7168_n3072.d01-3.20260903T0940Z.att/thread_trace/simd1/kernel/rpf_v3/out_27982_shader_engine_1_3523.att
my_code/f4gemm_v21_moe_e96_t512_topk6_m7168_n3072.d01-3.20260903T0940Z.att/thread_trace/simd1/kernel/rpf_v3/out_27982_shader_engine_2_3523.att
my_code/f4gemm_v21_moe_e96_t512_topk6_m7168_n3072.d01-3.20260903T0940Z.att/thread_trace/simd1/kernel/rpf_v3/out_27982_shader_engine_3_3523.att
my_code/f4gemm_v21_moe_e96_t512_topk6_m7168_n3072.d01-3.20260903T0940Z.att/thread_trace/simd1/kernel/rpf_v3/out_agent_info.csv
my_code/f4gemm_v21_moe_e96_t512_topk6_m7168_n3072.d01-3.20260903T0940Z.att/thread_trace/simd1/kernel/rpf_v3/out_gfx1250_code_object_id_1.out
my_code/f4gemm_v21_moe_e96_t512_topk6_m7168_n3072.d01-3.20260903T0940Z.att/thread_trace/simd1/kernel/rpf_v3/out_gfx1250_code_object_id_10.out
my_code/f4gemm_v21_moe_e96_t512_topk6_m7168_n3072.d01-3.20260903T0940Z.att/thread_trace/simd1/kernel/rpf_v3/out_gfx1250_code_object_id_11.out
my_code/f4gemm_v21_moe_e96_t512_topk6_m7168_n3072.d01-3.20260903T0940Z.att/thread_trace/simd1/kernel/rpf_v3/out_gfx1250_code_object_id_12.out
my_code/f4gemm_v21_moe_e96_t512_topk6_m7168_n3072.d01-3.20260903T0940Z.att/thread_trace/simd1/kernel/rpf_v3/out_gfx1250_code_object_id_13.out
my_code/f4gemm_v21_moe_e96_t512_topk6_m7168_n3072.d01-3.20260903T0940Z.att/thread_trace/simd1/kernel/rpf_v3/out_gfx1250_code_object_id_14.out
my_code/f4gemm_v21_moe_e96_t512_topk6_m7168_n3072.d01-3.20260903T0940Z.att/thread_trace/simd1/kernel/rpf_v3/out_gfx1250_code_object_id_15.out
my_code/f4gemm_v21_moe_e96_t512_topk6_m7168_n3072.d01-3.20260903T0940Z.att/thread_trace/simd1/kernel/rpf_v3/out_gfx1250_code_object_id_16.out
my_code/f4gemm_v21_moe_e96_t512_topk6_m7168_n3072.d01-3.20260903T0940Z.att/thread_trace/simd1/kernel/rpf_v3/out_gfx1250_code_object_id_17.out
my_code/f4gemm_v21_moe_e96_t512_topk6_m7168_n3072.d01-3.20260903T0940Z.att/thread_trace/simd1/kernel/rpf_v3/out_gfx1250_code_object_id_18.out
my_code/f4gemm_v21_moe_e96_t512_topk6_m7168_n3072.d01-3.20260903T0940Z.att/thread_trace/simd1/kernel/rpf_v3/out_gfx1250_code_object_id_19.out
my_code/f4gemm_v21_moe_e96_t512_topk6_m7168_n3072.d01-3.20260903T0940Z.att/thread_trace/simd1/kernel/rpf_v3/out_gfx1250_code_object_id_2.out
my_code/f4gemm_v21_moe_e96_t512_topk6_m7168_n3072.d01-3.20260903T0940Z.att/thread_trace/simd1/kernel/rpf_v3/out_gfx1250_code_object_id_20.out
my_code/f4gemm_v21_moe_e96_t512_topk6_m7168_n3072.d01-3.20260903T0940Z.att/thread_trace/simd1/kernel/rpf_v3/out_gfx1250_code_object_id_21.out
my_code/f4gemm_v21_moe_e96_t512_topk6_m7168_n3072.d01-3.20260903T0940Z.att/thread_trace/simd1/kernel/rpf_v3/out_gfx1250_code_object_id_22.out
my_code/f4gemm_v21_moe_e96_t512_topk6_m7168_n3072.d01-3.20260903T0940Z.att/thread_trace/simd1/kernel/rpf_v3/out_gfx1250_code_object_id_23.out
my_code/f4gemm_v21_moe_e96_t512_topk6_m7168_n3072.d01-3.20260903T0940Z.att/thread_trace/simd1/kernel/rpf_v3/out_gfx1250_code_object_id_24.out
my_code/f4gemm_v21_moe_e96_t512_topk6_m7168_n3072.d01-3.20260903T0940Z.att/thread_trace/simd1/kernel/rpf_v3/out_gfx1250_code_object_id_25.out
my_code/f4gemm_v21_moe_e96_t512_topk6_m7168_n3072.d01-3.20260903T0940Z.att/thread_trace/simd1/kernel/rpf_v3/out_gfx1250_code_object_id_3.out
my_code/f4gemm_v21_moe_e96_t512_topk6_m7168_n3072.d01-3.20260903T0940Z.att/thread_trace/simd1/kernel/rpf_v3/out_gfx1250_code_object_id_4.out
my_code/f4gemm_v21_moe_e96_t512_topk6_m7168_n3072.d01-3.20260903T0940Z.att/thread_trace/simd1/kernel/rpf_v3/out_gfx1250_code_object_id_5.out
my_code/f4gemm_v21_moe_e96_t512_topk6_m7168_n3072.d01-3.20260903T0940Z.att/thread_trace/simd1/kernel/rpf_v3/out_gfx1250_code_object_id_6.out
my_code/f4gemm_v21_moe_e96_t512_topk6_m7168_n3072.d01-3.20260903T0940Z.att/thread_trace/simd1/kernel/rpf_v3/out_gfx1250_code_object_id_7.out
my_code/f4gemm_v21_moe_e96_t512_topk6_m7168_n3072.d01-3.20260903T0940Z.att/thread_trace/simd1/kernel/rpf_v3/out_gfx1250_code_object_id_8.out
my_code/f4gemm_v21_moe_e96_t512_topk6_m7168_n3072.d01-3.20260903T0940Z.att/thread_trace/simd1/kernel/rpf_v3/out_gfx1250_code_object_id_9.out
my_code/f4gemm_v21_moe_e96_t512_topk6_m7168_n3072.d01-3.20260903T0940Z.att/thread_trace/simd1/kernel/rpf_v3/stats_ui_output_agent_27982_dispatch_3523.csv
my_code/f4gemm_v21_moe_e96_t512_topk6_m7168_n3072.d01-3.20260903T0940Z.att/thread_trace/simd1/kernel/rpf_v3/ui_output_agent_27982_dispatch_3523/code.json
my_code/f4gemm_v21_moe_e96_t512_topk6_m7168_n3072.d01-3.20260903T0940Z.att/thread_trace/simd1/kernel/rpf_v3/ui_output_agent_27982_dispatch_3523/filenames.json
my_code/f4gemm_v21_moe_e96_t512_topk6_m7168_n3072.d01-3.20260903T0940Z.att/thread_trace/simd1/kernel/rpf_v3/ui_output_agent_27982_dispatch_3523/occupancy.json
my_code/f4gemm_v21_moe_e96_t512_topk6_m7168_n3072.d01-3.20260903T0940Z.att/thread_trace/simd1/kernel/rpf_v3/ui_output_agent_27982_dispatch_3523/realtime.json
my_code/f4gemm_v21_moe_e96_t512_topk6_m7168_n3072.d01-3.20260903T0940Z.att/thread_trace/simd1/kernel/rpf_v3/ui_output_agent_27982_dispatch_3523/se0_sm1_sl0_wv0.json
my_code/f4gemm_v21_moe_e96_t512_topk6_m7168_n3072.d01-3.20260903T0940Z.att/thread_trace/simd1/kernel/rpf_v3/ui_output_agent_27982_dispatch_3523/se0_sm1_sl0_wv1.json
my_code/f4gemm_v21_moe_e96_t512_topk6_m7168_n3072.d01-3.20260903T0940Z.att/thread_trace/simd1/kernel/rpf_v3/ui_output_agent_27982_dispatch_3523/se0_sm1_sl0_wv2.json
my_code/f4gemm_v21_moe_e96_t512_topk6_m7168_n3072.d01-3.20260903T0940Z.att/thread_trace/simd1/kernel/rpf_v3/ui_output_agent_27982_dispatch_3523/se0_sm1_sl0_wv3.json
my_code/f4gemm_v21_moe_e96_t512_topk6_m7168_n3072.d01-3.20260903T0940Z.att/thread_trace/simd1/kernel/rpf_v3/ui_output_agent_27982_dispatch_3523/se0_sm1_sl0_wv4.json
my_code/f4gemm_v21_moe_e96_t512_topk6_m7168_n3072.d01-3.20260903T0940Z.att/thread_trace/simd1/kernel/rpf_v3/ui_output_agent_27982_dispatch_3523/se0_sm1_sl0_wv5.json
my_code/f4gemm_v21_moe_e96_t512_topk6_m7168_n3072.d01-3.20260903T0940Z.att/thread_trace/simd1/kernel/rpf_v3/ui_output_agent_27982_dispatch_3523/se0_sm1_sl0_wv6.json
my_code/f4gemm_v21_moe_e96_t512_topk6_m7168_n3072.d01-3.20260903T0940Z.att/thread_trace/simd1/kernel/rpf_v3/ui_output_agent_27982_dispatch_3523/se0_sm1_sl0_wv7.json
my_code/f4gemm_v21_moe_e96_t512_topk6_m7168_n3072.d01-3.20260903T0940Z.att/thread_trace/simd1/kernel/rpf_v3/ui_output_agent_27982_dispatch_3523/se0_sm1_sl0_wv8.json
my_code/f4gemm_v21_moe_e96_t512_topk6_m7168_n3072.d01-3.20260903T0940Z.att/thread_trace/simd1/kernel/rpf_v3/ui_output_agent_27982_dispatch_3523/se0_sm1_sl0_wv9.json
my_code/f4gemm_v21_moe_e96_t512_topk6_m7168_n3072.d01-3.20260903T0940Z.att/thread_trace/simd1/kernel/rpf_v3/ui_output_agent_27982_dispatch_3523/se1_sm1_sl0_wv0.json
my_code/f4gemm_v21_moe_e96_t512_topk6_m7168_n3072.d01-3.20260903T0940Z.att/thread_trace/simd1/kernel/rpf_v3/ui_output_agent_27982_dispatch_3523/se1_sm1_sl0_wv1.json
my_code/f4gemm_v21_moe_e96_t512_topk6_m7168_n3072.d01-3.20260903T0940Z.att/thread_trace/simd1/kernel/rpf_v3/ui_output_agent_27982_dispatch_3523/se1_sm1_sl0_wv10.json
my_code/f4gemm_v21_moe_e96_t512_topk6_m7168_n3072.d01-3.20260903T0940Z.att/thread_trace/simd1/kernel/rpf_v3/ui_output_agent_27982_dispatch_3523/se1_sm1_sl0_wv11.json
my_code/f4gemm_v21_moe_e96_t512_topk6_m7168_n3072.d01-3.20260903T0940Z.att/thread_trace/simd1/kernel/rpf_v3/ui_output_agent_27982_dispatch_3523/se1_sm1_sl0_wv2.json
my_code/f4gemm_v21_moe_e96_t512_topk6_m7168_n3072.d01-3.20260903T0940Z.att/thread_trace/simd1/kernel/rpf_v3/ui_output_agent_27982_dispatch_3523/se1_sm1_sl0_wv3.json
my_code/f4gemm_v21_moe_e96_t512_topk6_m7168_n3072.d01-3.20260903T0940Z.att/thread_trace/simd1/kernel/rpf_v3/ui_output_agent_27982_dispatch_3523/se1_sm1_sl0_wv4.json
my_code/f4gemm_v21_moe_e96_t512_topk6_m7168_n3072.d01-3.20260903T0940Z.att/thread_trace/simd1/kernel/rpf_v3/ui_output_agent_27982_dispatch_3523/se1_sm1_sl0_wv5.json
my_code/f4gemm_v21_moe_e96_t512_topk6_m7168_n3072.d01-3.20260903T0940Z.att/thread_trace/simd1/kernel/rpf_v3/ui_output_agent_27982_dispatch_3523/se1_sm1_sl0_wv6.json
my_code/f4gemm_v21_moe_e96_t512_topk6_m7168_n3072.d01-3.20260903T0940Z.att/thread_trace/simd1/kernel/rpf_v3/ui_output_agent_27982_dispatch_3523/se1_sm1_sl0_wv7.json
my_code/f4gemm_v21_moe_e96_t512_topk6_m7168_n3072.d01-3.20260903T0940Z.att/thread_trace/simd1/kernel/rpf_v3/ui_output_agent_27982_dispatch_3523/se1_sm1_sl0_wv8.json
my_code/f4gemm_v21_moe_e96_t512_topk6_m7168_n3072.d01-3.20260903T0940Z.att/thread_trace/simd1/kernel/rpf_v3/ui_output_agent_27982_dispatch_3523/se1_sm1_sl0_wv9.json
my_code/f4gemm_v21_moe_e96_t512_topk6_m7168_n3072.d01-3.20260903T0940Z.att/thread_trace/simd1/kernel/rpf_v3/ui_output_agent_27982_dispatch_3523/se2_sm1_sl0_wv0.json
my_code/f4gemm_v21_moe_e96_t512_topk6_m7168_n3072.d01-3.20260903T0940Z.att/thread_trace/simd1/kernel/rpf_v3/ui_output_agent_27982_dispatch_3523/se2_sm1_sl0_wv1.json
my_code/f4gemm_v21_moe_e96_t512_topk6_m7168_n3072.d01-3.20260903T0940Z.att/thread_trace/simd1/kernel/rpf_v3/ui_output_agent_27982_dispatch_3523/se2_sm1_sl0_wv2.json
my_code/f4gemm_v21_moe_e96_t512_topk6_m7168_n3072.d01-3.20260903T0940Z.att/thread_trace/simd1/kernel/rpf_v3/ui_output_agent_27982_dispatch_3523/se2_sm1_sl0_wv3.json
my_code/f4gemm_v21_moe_e96_t512_topk6_m7168_n3072.d01-3.20260903T0940Z.att/thread_trace/simd1/kernel/rpf_v3/ui_output_agent_27982_dispatch_3523/se2_sm1_sl0_wv4.json
my_code/f4gemm_v21_moe_e96_t512_topk6_m7168_n3072.d01-3.20260903T0940Z.att/thread_trace/simd1/kernel/rpf_v3/ui_output_agent_27982_dispatch_3523/se2_sm1_sl0_wv5.json
my_code/f4gemm_v21_moe_e96_t512_topk6_m7168_n3072.d01-3.20260903T0940Z.att/thread_trace/simd1/kernel/rpf_v3/ui_output_agent_27982_dispatch_3523/se2_sm1_sl0_wv6.json
my_code/f4gemm_v21_moe_e96_t512_topk6_m7168_n3072.d01-3.20260903T0940Z.att/thread_trace/simd1/kernel/rpf_v3/ui_output_agent_27982_dispatch_3523/se2_sm1_sl0_wv7.json
my_code/f4gemm_v21_moe_e96_t512_topk6_m7168_n3072.d01-3.20260903T0940Z.att/thread_trace/simd1/kernel/rpf_v3/ui_output_agent_27982_dispatch_3523/se2_sm1_sl0_wv8.json
my_code/f4gemm_v21_moe_e96_t512_topk6_m7168_n3072.d01-3.20260903T0940Z.att/thread_trace/simd1/kernel/rpf_v3/ui_output_agent_27982_dispatch_3523/se3_sm1_sl0_wv0.json
my_code/f4gemm_v21_moe_e96_t512_topk6_m7168_n3072.d01-3.20260903T0940Z.att/thread_trace/simd1/kernel/rpf_v3/ui_output_agent_27982_dispatch_3523/se3_sm1_sl0_wv1.json
my_code/f4gemm_v21_moe_e96_t512_topk6_m7168_n3072.d01-3.20260903T0940Z.att/thread_trace/simd1/kernel/rpf_v3/ui_output_agent_27982_dispatch_3523/se3_sm1_sl0_wv10.json
my_code/f4gemm_v21_moe_e96_t512_topk6_m7168_n3072.d01-3.20260903T0940Z.att/thread_trace/simd1/kernel/rpf_v3/ui_output_agent_27982_dispatch_3523/se3_sm1_sl0_wv11.json
my_code/f4gemm_v21_moe_e96_t512_topk6_m7168_n3072.d01-3.20260903T0940Z.att/thread_trace/simd1/kernel/rpf_v3/ui_output_agent_27982_dispatch_3523/se3_sm1_sl0_wv12.json
my_code/f4gemm_v21_moe_e96_t512_topk6_m7168_n3072.d01-3.20260903T0940Z.att/thread_trace/simd1/kernel/rpf_v3/ui_output_agent_27982_dispatch_3523/se3_sm1_sl0_wv13.json
my_code/f4gemm_v21_moe_e96_t512_topk6_m7168_n3072.d01-3.20260903T0940Z.att/thread_trace/simd1/kernel/rpf_v3/ui_output_agent_27982_dispatch_3523/se3_sm1_sl0_wv14.json
my_code/f4gemm_v21_moe_e96_t512_topk6_m7168_n3072.d01-3.20260903T0940Z.att/thread_trace/simd1/kernel/rpf_v3/ui_output_agent_27982_dispatch_3523/se3_sm1_sl0_wv15.json
my_code/f4gemm_v21_moe_e96_t512_topk6_m7168_n3072.d01-3.20260903T0940Z.att/thread_trace/simd1/kernel/rpf_v3/ui_output_agent_27982_dispatch_3523/se3_sm1_sl0_wv16.json
my_code/f4gemm_v21_moe_e96_t512_topk6_m7168_n3072.d01-3.20260903T0940Z.att/thread_trace/simd1/kernel/rpf_v3/ui_output_agent_27982_dispatch_3523/se3_sm1_sl0_wv2.json
my_code/f4gemm_v21_moe_e96_t512_topk6_m7168_n3072.d01-3.20260903T0940Z.att/thread_trace/simd1/kernel/rpf_v3/ui_output_agent_27982_dispatch_3523/se3_sm1_sl0_wv3.json
my_code/f4gemm_v21_moe_e96_t512_topk6_m7168_n3072.d01-3.20260903T0940Z.att/thread_trace/simd1/kernel/rpf_v3/ui_output_agent_27982_dispatch_3523/se3_sm1_sl0_wv4.json
my_code/f4gemm_v21_moe_e96_t512_topk6_m7168_n3072.d01-3.20260903T0940Z.att/thread_trace/simd1/kernel/rpf_v3/ui_output_agent_27982_dispatch_3523/se3_sm1_sl0_wv5.json
my_code/f4gemm_v21_moe_e96_t512_topk6_m7168_n3072.d01-3.20260903T0940Z.att/thread_trace/simd1/kernel/rpf_v3/ui_output_agent_27982_dispatch_3523/se3_sm1_sl0_wv6.json
my_code/f4gemm_v21_moe_e96_t512_topk6_m7168_n3072.d01-3.20260903T0940Z.att/thread_trace/simd1/kernel/rpf_v3/ui_output_agent_27982_dispatch_3523/se3_sm1_sl0_wv7.json
my_code/f4gemm_v21_moe_e96_t512_topk6_m7168_n3072.d01-3.20260903T0940Z.att/thread_trace/simd1/kernel/rpf_v3/ui_output_agent_27982_dispatch_3523/se3_sm1_sl0_wv8.json
my_code/f4gemm_v21_moe_e96_t512_topk6_m7168_n3072.d01-3.20260903T0940Z.att/thread_trace/simd1/kernel/rpf_v3/ui_output_agent_27982_dispatch_3523/se3_sm1_sl0_wv9.json
my_code/f4gemm_v21_moe_e96_t512_topk6_m7168_n3072.d01-3.20260903T0940Z.att/thread_trace/simd1/kernel/rpf_v3/ui_output_agent_27982_dispatch_3523/wstates1.json
my_code/f4gemm_v21_moe_e96_t512_topk6_m7168_n3072.d01-3.20260903T0940Z.att/thread_trace/simd1/kernel/rpf_v3/ui_output_agent_27982_dispatch_3523/wstates2.json
my_code/f4gemm_v21_moe_e96_t512_topk6_m7168_n3072.d01-3.20260903T0940Z.att/thread_trace/simd1/kernel/rpf_v3/ui_output_agent_27982_dispatch_3523/wstates3.json
my_code/f4gemm_v21_moe_e96_t512_topk6_m7168_n3072.d01-3.20260903T0940Z.att/thread_trace/simd1/kernel/rpf_v3/ui_output_agent_27982_dispatch_3523/wstates4.json
my_code/f4gemm_v21_moe_e96_t512_topk6_m7168_n3072.d01-3.20260903T0940Z.att/thread_trace/simd2/kernel/rpf_v3/out_63112_shader_engine_0_3523.att
my_code/f4gemm_v21_moe_e96_t512_topk6_m7168_n3072.d01-3.20260903T0940Z.att/thread_trace/simd2/kernel/rpf_v3/out_63112_shader_engine_1_3523.att
my_code/f4gemm_v21_moe_e96_t512_topk6_m7168_n3072.d01-3.20260903T0940Z.att/thread_trace/simd2/kernel/rpf_v3/out_63112_shader_engine_2_3523.att
my_code/f4gemm_v21_moe_e96_t512_topk6_m7168_n3072.d01-3.20260903T0940Z.att/thread_trace/simd2/kernel/rpf_v3/out_63112_shader_engine_3_3523.att
my_code/f4gemm_v21_moe_e96_t512_topk6_m7168_n3072.d01-3.20260903T0940Z.att/thread_trace/simd2/kernel/rpf_v3/out_agent_info.csv
my_code/f4gemm_v21_moe_e96_t512_topk6_m7168_n3072.d01-3.20260903T0940Z.att/thread_trace/simd2/kernel/rpf_v3/out_gfx1250_code_object_id_1.out
my_code/f4gemm_v21_moe_e96_t512_topk6_m7168_n3072.d01-3.20260903T0940Z.att/thread_trace/simd2/kernel/rpf_v3/out_gfx1250_code_object_id_10.out
my_code/f4gemm_v21_moe_e96_t512_topk6_m7168_n3072.d01-3.20260903T0940Z.att/thread_trace/simd2/kernel/rpf_v3/out_gfx1250_code_object_id_11.out
my_code/f4gemm_v21_moe_e96_t512_topk6_m7168_n3072.d01-3.20260903T0940Z.att/thread_trace/simd2/kernel/rpf_v3/out_gfx1250_code_object_id_12.out
my_code/f4gemm_v21_moe_e96_t512_topk6_m7168_n3072.d01-3.20260903T0940Z.att/thread_trace/simd2/kernel/rpf_v3/out_gfx1250_code_object_id_13.out
my_code/f4gemm_v21_moe_e96_t512_topk6_m7168_n3072.d01-3.20260903T0940Z.att/thread_trace/simd2/kernel/rpf_v3/out_gfx1250_code_object_id_14.out
my_code/f4gemm_v21_moe_e96_t512_topk6_m7168_n3072.d01-3.20260903T0940Z.att/thread_trace/simd2/kernel/rpf_v3/out_gfx1250_code_object_id_15.out
my_code/f4gemm_v21_moe_e96_t512_topk6_m7168_n3072.d01-3.20260903T0940Z.att/thread_trace/simd2/kernel/rpf_v3/out_gfx1250_code_object_id_16.out
my_code/f4gemm_v21_moe_e96_t512_topk6_m7168_n3072.d01-3.20260903T0940Z.att/thread_trace/simd2/kernel/rpf_v3/out_gfx1250_code_object_id_17.out
my_code/f4gemm_v21_moe_e96_t512_topk6_m7168_n3072.d01-3.20260903T0940Z.att/thread_trace/simd2/kernel/rpf_v3/out_gfx1250_code_object_id_18.out
my_code/f4gemm_v21_moe_e96_t512_topk6_m7168_n3072.d01-3.20260903T0940Z.att/thread_trace/simd2/kernel/rpf_v3/out_gfx1250_code_object_id_19.out
my_code/f4gemm_v21_moe_e96_t512_topk6_m7168_n3072.d01-3.20260903T0940Z.att/thread_trace/simd2/kernel/rpf_v3/out_gfx1250_code_object_id_2.out
my_code/f4gemm_v21_moe_e96_t512_topk6_m7168_n3072.d01-3.20260903T0940Z.att/thread_trace/simd2/kernel/rpf_v3/out_gfx1250_code_object_id_20.out
my_code/f4gemm_v21_moe_e96_t512_topk6_m7168_n3072.d01-3.20260903T0940Z.att/thread_trace/simd2/kernel/rpf_v3/out_gfx1250_code_object_id_21.out
my_code/f4gemm_v21_moe_e96_t512_topk6_m7168_n3072.d01-3.20260903T0940Z.att/thread_trace/simd2/kernel/rpf_v3/out_gfx1250_code_object_id_22.out
my_code/f4gemm_v21_moe_e96_t512_topk6_m7168_n3072.d01-3.20260903T0940Z.att/thread_trace/simd2/kernel/rpf_v3/out_gfx1250_code_object_id_23.out
my_code/f4gemm_v21_moe_e96_t512_topk6_m7168_n3072.d01-3.20260903T0940Z.att/thread_trace/simd2/kernel/rpf_v3/out_gfx1250_code_object_id_24.out
my_code/f4gemm_v21_moe_e96_t512_topk6_m7168_n3072.d01-3.20260903T0940Z.att/thread_trace/simd2/kernel/rpf_v3/out_gfx1250_code_object_id_25.out
my_code/f4gemm_v21_moe_e96_t512_topk6_m7168_n3072.d01-3.20260903T0940Z.att/thread_trace/simd2/kernel/rpf_v3/out_gfx1250_code_object_id_3.out
my_code/f4gemm_v21_moe_e96_t512_topk6_m7168_n3072.d01-3.20260903T0940Z.att/thread_trace/simd2/kernel/rpf_v3/out_gfx1250_code_object_id_4.out
my_code/f4gemm_v21_moe_e96_t512_topk6_m7168_n3072.d01-3.20260903T0940Z.att/thread_trace/simd2/kernel/rpf_v3/out_gfx1250_code_object_id_5.out
my_code/f4gemm_v21_moe_e96_t512_topk6_m7168_n3072.d01-3.20260903T0940Z.att/thread_trace/simd2/kernel/rpf_v3/out_gfx1250_code_object_id_6.out
my_code/f4gemm_v21_moe_e96_t512_topk6_m7168_n3072.d01-3.20260903T0940Z.att/thread_trace/simd2/kernel/rpf_v3/out_gfx1250_code_object_id_7.out
my_code/f4gemm_v21_moe_e96_t512_topk6_m7168_n3072.d01-3.20260903T0940Z.att/thread_trace/simd2/kernel/rpf_v3/out_gfx1250_code_object_id_8.out
my_code/f4gemm_v21_moe_e96_t512_topk6_m7168_n3072.d01-3.20260903T0940Z.att/thread_trace/simd2/kernel/rpf_v3/out_gfx1250_code_object_id_9.out
my_code/f4gemm_v21_moe_e96_t512_topk6_m7168_n3072.d01-3.20260903T0940Z.att/thread_trace/simd2/kernel/rpf_v3/stats_ui_output_agent_63112_dispatch_3523.csv
my_code/f4gemm_v21_moe_e96_t512_topk6_m7168_n3072.d01-3.20260903T0940Z.att/thread_trace/simd2/kernel/rpf_v3/ui_output_agent_63112_dispatch_3523/code.json
my_code/f4gemm_v21_moe_e96_t512_topk6_m7168_n3072.d01-3.20260903T0940Z.att/thread_trace/simd2/kernel/rpf_v3/ui_output_agent_63112_dispatch_3523/filenames.json
my_code/f4gemm_v21_moe_e96_t512_topk6_m7168_n3072.d01-3.20260903T0940Z.att/thread_trace/simd2/kernel/rpf_v3/ui_output_agent_63112_dispatch_3523/occupancy.json
my_code/f4gemm_v21_moe_e96_t512_topk6_m7168_n3072.d01-3.20260903T0940Z.att/thread_trace/simd2/kernel/rpf_v3/ui_output_agent_63112_dispatch_3523/realtime.json
my_code/f4gemm_v21_moe_e96_t512_topk6_m7168_n3072.d01-3.20260903T0940Z.att/thread_trace/simd2/kernel/rpf_v3/ui_output_agent_63112_dispatch_3523/se0_sm2_sl0_wv0.json
my_code/f4gemm_v21_moe_e96_t512_topk6_m7168_n3072.d01-3.20260903T0940Z.att/thread_trace/simd2/kernel/rpf_v3/ui_output_agent_63112_dispatch_3523/se0_sm2_sl0_wv1.json
my_code/f4gemm_v21_moe_e96_t512_topk6_m7168_n3072.d01-3.20260903T0940Z.att/thread_trace/simd2/kernel/rpf_v3/ui_output_agent_63112_dispatch_3523/se0_sm2_sl0_wv10.json
my_code/f4gemm_v21_moe_e96_t512_topk6_m7168_n3072.d01-3.20260903T0940Z.att/thread_trace/simd2/kernel/rpf_v3/ui_output_agent_63112_dispatch_3523/se0_sm2_sl0_wv11.json
my_code/f4gemm_v21_moe_e96_t512_topk6_m7168_n3072.d01-3.20260903T0940Z.att/thread_trace/simd2/kernel/rpf_v3/ui_output_agent_63112_dispatch_3523/se0_sm2_sl0_wv12.json
my_code/f4gemm_v21_moe_e96_t512_topk6_m7168_n3072.d01-3.20260903T0940Z.att/thread_trace/simd2/kernel/rpf_v3/ui_output_agent_63112_dispatch_3523/se0_sm2_sl0_wv2.json
my_code/f4gemm_v21_moe_e96_t512_topk6_m7168_n3072.d01-3.20260903T0940Z.att/thread_trace/simd2/kernel/rpf_v3/ui_output_agent_63112_dispatch_3523/se0_sm2_sl0_wv3.json
my_code/f4gemm_v21_moe_e96_t512_topk6_m7168_n3072.d01-3.20260903T0940Z.att/thread_trace/simd2/kernel/rpf_v3/ui_output_agent_63112_dispatch_3523/se0_sm2_sl0_wv4.json
my_code/f4gemm_v21_moe_e96_t512_topk6_m7168_n3072.d01-3.20260903T0940Z.att/thread_trace/simd2/kernel/rpf_v3/ui_output_agent_63112_dispatch_3523/se0_sm2_sl0_wv5.json
my_code/f4gemm_v21_moe_e96_t512_topk6_m7168_n3072.d01-3.20260903T0940Z.att/thread_trace/simd2/kernel/rpf_v3/ui_output_agent_63112_dispatch_3523/se0_sm2_sl0_wv6.json
my_code/f4gemm_v21_moe_e96_t512_topk6_m7168_n3072.d01-3.20260903T0940Z.att/thread_trace/simd2/kernel/rpf_v3/ui_output_agent_63112_dispatch_3523/se0_sm2_sl0_wv7.json
my_code/f4gemm_v21_moe_e96_t512_topk6_m7168_n3072.d01-3.20260903T0940Z.att/thread_trace/simd2/kernel/rpf_v3/ui_output_agent_63112_dispatch_3523/se0_sm2_sl0_wv8.json
my_code/f4gemm_v21_moe_e96_t512_topk6_m7168_n3072.d01-3.20260903T0940Z.att/thread_trace/simd2/kernel/rpf_v3/ui_output_agent_63112_dispatch_3523/se0_sm2_sl0_wv9.json
my_code/f4gemm_v21_moe_e96_t512_topk6_m7168_n3072.d01-3.20260903T0940Z.att/thread_trace/simd2/kernel/rpf_v3/ui_output_agent_63112_dispatch_3523/se1_sm2_sl0_wv0.json
my_code/f4gemm_v21_moe_e96_t512_topk6_m7168_n3072.d01-3.20260903T0940Z.att/thread_trace/simd2/kernel/rpf_v3/ui_output_agent_63112_dispatch_3523/se1_sm2_sl0_wv1.json
my_code/f4gemm_v21_moe_e96_t512_topk6_m7168_n3072.d01-3.20260903T0940Z.att/thread_trace/simd2/kernel/rpf_v3/ui_output_agent_63112_dispatch_3523/se1_sm2_sl0_wv10.json
my_code/f4gemm_v21_moe_e96_t512_topk6_m7168_n3072.d01-3.20260903T0940Z.att/thread_trace/simd2/kernel/rpf_v3/ui_output_agent_63112_dispatch_3523/se1_sm2_sl0_wv11.json
my_code/f4gemm_v21_moe_e96_t512_topk6_m7168_n3072.d01-3.20260903T0940Z.att/thread_trace/simd2/kernel/rpf_v3/ui_output_agent_63112_dispatch_3523/se1_sm2_sl0_wv2.json
my_code/f4gemm_v21_moe_e96_t512_topk6_m7168_n3072.d01-3.20260903T0940Z.att/thread_trace/simd2/kernel/rpf_v3/ui_output_agent_63112_dispatch_3523/se1_sm2_sl0_wv3.json
my_code/f4gemm_v21_moe_e96_t512_topk6_m7168_n3072.d01-3.20260903T0940Z.att/thread_trace/simd2/kernel/rpf_v3/ui_output_agent_63112_dispatch_3523/se1_sm2_sl0_wv4.json
my_code/f4gemm_v21_moe_e96_t512_topk6_m7168_n3072.d01-3.20260903T0940Z.att/thread_trace/simd2/kernel/rpf_v3/ui_output_agent_63112_dispatch_3523/se1_sm2_sl0_wv5.json
my_code/f4gemm_v21_moe_e96_t512_topk6_m7168_n3072.d01-3.20260903T0940Z.att/thread_trace/simd2/kernel/rpf_v3/ui_output_agent_63112_dispatch_3523/se1_sm2_sl0_wv6.json
my_code/f4gemm_v21_moe_e96_t512_topk6_m7168_n3072.d01-3.20260903T0940Z.att/thread_trace/simd2/kernel/rpf_v3/ui_output_agent_63112_dispatch_3523/se1_sm2_sl0_wv7.json
my_code/f4gemm_v21_moe_e96_t512_topk6_m7168_n3072.d01-3.20260903T0940Z.att/thread_trace/simd2/kernel/rpf_v3/ui_output_agent_63112_dispatch_3523/se1_sm2_sl0_wv8.json
my_code/f4gemm_v21_moe_e96_t512_topk6_m7168_n3072.d01-3.20260903T0940Z.att/thread_trace/simd2/kernel/rpf_v3/ui_output_agent_63112_dispatch_3523/se1_sm2_sl0_wv9.json
my_code/f4gemm_v21_moe_e96_t512_topk6_m7168_n3072.d01-3.20260903T0940Z.att/thread_trace/simd2/kernel/rpf_v3/ui_output_agent_63112_dispatch_3523/se2_sm2_sl0_wv0.json
my_code/f4gemm_v21_moe_e96_t512_topk6_m7168_n3072.d01-3.20260903T0940Z.att/thread_trace/simd2/kernel/rpf_v3/ui_output_agent_63112_dispatch_3523/se2_sm2_sl0_wv1.json
my_code/f4gemm_v21_moe_e96_t512_topk6_m7168_n3072.d01-3.20260903T0940Z.att/thread_trace/simd2/kernel/rpf_v3/ui_output_agent_63112_dispatch_3523/se2_sm2_sl0_wv10.json
my_code/f4gemm_v21_moe_e96_t512_topk6_m7168_n3072.d01-3.20260903T0940Z.att/thread_trace/simd2/kernel/rpf_v3/ui_output_agent_63112_dispatch_3523/se2_sm2_sl0_wv11.json
my_code/f4gemm_v21_moe_e96_t512_topk6_m7168_n3072.d01-3.20260903T0940Z.att/thread_trace/simd2/kernel/rpf_v3/ui_output_agent_63112_dispatch_3523/se2_sm2_sl0_wv12.json
my_code/f4gemm_v21_moe_e96_t512_topk6_m7168_n3072.d01-3.20260903T0940Z.att/thread_trace/simd2/kernel/rpf_v3/ui_output_agent_63112_dispatch_3523/se2_sm2_sl0_wv13.json
my_code/f4gemm_v21_moe_e96_t512_topk6_m7168_n3072.d01-3.20260903T0940Z.att/thread_trace/simd2/kernel/rpf_v3/ui_output_agent_63112_dispatch_3523/se2_sm2_sl0_wv14.json
my_code/f4gemm_v21_moe_e96_t512_topk6_m7168_n3072.d01-3.20260903T0940Z.att/thread_trace/simd2/kernel/rpf_v3/ui_output_agent_63112_dispatch_3523/se2_sm2_sl0_wv15.json
my_code/f4gemm_v21_moe_e96_t512_topk6_m7168_n3072.d01-3.20260903T0940Z.att/thread_trace/simd2/kernel/rpf_v3/ui_output_agent_63112_dispatch_3523/se2_sm2_sl0_wv16.json
my_code/f4gemm_v21_moe_e96_t512_topk6_m7168_n3072.d01-3.20260903T0940Z.att/thread_trace/simd2/kernel/rpf_v3/ui_output_agent_63112_dispatch_3523/se2_sm2_sl0_wv17.json
my_code/f4gemm_v21_moe_e96_t512_topk6_m7168_n3072.d01-3.20260903T0940Z.att/thread_trace/simd2/kernel/rpf_v3/ui_output_agent_63112_dispatch_3523/se2_sm2_sl0_wv2.json
my_code/f4gemm_v21_moe_e96_t512_topk6_m7168_n3072.d01-3.20260903T0940Z.att/thread_trace/simd2/kernel/rpf_v3/ui_output_agent_63112_dispatch_3523/se2_sm2_sl0_wv3.json
my_code/f4gemm_v21_moe_e96_t512_topk6_m7168_n3072.d01-3.20260903T0940Z.att/thread_trace/simd2/kernel/rpf_v3/ui_output_agent_63112_dispatch_3523/se2_sm2_sl0_wv4.json
my_code/f4gemm_v21_moe_e96_t512_topk6_m7168_n3072.d01-3.20260903T0940Z.att/thread_trace/simd2/kernel/rpf_v3/ui_output_agent_63112_dispatch_3523/se2_sm2_sl0_wv5.json
my_code/f4gemm_v21_moe_e96_t512_topk6_m7168_n3072.d01-3.20260903T0940Z.att/thread_trace/simd2/kernel/rpf_v3/ui_output_agent_63112_dispatch_3523/se2_sm2_sl0_wv6.json
my_code/f4gemm_v21_moe_e96_t512_topk6_m7168_n3072.d01-3.20260903T0940Z.att/thread_trace/simd2/kernel/rpf_v3/ui_output_agent_63112_dispatch_3523/se2_sm2_sl0_wv7.json
my_code/f4gemm_v21_moe_e96_t512_topk6_m7168_n3072.d01-3.20260903T0940Z.att/thread_trace/simd2/kernel/rpf_v3/ui_output_agent_63112_dispatch_3523/se2_sm2_sl0_wv8.json
my_code/f4gemm_v21_moe_e96_t512_topk6_m7168_n3072.d01-3.20260903T0940Z.att/thread_trace/simd2/kernel/rpf_v3/ui_output_agent_63112_dispatch_3523/se2_sm2_sl0_wv9.json
my_code/f4gemm_v21_moe_e96_t512_topk6_m7168_n3072.d01-3.20260903T0940Z.att/thread_trace/simd2/kernel/rpf_v3/ui_output_agent_63112_dispatch_3523/se3_sm2_sl0_wv0.json
my_code/f4gemm_v21_moe_e96_t512_topk6_m7168_n3072.d01-3.20260903T0940Z.att/thread_trace/simd2/kernel/rpf_v3/ui_output_agent_63112_dispatch_3523/se3_sm2_sl0_wv1.json
my_code/f4gemm_v21_moe_e96_t512_topk6_m7168_n3072.d01-3.20260903T0940Z.att/thread_trace/simd2/kernel/rpf_v3/ui_output_agent_63112_dispatch_3523/se3_sm2_sl0_wv2.json
my_code/f4gemm_v21_moe_e96_t512_topk6_m7168_n3072.d01-3.20260903T0940Z.att/thread_trace/simd2/kernel/rpf_v3/ui_output_agent_63112_dispatch_3523/se3_sm2_sl0_wv3.json
my_code/f4gemm_v21_moe_e96_t512_topk6_m7168_n3072.d01-3.20260903T0940Z.att/thread_trace/simd2/kernel/rpf_v3/ui_output_agent_63112_dispatch_3523/se3_sm2_sl0_wv4.json
my_code/f4gemm_v21_moe_e96_t512_topk6_m7168_n3072.d01-3.20260903T0940Z.att/thread_trace/simd2/kernel/rpf_v3/ui_output_agent_63112_dispatch_3523/se3_sm2_sl0_wv5.json
my_code/f4gemm_v21_moe_e96_t512_topk6_m7168_n3072.d01-3.20260903T0940Z.att/thread_trace/simd2/kernel/rpf_v3/ui_output_agent_63112_dispatch_3523/se3_sm2_sl0_wv6.json
my_code/f4gemm_v21_moe_e96_t512_topk6_m7168_n3072.d01-3.20260903T0940Z.att/thread_trace/simd2/kernel/rpf_v3/ui_output_agent_63112_dispatch_3523/se3_sm2_sl0_wv7.json
my_code/f4gemm_v21_moe_e96_t512_topk6_m7168_n3072.d01-3.20260903T0940Z.att/thread_trace/simd2/kernel/rpf_v3/ui_output_agent_63112_dispatch_3523/se3_sm2_sl0_wv8.json
my_code/f4gemm_v21_moe_e96_t512_topk6_m7168_n3072.d01-3.20260903T0940Z.att/thread_trace/simd2/kernel/rpf_v3/ui_output_agent_63112_dispatch_3523/wstates1.json
my_code/f4gemm_v21_moe_e96_t512_topk6_m7168_n3072.d01-3.20260903T0940Z.att/thread_trace/simd2/kernel/rpf_v3/ui_output_agent_63112_dispatch_3523/wstates2.json
my_code/f4gemm_v21_moe_e96_t512_topk6_m7168_n3072.d01-3.20260903T0940Z.att/thread_trace/simd2/kernel/rpf_v3/ui_output_agent_63112_dispatch_3523/wstates3.json
my_code/f4gemm_v21_moe_e96_t512_topk6_m7168_n3072.d01-3.20260903T0940Z.att/thread_trace/simd2/kernel/rpf_v3/ui_output_agent_63112_dispatch_3523/wstates4.json
my_code/f4gemm_v21_moe_e96_t512_topk6_m7168_n3072.d01-3.20260903T0940Z.att/thread_trace/simd3/kernel/rpf_v3/out_30343_shader_engine_0_3523.att
my_code/f4gemm_v21_moe_e96_t512_topk6_m7168_n3072.d01-3.20260903T0940Z.att/thread_trace/simd3/kernel/rpf_v3/out_30343_shader_engine_1_3523.att
my_code/f4gemm_v21_moe_e96_t512_topk6_m7168_n3072.d01-3.20260903T0940Z.att/thread_trace/simd3/kernel/rpf_v3/out_30343_shader_engine_2_3523.att
my_code/f4gemm_v21_moe_e96_t512_topk6_m7168_n3072.d01-3.20260903T0940Z.att/thread_trace/simd3/kernel/rpf_v3/out_30343_shader_engine_3_3523.att
my_code/f4gemm_v21_moe_e96_t512_topk6_m7168_n3072.d01-3.20260903T0940Z.att/thread_trace/simd3/kernel/rpf_v3/out_agent_info.csv
my_code/f4gemm_v21_moe_e96_t512_topk6_m7168_n3072.d01-3.20260903T0940Z.att/thread_trace/simd3/kernel/rpf_v3/out_gfx1250_code_object_id_1.out
my_code/f4gemm_v21_moe_e96_t512_topk6_m7168_n3072.d01-3.20260903T0940Z.att/thread_trace/simd3/kernel/rpf_v3/out_gfx1250_code_object_id_10.out
my_code/f4gemm_v21_moe_e96_t512_topk6_m7168_n3072.d01-3.20260903T0940Z.att/thread_trace/simd3/kernel/rpf_v3/out_gfx1250_code_object_id_11.out
my_code/f4gemm_v21_moe_e96_t512_topk6_m7168_n3072.d01-3.20260903T0940Z.att/thread_trace/simd3/kernel/rpf_v3/out_gfx1250_code_object_id_12.out
my_code/f4gemm_v21_moe_e96_t512_topk6_m7168_n3072.d01-3.20260903T0940Z.att/thread_trace/simd3/kernel/rpf_v3/out_gfx1250_code_object_id_13.out
my_code/f4gemm_v21_moe_e96_t512_topk6_m7168_n3072.d01-3.20260903T0940Z.att/thread_trace/simd3/kernel/rpf_v3/out_gfx1250_code_object_id_14.out
my_code/f4gemm_v21_moe_e96_t512_topk6_m7168_n3072.d01-3.20260903T0940Z.att/thread_trace/simd3/kernel/rpf_v3/out_gfx1250_code_object_id_15.out
my_code/f4gemm_v21_moe_e96_t512_topk6_m7168_n3072.d01-3.20260903T0940Z.att/thread_trace/simd3/kernel/rpf_v3/out_gfx1250_code_object_id_16.out
my_code/f4gemm_v21_moe_e96_t512_topk6_m7168_n3072.d01-3.20260903T0940Z.att/thread_trace/simd3/kernel/rpf_v3/out_gfx1250_code_object_id_17.out
my_code/f4gemm_v21_moe_e96_t512_topk6_m7168_n3072.d01-3.20260903T0940Z.att/thread_trace/simd3/kernel/rpf_v3/out_gfx1250_code_object_id_18.out
my_code/f4gemm_v21_moe_e96_t512_topk6_m7168_n3072.d01-3.20260903T0940Z.att/thread_trace/simd3/kernel/rpf_v3/out_gfx1250_code_object_id_19.out
my_code/f4gemm_v21_moe_e96_t512_topk6_m7168_n3072.d01-3.20260903T0940Z.att/thread_trace/simd3/kernel/rpf_v3/out_gfx1250_code_object_id_2.out
my_code/f4gemm_v21_moe_e96_t512_topk6_m7168_n3072.d01-3.20260903T0940Z.att/thread_trace/simd3/kernel/rpf_v3/out_gfx1250_code_object_id_20.out
my_code/f4gemm_v21_moe_e96_t512_topk6_m7168_n3072.d01-3.20260903T0940Z.att/thread_trace/simd3/kernel/rpf_v3/out_gfx1250_code_object_id_21.out
my_code/f4gemm_v21_moe_e96_t512_topk6_m7168_n3072.d01-3.20260903T0940Z.att/thread_trace/simd3/kernel/rpf_v3/out_gfx1250_code_object_id_22.out
my_code/f4gemm_v21_moe_e96_t512_topk6_m7168_n3072.d01-3.20260903T0940Z.att/thread_trace/simd3/kernel/rpf_v3/out_gfx1250_code_object_id_23.out
my_code/f4gemm_v21_moe_e96_t512_topk6_m7168_n3072.d01-3.20260903T0940Z.att/thread_trace/simd3/kernel/rpf_v3/out_gfx1250_code_object_id_24.out
my_code/f4gemm_v21_moe_e96_t512_topk6_m7168_n3072.d01-3.20260903T0940Z.att/thread_trace/simd3/kernel/rpf_v3/out_gfx1250_code_object_id_25.out
my_code/f4gemm_v21_moe_e96_t512_topk6_m7168_n3072.d01-3.20260903T0940Z.att/thread_trace/simd3/kernel/rpf_v3/out_gfx1250_code_object_id_3.out
my_code/f4gemm_v21_moe_e96_t512_topk6_m7168_n3072.d01-3.20260903T0940Z.att/thread_trace/simd3/kernel/rpf_v3/out_gfx1250_code_object_id_4.out
my_code/f4gemm_v21_moe_e96_t512_topk6_m7168_n3072.d01-3.20260903T0940Z.att/thread_trace/simd3/kernel/rpf_v3/out_gfx1250_code_object_id_5.out
my_code/f4gemm_v21_moe_e96_t512_topk6_m7168_n3072.d01-3.20260903T0940Z.att/thread_trace/simd3/kernel/rpf_v3/out_gfx1250_code_object_id_6.out
my_code/f4gemm_v21_moe_e96_t512_topk6_m7168_n3072.d01-3.20260903T0940Z.att/thread_trace/simd3/kernel/rpf_v3/out_gfx1250_code_object_id_7.out
my_code/f4gemm_v21_moe_e96_t512_topk6_m7168_n3072.d01-3.20260903T0940Z.att/thread_trace/simd3/kernel/rpf_v3/out_gfx1250_code_object_id_8.out
my_code/f4gemm_v21_moe_e96_t512_topk6_m7168_n3072.d01-3.20260903T0940Z.att/thread_trace/simd3/kernel/rpf_v3/out_gfx1250_code_object_id_9.out
my_code/f4gemm_v21_moe_e96_t512_topk6_m7168_n3072.d01-3.20260903T0940Z.att/thread_trace/simd3/kernel/rpf_v3/stats_ui_output_agent_30343_dispatch_3523.csv
my_code/f4gemm_v21_moe_e96_t512_topk6_m7168_n3072.d01-3.20260903T0940Z.att/thread_trace/simd3/kernel/rpf_v3/ui_output_agent_30343_dispatch_3523/code.json
my_code/f4gemm_v21_moe_e96_t512_topk6_m7168_n3072.d01-3.20260903T0940Z.att/thread_trace/simd3/kernel/rpf_v3/ui_output_agent_30343_dispatch_3523/filenames.json
my_code/f4gemm_v21_moe_e96_t512_topk6_m7168_n3072.d01-3.20260903T0940Z.att/thread_trace/simd3/kernel/rpf_v3/ui_output_agent_30343_dispatch_3523/occupancy.json
my_code/f4gemm_v21_moe_e96_t512_topk6_m7168_n3072.d01-3.20260903T0940Z.att/thread_trace/simd3/kernel/rpf_v3/ui_output_agent_30343_dispatch_3523/realtime.json
my_code/f4gemm_v21_moe_e96_t512_topk6_m7168_n3072.d01-3.20260903T0940Z.att/thread_trace/simd3/kernel/rpf_v3/ui_output_agent_30343_dispatch_3523/se0_sm3_sl0_wv0.json
my_code/f4gemm_v21_moe_e96_t512_topk6_m7168_n3072.d01-3.20260903T0940Z.att/thread_trace/simd3/kernel/rpf_v3/ui_output_agent_30343_dispatch_3523/se0_sm3_sl0_wv1.json
my_code/f4gemm_v21_moe_e96_t512_topk6_m7168_n3072.d01-3.20260903T0940Z.att/thread_trace/simd3/kernel/rpf_v3/ui_output_agent_30343_dispatch_3523/se0_sm3_sl0_wv2.json
my_code/f4gemm_v21_moe_e96_t512_topk6_m7168_n3072.d01-3.20260903T0940Z.att/thread_trace/simd3/kernel/rpf_v3/ui_output_agent_30343_dispatch_3523/se0_sm3_sl0_wv3.json
my_code/f4gemm_v21_moe_e96_t512_topk6_m7168_n3072.d01-3.20260903T0940Z.att/thread_trace/simd3/kernel/rpf_v3/ui_output_agent_30343_dispatch_3523/se0_sm3_sl0_wv4.json
my_code/f4gemm_v21_moe_e96_t512_topk6_m7168_n3072.d01-3.20260903T0940Z.att/thread_trace/simd3/kernel/rpf_v3/ui_output_agent_30343_dispatch_3523/se0_sm3_sl0_wv5.json
my_code/f4gemm_v21_moe_e96_t512_topk6_m7168_n3072.d01-3.20260903T0940Z.att/thread_trace/simd3/kernel/rpf_v3/ui_output_agent_30343_dispatch_3523/se0_sm3_sl0_wv6.json
my_code/f4gemm_v21_moe_e96_t512_topk6_m7168_n3072.d01-3.20260903T0940Z.att/thread_trace/simd3/kernel/rpf_v3/ui_output_agent_30343_dispatch_3523/se0_sm3_sl0_wv7.json
my_code/f4gemm_v21_moe_e96_t512_topk6_m7168_n3072.d01-3.20260903T0940Z.att/thread_trace/simd3/kernel/rpf_v3/ui_output_agent_30343_dispatch_3523/se0_sm3_sl0_wv8.json
my_code/f4gemm_v21_moe_e96_t512_topk6_m7168_n3072.d01-3.20260903T0940Z.att/thread_trace/simd3/kernel/rpf_v3/ui_output_agent_30343_dispatch_3523/se1_sm3_sl0_wv0.json
my_code/f4gemm_v21_moe_e96_t512_topk6_m7168_n3072.d01-3.20260903T0940Z.att/thread_trace/simd3/kernel/rpf_v3/ui_output_agent_30343_dispatch_3523/se1_sm3_sl0_wv1.json
my_code/f4gemm_v21_moe_e96_t512_topk6_m7168_n3072.d01-3.20260903T0940Z.att/thread_trace/simd3/kernel/rpf_v3/ui_output_agent_30343_dispatch_3523/se1_sm3_sl0_wv10.json
my_code/f4gemm_v21_moe_e96_t512_topk6_m7168_n3072.d01-3.20260903T0940Z.att/thread_trace/simd3/kernel/rpf_v3/ui_output_agent_30343_dispatch_3523/se1_sm3_sl0_wv11.json
my_code/f4gemm_v21_moe_e96_t512_topk6_m7168_n3072.d01-3.20260903T0940Z.att/thread_trace/simd3/kernel/rpf_v3/ui_output_agent_30343_dispatch_3523/se1_sm3_sl0_wv12.json
my_code/f4gemm_v21_moe_e96_t512_topk6_m7168_n3072.d01-3.20260903T0940Z.att/thread_trace/simd3/kernel/rpf_v3/ui_output_agent_30343_dispatch_3523/se1_sm3_sl0_wv13.json
my_code/f4gemm_v21_moe_e96_t512_topk6_m7168_n3072.d01-3.20260903T0940Z.att/thread_trace/simd3/kernel/rpf_v3/ui_output_agent_30343_dispatch_3523/se1_sm3_sl0_wv14.json
my_code/f4gemm_v21_moe_e96_t512_topk6_m7168_n3072.d01-3.20260903T0940Z.att/thread_trace/simd3/kernel/rpf_v3/ui_output_agent_30343_dispatch_3523/se1_sm3_sl0_wv15.json
my_code/f4gemm_v21_moe_e96_t512_topk6_m7168_n3072.d01-3.20260903T0940Z.att/thread_trace/simd3/kernel/rpf_v3/ui_output_agent_30343_dispatch_3523/se1_sm3_sl0_wv16.json
my_code/f4gemm_v21_moe_e96_t512_topk6_m7168_n3072.d01-3.20260903T0940Z.att/thread_trace/simd3/kernel/rpf_v3/ui_output_agent_30343_dispatch_3523/se1_sm3_sl0_wv17.json
my_code/f4gemm_v21_moe_e96_t512_topk6_m7168_n3072.d01-3.20260903T0940Z.att/thread_trace/simd3/kernel/rpf_v3/ui_output_agent_30343_dispatch_3523/se1_sm3_sl0_wv2.json
my_code/f4gemm_v21_moe_e96_t512_topk6_m7168_n3072.d01-3.20260903T0940Z.att/thread_trace/simd3/kernel/rpf_v3/ui_output_agent_30343_dispatch_3523/se1_sm3_sl0_wv3.json
my_code/f4gemm_v21_moe_e96_t512_topk6_m7168_n3072.d01-3.20260903T0940Z.att/thread_trace/simd3/kernel/rpf_v3/ui_output_agent_30343_dispatch_3523/se1_sm3_sl0_wv4.json
my_code/f4gemm_v21_moe_e96_t512_topk6_m7168_n3072.d01-3.20260903T0940Z.att/thread_trace/simd3/kernel/rpf_v3/ui_output_agent_30343_dispatch_3523/se1_sm3_sl0_wv5.json
my_code/f4gemm_v21_moe_e96_t512_topk6_m7168_n3072.d01-3.20260903T0940Z.att/thread_trace/simd3/kernel/rpf_v3/ui_output_agent_30343_dispatch_3523/se1_sm3_sl0_wv6.json
my_code/f4gemm_v21_moe_e96_t512_topk6_m7168_n3072.d01-3.20260903T0940Z.att/thread_trace/simd3/kernel/rpf_v3/ui_output_agent_30343_dispatch_3523/se1_sm3_sl0_wv7.json
my_code/f4gemm_v21_moe_e96_t512_topk6_m7168_n3072.d01-3.20260903T0940Z.att/thread_trace/simd3/kernel/rpf_v3/ui_output_agent_30343_dispatch_3523/se1_sm3_sl0_wv8.json
my_code/f4gemm_v21_moe_e96_t512_topk6_m7168_n3072.d01-3.20260903T0940Z.att/thread_trace/simd3/kernel/rpf_v3/ui_output_agent_30343_dispatch_3523/se1_sm3_sl0_wv9.json
my_code/f4gemm_v21_moe_e96_t512_topk6_m7168_n3072.d01-3.20260903T0940Z.att/thread_trace/simd3/kernel/rpf_v3/ui_output_agent_30343_dispatch_3523/se2_sm3_sl0_wv0.json
my_code/f4gemm_v21_moe_e96_t512_topk6_m7168_n3072.d01-3.20260903T0940Z.att/thread_trace/simd3/kernel/rpf_v3/ui_output_agent_30343_dispatch_3523/se2_sm3_sl0_wv1.json
my_code/f4gemm_v21_moe_e96_t512_topk6_m7168_n3072.d01-3.20260903T0940Z.att/thread_trace/simd3/kernel/rpf_v3/ui_output_agent_30343_dispatch_3523/se2_sm3_sl0_wv2.json
my_code/f4gemm_v21_moe_e96_t512_topk6_m7168_n3072.d01-3.20260903T0940Z.att/thread_trace/simd3/kernel/rpf_v3/ui_output_agent_30343_dispatch_3523/se2_sm3_sl0_wv3.json
my_code/f4gemm_v21_moe_e96_t512_topk6_m7168_n3072.d01-3.20260903T0940Z.att/thread_trace/simd3/kernel/rpf_v3/ui_output_agent_30343_dispatch_3523/se2_sm3_sl0_wv4.json
my_code/f4gemm_v21_moe_e96_t512_topk6_m7168_n3072.d01-3.20260903T0940Z.att/thread_trace/simd3/kernel/rpf_v3/ui_output_agent_30343_dispatch_3523/se2_sm3_sl0_wv5.json
my_code/f4gemm_v21_moe_e96_t512_topk6_m7168_n3072.d01-3.20260903T0940Z.att/thread_trace/simd3/kernel/rpf_v3/ui_output_agent_30343_dispatch_3523/se2_sm3_sl0_wv6.json
my_code/f4gemm_v21_moe_e96_t512_topk6_m7168_n3072.d01-3.20260903T0940Z.att/thread_trace/simd3/kernel/rpf_v3/ui_output_agent_30343_dispatch_3523/se2_sm3_sl0_wv7.json
my_code/f4gemm_v21_moe_e96_t512_topk6_m7168_n3072.d01-3.20260903T0940Z.att/thread_trace/simd3/kernel/rpf_v3/ui_output_agent_30343_dispatch_3523/se2_sm3_sl0_wv8.json
my_code/f4gemm_v21_moe_e96_t512_topk6_m7168_n3072.d01-3.20260903T0940Z.att/thread_trace/simd3/kernel/rpf_v3/ui_output_agent_30343_dispatch_3523/se3_sm3_sl0_wv0.json
my_code/f4gemm_v21_moe_e96_t512_topk6_m7168_n3072.d01-3.20260903T0940Z.att/thread_trace/simd3/kernel/rpf_v3/ui_output_agent_30343_dispatch_3523/se3_sm3_sl0_wv1.json
my_code/f4gemm_v21_moe_e96_t512_topk6_m7168_n3072.d01-3.20260903T0940Z.att/thread_trace/simd3/kernel/rpf_v3/ui_output_agent_30343_dispatch_3523/se3_sm3_sl0_wv2.json
my_code/f4gemm_v21_moe_e96_t512_topk6_m7168_n3072.d01-3.20260903T0940Z.att/thread_trace/simd3/kernel/rpf_v3/ui_output_agent_30343_dispatch_3523/se3_sm3_sl0_wv3.json
my_code/f4gemm_v21_moe_e96_t512_topk6_m7168_n3072.d01-3.20260903T0940Z.att/thread_trace/simd3/kernel/rpf_v3/ui_output_agent_30343_dispatch_3523/se3_sm3_sl0_wv4.json
my_code/f4gemm_v21_moe_e96_t512_topk6_m7168_n3072.d01-3.20260903T0940Z.att/thread_trace/simd3/kernel/rpf_v3/ui_output_agent_30343_dispatch_3523/se3_sm3_sl0_wv5.json
my_code/f4gemm_v21_moe_e96_t512_topk6_m7168_n3072.d01-3.20260903T0940Z.att/thread_trace/simd3/kernel/rpf_v3/ui_output_agent_30343_dispatch_3523/se3_sm3_sl0_wv6.json
my_code/f4gemm_v21_moe_e96_t512_topk6_m7168_n3072.d01-3.20260903T0940Z.att/thread_trace/simd3/kernel/rpf_v3/ui_output_agent_30343_dispatch_3523/se3_sm3_sl0_wv7.json
my_code/f4gemm_v21_moe_e96_t512_topk6_m7168_n3072.d01-3.20260903T0940Z.att/thread_trace/simd3/kernel/rpf_v3/ui_output_agent_30343_dispatch_3523/se3_sm3_sl0_wv8.json
my_code/f4gemm_v21_moe_e96_t512_topk6_m7168_n3072.d01-3.20260903T0940Z.att/thread_trace/simd3/kernel/rpf_v3/ui_output_agent_30343_dispatch_3523/se3_sm3_sl0_wv9.json
my_code/f4gemm_v21_moe_e96_t512_topk6_m7168_n3072.d01-3.20260903T0940Z.att/thread_trace/simd3/kernel/rpf_v3/ui_output_agent_30343_dispatch_3523/wstates1.json
my_code/f4gemm_v21_moe_e96_t512_topk6_m7168_n3072.d01-3.20260903T0940Z.att/thread_trace/simd3/kernel/rpf_v3/ui_output_agent_30343_dispatch_3523/wstates2.json
my_code/f4gemm_v21_moe_e96_t512_topk6_m7168_n3072.d01-3.20260903T0940Z.att/thread_trace/simd3/kernel/rpf_v3/ui_output_agent_30343_dispatch_3523/wstates3.json
my_code/f4gemm_v21_moe_e96_t512_topk6_m7168_n3072.d01-3.20260903T0940Z.att/thread_trace/simd3/kernel/rpf_v3/ui_output_agent_30343_dispatch_3523/wstates4.json
